scripts/test-simple-flow.ts(358,65): error TS2339: Property 'scenes' does not exist on type '{}'.
scripts/test-system-edge-trigger.ts(103,37): error TS2552: Cannot find name 'error'. Did you mean '_error'?
scripts/test-webhook-endpoint.ts(110,48): error TS2552: Cannot find name 'data'. Did you mean '_data'?
scripts/test-webhook-endpoint.ts(116,38): error TS2552: Cannot find name 'data'. Did you mean '_data'?
scripts/test-webhook-endpoint.ts(117,28): error TS2552: Cannot find name 'data'. Did you mean '_data'?
scripts/test-worker.ts(134,34): error TS18046: 'testInput' is of type 'unknown'.
scripts/test-worker.ts(141,41): error TS18046: 'testInput' is of type 'unknown'.
scripts/test-worker.ts(148,38): error TS18046: 'testInput' is of type 'unknown'.
scripts/test-worker.ts(170,33): error TS18046: 'testInput' is of type 'unknown'.
scripts/test-worker.ts(205,25): error TS7053: Element implicitly has an 'any' type because expression of type 'string' can't be used to index type '{}'.
  No index signature with a parameter of type 'string' was found on type '{}'.
scripts/tests/action-executor.property.test.ts(20,8): error TS2307: Cannot find module '../action-executor' or its corresponding type declarations.
scripts/tests/action-executor.test.ts(17,8): error TS2307: Cannot find module '../action-executor' or its corresponding type declarations.
scripts/tests/action-executor.test.ts(252,32): error TS7006: Parameter 'payload' implicitly has an 'any' type.
scripts/tests/action-executor.test.ts(286,29): error TS7006: Parameter 'payload' implicitly has an 'any' type.
scripts/tests/action-executor.test.ts(304,53): error TS2307: Cannot find module '../action-executor' or its corresponding type declarations.
scripts/tests/action-executor.test.ts(326,53): error TS2307: Cannot find module '../action-executor' or its corresponding type declarations.
scripts/tests/action-executor.test.ts(348,53): error TS2307: Cannot find module '../action-executor' or its corresponding type declarations.
scripts/tests/action-executor.test.ts(370,53): error TS2307: Cannot find module '../action-executor' or its corresponding type declarations.
scripts/tests/action-executor.test.ts(394,53): error TS2307: Cannot find module '../action-executor' or its corresponding type declarations.
scripts/tests/action-executor.test.ts(419,53): error TS2307: Cannot find module '../action-executor' or its corresponding type declarations.
scripts/tests/action-executor.test.ts(444,53): error TS2307: Cannot find module '../action-executor' or its corresponding type declarations.
scripts/tests/action-executor.test.ts(472,53): error TS2307: Cannot find module '../action-executor' or its corresponding type declarations.
scripts/tests/action-executor.test.ts(500,53): error TS2307: Cannot find module '../action-executor' or its corresponding type declarations.
scripts/tests/action-executor.test.ts(531,53): error TS2307: Cannot find module '../action-executor' or its corresponding type declarations.
scripts/tests/action-executor.test.ts(562,53): error TS2307: Cannot find module '../action-executor' or its corresponding type declarations.
scripts/tests/action-executor.test.ts(593,53): error TS2307: Cannot find module '../action-executor' or its corresponding type declarations.
scripts/tests/action-executor.test.ts(624,53): error TS2307: Cannot find module '../action-executor' or its corresponding type declarations.
scripts/tests/action-executor.test.ts(664,52): error TS2307: Cannot find module '../action-executor' or its corresponding type declarations.
scripts/tests/action-executor.test.ts(695,50): error TS2307: Cannot find module '../action-executor' or its corresponding type declarations.
scripts/tests/action-executor.test.ts(709,48): error TS2307: Cannot find module '../action-executor' or its corresponding type declarations.
scripts/tests/action-executor.test.ts(722,57): error TS2307: Cannot find module '../action-executor' or its corresponding type declarations.
scripts/tests/action-executor.test.ts(732,57): error TS2307: Cannot find module '../action-executor' or its corresponding type declarations.
scripts/tests/action-executor.test.ts(741,57): error TS2307: Cannot find module '../action-executor' or its corresponding type declarations.
scripts/tests/action-executor.test.ts(767,27): error TS7006: Parameter 'payload' implicitly has an 'any' type.
scripts/tests/action-executor.test.ts(782,65): error TS2307: Cannot find module '../action-executor' or its corresponding type declarations.
scripts/tests/action-executor.test.ts(803,65): error TS2307: Cannot find module '../action-executor' or its corresponding type declarations.
scripts/tests/action-executor.test.ts(815,65): error TS2307: Cannot find module '../action-executor' or its corresponding type declarations.
scripts/tests/action-executor.test.ts(827,65): error TS2307: Cannot find module '../action-executor' or its corresponding type declarations.
scripts/tests/action-executor.test.ts(839,65): error TS2307: Cannot find module '../action-executor' or its corresponding type declarations.
scripts/tests/action-executor.test.ts(853,62): error TS2307: Cannot find module '../action-executor' or its corresponding type declarations.
scripts/tests/action-executor.test.ts(865,62): error TS2307: Cannot find module '../action-executor' or its corresponding type declarations.
scripts/tests/action-executor.test.ts(877,62): error TS2307: Cannot find module '../action-executor' or its corresponding type declarations.
scripts/tests/action-executor.test.ts(891,57): error TS2307: Cannot find module '../action-executor' or its corresponding type declarations.
scripts/tests/action-executor.test.ts(902,57): error TS2307: Cannot find module '../action-executor' or its corresponding type declarations.
scripts/tests/action-executor.test.ts(913,57): error TS2307: Cannot find module '../action-executor' or its corresponding type declarations.
scripts/tests/action-executor.test.ts(924,57): error TS2307: Cannot find module '../action-executor' or its corresponding type declarations.
scripts/tests/action-executor.test.ts(936,57): error TS2307: Cannot find module '../action-executor' or its corresponding type declarations.
scripts/tests/action-executor.test.ts(940,9): error TS18046: 'response' is of type 'unknown'.
scripts/tests/action-executor.test.ts(947,57): error TS2307: Cannot find module '../action-executor' or its corresponding type declarations.
scripts/tests/action-executor.test.ts(959,57): error TS2307: Cannot find module '../action-executor' or its corresponding type declarations.
scripts/tests/AIAssistantIntegration.test.tsx(13,36): error TS2307: Cannot find module '../BMCCanvas' or its corresponding type declarations.
scripts/tests/AIAssistantIntegration.test.tsx(22,41): error TS2307: Cannot find module '../WorkflowCanvas' or its corresponding type declarations.
scripts/tests/AIAssistantIntegration.test.tsx(31,38): error TS2307: Cannot find module '../../panels/AIAssistantPanel' or its corresponding type declarations.
scripts/tests/animation-config.test.ts(19,8): error TS2307: Cannot find module '../animation-config' or its corresponding type declarations.
scripts/tests/AnimationSynchronization.test.tsx(16,8): error TS2307: Cannot find module '../../../lib/canvas/animation-config' or its corresponding type declarations.
scripts/tests/auto-layout.test.ts(8,28): error TS2307: Cannot find module '../auto-layout' or its corresponding type declarations.
scripts/tests/auto-layout.test.ts(63,24): error TS7006: Parameter 'n' implicitly has an 'any' type.
scripts/tests/auto-layout.test.ts(64,24): error TS7006: Parameter 'n' implicitly has an 'any' type.
scripts/tests/auto-layout.test.ts(65,24): error TS7006: Parameter 'n' implicitly has an 'any' type.
scripts/tests/auto-layout.test.ts(68,24): error TS7006: Parameter 'n' implicitly has an 'any' type.
scripts/tests/auto-layout.test.ts(69,24): error TS7006: Parameter 'n' implicitly has an 'any' type.
scripts/tests/auto-layout.test.ts(70,24): error TS7006: Parameter 'n' implicitly has an 'any' type.
scripts/tests/auto-layout.test.ts(103,24): error TS7006: Parameter 'n' implicitly has an 'any' type.
scripts/tests/auto-layout.test.ts(104,24): error TS7006: Parameter 'n' implicitly has an 'any' type.
scripts/tests/auto-layout.test.ts(107,24): error TS7006: Parameter 'n' implicitly has an 'any' type.
scripts/tests/auto-layout.test.ts(108,24): error TS7006: Parameter 'n' implicitly has an 'any' type.
scripts/tests/auto-layout.test.ts(110,28): error TS7006: Parameter 'n' implicitly has an 'any' type.
scripts/tests/auto-layout.test.ts(111,28): error TS7006: Parameter 'n' implicitly has an 'any' type.
scripts/tests/auto-layout.test.ts(156,24): error TS7006: Parameter 'n' implicitly has an 'any' type.
scripts/tests/auto-layout.test.ts(159,24): error TS7006: Parameter 'n' implicitly has an 'any' type.
scripts/tests/auto-layout.test.ts(160,24): error TS7006: Parameter 'n' implicitly has an 'any' type.
scripts/tests/auto-layout.test.ts(163,24): error TS7006: Parameter 'n' implicitly has an 'any' type.
scripts/tests/auto-layout.test.ts(185,34): error TS7006: Parameter 'n' implicitly has an 'any' type.
scripts/tests/auto-layout.test.ts(246,24): error TS7006: Parameter 'n' implicitly has an 'any' type.
scripts/tests/auto-layout.test.ts(247,24): error TS7006: Parameter 'n' implicitly has an 'any' type.
scripts/tests/auto-layout.test.ts(248,24): error TS7006: Parameter 'n' implicitly has an 'any' type.
scripts/tests/auto-layout.test.ts(273,24): error TS7006: Parameter 'n' implicitly has an 'any' type.
scripts/tests/auto-layout.test.ts(276,24): error TS7006: Parameter 'n' implicitly has an 'any' type.
scripts/tests/auto-layout.test.ts(279,24): error TS7006: Parameter 'n' implicitly has an 'any' type.
scripts/tests/auto-layout.test.ts(282,24): error TS7006: Parameter 'n' implicitly has an 'any' type.
scripts/tests/BMCCanvas.test.tsx(13,32): error TS2307: Cannot find module '../utils' or its corresponding type declarations.
scripts/tests/BMCCanvas.test.tsx(38,61): error TS18046: 'node' is of type 'unknown'.
scripts/tests/calculations.property.test.ts(17,8): error TS2307: Cannot find module '../calculations' or its corresponding type declarations.
scripts/tests/calculations.property.test.ts(18,33): error TS2307: Cannot find module '../calculations' or its corresponding type declarations.
scripts/tests/calculations.property.test.ts(254,46): error TS7006: Parameter 'sum' implicitly has an 'any' type.
scripts/tests/calculations.property.test.ts(254,51): error TS7006: Parameter 'plan' implicitly has an 'any' type.
scripts/tests/calculations.property.test.ts(259,51): error TS7006: Parameter 'sum' implicitly has an 'any' type.
scripts/tests/calculations.property.test.ts(259,56): error TS7006: Parameter 'plan' implicitly has an 'any' type.
scripts/tests/calculations.property.test.ts(260,47): error TS7006: Parameter 'sum' implicitly has an 'any' type.
scripts/tests/calculations.property.test.ts(260,52): error TS7006: Parameter 'plan' implicitly has an 'any' type.
scripts/tests/checks.test.ts(14,8): error TS2307: Cannot find module '../checks' or its corresponding type declarations.
scripts/tests/checks.test.ts(15,36): error TS2307: Cannot find module '../../supabase/server' or its corresponding type declarations.
scripts/tests/checks.test.ts(390,28): error TS7006: Parameter 'e' implicitly has an 'any' type.
scripts/tests/checks.test.ts(391,28): error TS7006: Parameter 'e' implicitly has an 'any' type.
scripts/tests/checks.test.ts(448,42): error TS7006: Parameter 'e' implicitly has an 'any' type.
scripts/tests/checks.test.ts(471,52): error TS2307: Cannot find module '../checks' or its corresponding type declarations.
scripts/tests/checks.test.ts(487,49): error TS2307: Cannot find module '../checks' or its corresponding type declarations.
scripts/tests/claude.property.test.ts(7,30): error TS2307: Cannot find module '../claude' or its corresponding type declarations.
scripts/tests/claude.property.test.ts(11,1): error TS2304: Cannot find name 'vi'.
scripts/tests/claude.property.test.ts(13,1): error TS2582: Cannot find name 'describe'. Do you need to install type definitions for a test runner? Try `npm i --save-dev @types/jest` or `npm i --save-dev @types/mocha`.
scripts/tests/claude.property.test.ts(16,3): error TS2304: Cannot find name 'beforeEach'.
scripts/tests/claude.property.test.ts(28,5): error TS2304: Cannot find name 'vi'.
scripts/tests/claude.property.test.ts(31,3): error TS2304: Cannot find name 'afterEach'.
scripts/tests/claude.property.test.ts(36,3): error TS2582: Cannot find name 'it'. Do you need to install type definitions for a test runner? Try `npm i --save-dev @types/jest` or `npm i --save-dev @types/mocha`.
scripts/tests/claude.property.test.ts(55,30): error TS2304: Cannot find name 'vi'.
scripts/tests/claude.property.test.ts(65,68): error TS2304: Cannot find name 'Mock'.
scripts/tests/claude.property.test.ts(67,13): error TS2571: Object is of type 'unknown'.
scripts/tests/claude.property.test.ts(73,11): error TS2322: Type 'unknown' is not assignable to type '{ (input: URL | RequestInfo, init?: RequestInit | undefined): Promise<Response>; (input: string | URL | Request, init?: RequestInit | undefined): Promise<...>; }'.
scripts/tests/claude.property.test.ts(73,26): error TS2304: Cannot find name 'vi'.
scripts/tests/claude.property.test.ts(82,11): error TS2304: Cannot find name 'expect'.
scripts/tests/claude.property.test.ts(83,46): error TS2304: Cannot find name 'Mock'.
scripts/tests/claude.property.test.ts(86,11): error TS2304: Cannot find name 'expect'.
scripts/tests/claude.property.test.ts(87,11): error TS2304: Cannot find name 'expect'.
scripts/tests/claude.property.test.ts(88,11): error TS2304: Cannot find name 'expect'.
scripts/tests/claude.property.test.ts(89,11): error TS2304: Cannot find name 'expect'.
scripts/tests/claude.property.test.ts(93,13): error TS2304: Cannot find name 'expect'.
scripts/tests/claude.property.test.ts(94,13): error TS2304: Cannot find name 'expect'.
scripts/tests/claude.property.test.ts(95,13): error TS2304: Cannot find name 'expect'.
scripts/tests/claude.property.test.ts(96,13): error TS2304: Cannot find name 'expect'.
scripts/tests/claude.property.test.ts(97,13): error TS2304: Cannot find name 'expect'.
scripts/tests/claude.property.test.ts(98,13): error TS2304: Cannot find name 'expect'.
scripts/tests/claude.property.test.ts(107,3): error TS2582: Cannot find name 'it'. Do you need to install type definitions for a test runner? Try `npm i --save-dev @types/jest` or `npm i --save-dev @types/mocha`.
scripts/tests/claude.property.test.ts(128,30): error TS2304: Cannot find name 'vi'.
scripts/tests/claude.property.test.ts(138,68): error TS2304: Cannot find name 'Mock'.
scripts/tests/claude.property.test.ts(140,13): error TS2571: Object is of type 'unknown'.
scripts/tests/claude.property.test.ts(146,11): error TS2322: Type 'unknown' is not assignable to type '{ (input: URL | RequestInfo, init?: RequestInit | undefined): Promise<Response>; (input: string | URL | Request, init?: RequestInit | undefined): Promise<...>; }'.
scripts/tests/claude.property.test.ts(146,26): error TS2304: Cannot find name 'vi'.
scripts/tests/claude.property.test.ts(155,11): error TS2304: Cannot find name 'expect'.
scripts/tests/claude.property.test.ts(156,46): error TS2304: Cannot find name 'Mock'.
scripts/tests/claude.property.test.ts(159,11): error TS2304: Cannot find name 'expect'.
scripts/tests/claude.property.test.ts(160,11): error TS2304: Cannot find name 'expect'.
scripts/tests/claude.property.test.ts(161,11): error TS2304: Cannot find name 'expect'.
scripts/tests/collector-race-condition.test.ts(7,35): error TS2307: Cannot find module '../collector' or its corresponding type declarations.
scripts/tests/collector-race-condition.test.ts(18,1): error TS2582: Cannot find name 'describe'. Do you need to install type definitions for a test runner? Try `npm i --save-dev @types/jest` or `npm i --save-dev @types/mocha`.
scripts/tests/collector-race-condition.test.ts(22,3): error TS2304: Cannot find name 'beforeEach'.
scripts/tests/collector-race-condition.test.ts(46,3): error TS2304: Cannot find name 'afterEach'.
scripts/tests/collector-race-condition.test.ts(56,3): error TS2582: Cannot find name 'it'. Do you need to install type definitions for a test runner? Try `npm i --save-dev @types/jest` or `npm i --save-dev @types/mocha`.
scripts/tests/collector-race-condition.test.ts(68,5): error TS2304: Cannot find name 'expect'.
scripts/tests/collector-race-condition.test.ts(69,5): error TS2304: Cannot find name 'expect'.
scripts/tests/collector-race-condition.test.ts(70,5): error TS2304: Cannot find name 'expect'.
scripts/tests/collector-race-condition.test.ts(73,3): error TS2582: Cannot find name 'it'. Do you need to install type definitions for a test runner? Try `npm i --save-dev @types/jest` or `npm i --save-dev @types/mocha`.
scripts/tests/collector-race-condition.test.ts(89,5): error TS2304: Cannot find name 'expect'.
scripts/tests/collector-race-condition.test.ts(90,5): error TS2304: Cannot find name 'expect'.
scripts/tests/collector-race-condition.test.ts(91,5): error TS2304: Cannot find name 'expect'.
scripts/tests/collector-race-condition.test.ts(94,3): error TS2582: Cannot find name 'it'. Do you need to install type definitions for a test runner? Try `npm i --save-dev @types/jest` or `npm i --save-dev @types/mocha`.
scripts/tests/collector-race-condition.test.ts(114,5): error TS2304: Cannot find name 'expect'.
scripts/tests/collector-race-condition.test.ts(115,5): error TS2304: Cannot find name 'expect'.
scripts/tests/collector-race-condition.test.ts(116,5): error TS2304: Cannot find name 'expect'.
scripts/tests/collector-race-condition.test.ts(117,5): error TS2304: Cannot find name 'expect'.
scripts/tests/collector-race-condition.test.ts(120,3): error TS2582: Cannot find name 'it'. Do you need to install type definitions for a test runner? Try `npm i --save-dev @types/jest` or `npm i --save-dev @types/mocha`.
scripts/tests/collector-race-condition.test.ts(131,5): error TS2304: Cannot find name 'expect'.
scripts/tests/collector-race-condition.test.ts(132,5): error TS2304: Cannot find name 'expect'.
scripts/tests/collector-race-condition.test.ts(142,5): error TS2304: Cannot find name 'expect'.
scripts/tests/collector-race-condition.test.ts(143,5): error TS2304: Cannot find name 'expect'.
scripts/tests/collector-race-condition.test.ts(154,5): error TS2304: Cannot find name 'expect'.
scripts/tests/collector-race-condition.test.ts(155,5): error TS2304: Cannot find name 'expect'.
scripts/tests/collector-race-condition.test.ts(156,5): error TS2304: Cannot find name 'expect'.
scripts/tests/collector-race-condition.test.ts(159,3): error TS2582: Cannot find name 'it'. Do you need to install type definitions for a test runner? Try `npm i --save-dev @types/jest` or `npm i --save-dev @types/mocha`.
scripts/tests/collector-race-condition.test.ts(168,5): error TS2304: Cannot find name 'expect'.
scripts/tests/collector-race-condition.test.ts(180,5): error TS2304: Cannot find name 'expect'.
scripts/tests/collector-race-condition.test.ts(193,5): error TS2304: Cannot find name 'expect'.
scripts/tests/collector.property.test.ts(14,8): error TS2307: Cannot find module '../collector' or its corresponding type declarations.
scripts/tests/compile-inbound-edges.spec.ts(9,44): error TS2741: Property 'label' is missing in type '{}' but required in type '{ [key: string]: unknown; label: string; worker_type?: string | undefined; config?: Record<string, unknown> | undefined; inputs?: Record<string, InputSchema> | undefined; outputs?: Record<...> | undefined; entityMovement?: EntityMovementConfig | undefined; }'.
scripts/tests/compile-inbound-edges.spec.ts(10,44): error TS2741: Property 'label' is missing in type '{}' but required in type '{ [key: string]: unknown; label: string; worker_type?: string | undefined; config?: Record<string, unknown> | undefined; inputs?: Record<string, InputSchema> | undefined; outputs?: Record<...> | undefined; entityMovement?: EntityMovementConfig | undefined; }'.
scripts/tests/compile-inbound-edges.spec.ts(11,47): error TS2741: Property 'label' is missing in type '{}' but required in type '{ [key: string]: unknown; label: string; worker_type?: string | undefined; config?: Record<string, unknown> | undefined; inputs?: Record<string, InputSchema> | undefined; outputs?: Record<...> | undefined; entityMovement?: EntityMovementConfig | undefined; }'.
scripts/tests/compile-inbound-edges.spec.ts(43,48): error TS2741: Property 'label' is missing in type '{}' but required in type '{ [key: string]: unknown; label: string; worker_type?: string | undefined; config?: Record<string, unknown> | undefined; inputs?: Record<string, InputSchema> | undefined; outputs?: Record<...> | undefined; entityMovement?: EntityMovementConfig | undefined; }'.
scripts/tests/compile-inbound-edges.spec.ts(44,50): error TS2741: Property 'label' is missing in type '{}' but required in type '{ [key: string]: unknown; label: string; worker_type?: string | undefined; config?: Record<string, unknown> | undefined; inputs?: Record<string, InputSchema> | undefined; outputs?: Record<...> | undefined; entityMovement?: EntityMovementConfig | undefined; }'.
scripts/tests/compile-inbound-edges.spec.ts(45,53): error TS2741: Property 'label' is missing in type '{}' but required in type '{ [key: string]: unknown; label: string; worker_type?: string | undefined; config?: Record<string, unknown> | undefined; inputs?: Record<string, InputSchema> | undefined; outputs?: Record<...> | undefined; entityMovement?: EntityMovementConfig | undefined; }'.
scripts/tests/compile-oeg.property.test.ts(10,30): error TS2307: Cannot find module '../compile-oeg' or its corresponding type declarations.
scripts/tests/compile-oeg.test.ts(8,30): error TS2307: Cannot find module '../compile-oeg' or its corresponding type declarations.
scripts/tests/compile-system-edges.test.ts(7,30): error TS2307: Cannot find module '../compile-oeg' or its corresponding type declarations.
scripts/tests/config.test.ts(7,43): error TS2307: Cannot find module '../config' or its corresponding type declarations.
scripts/tests/config.test.ts(9,1): error TS2582: Cannot find name 'describe'. Do you need to install type definitions for a test runner? Try `npm i --save-dev @types/jest` or `npm i --save-dev @types/mocha`.
scripts/tests/config.test.ts(13,3): error TS2304: Cannot find name 'afterEach'.
scripts/tests/config.test.ts(18,3): error TS2582: Cannot find name 'describe'. Do you need to install type definitions for a test runner? Try `npm i --save-dev @types/jest` or `npm i --save-dev @types/mocha`.
scripts/tests/config.test.ts(19,5): error TS2582: Cannot find name 'it'. Do you need to install type definitions for a test runner? Try `npm i --save-dev @types/jest` or `npm i --save-dev @types/mocha`.
scripts/tests/config.test.ts(28,7): error TS2304: Cannot find name 'expect'.
scripts/tests/config.test.ts(31,5): error TS2582: Cannot find name 'it'. Do you need to install type definitions for a test runner? Try `npm i --save-dev @types/jest` or `npm i --save-dev @types/mocha`.
scripts/tests/config.test.ts(38,7): error TS2304: Cannot find name 'expect'.
scripts/tests/config.test.ts(41,5): error TS2582: Cannot find name 'it'. Do you need to install type definitions for a test runner? Try `npm i --save-dev @types/jest` or `npm i --save-dev @types/mocha`.
scripts/tests/config.test.ts(49,7): error TS2304: Cannot find name 'expect'.
scripts/tests/config.test.ts(52,5): error TS2582: Cannot find name 'it'. Do you need to install type definitions for a test runner? Try `npm i --save-dev @types/jest` or `npm i --save-dev @types/mocha`.
scripts/tests/config.test.ts(59,7): error TS2304: Cannot find name 'expect'.
scripts/tests/config.test.ts(62,5): error TS2582: Cannot find name 'it'. Do you need to install type definitions for a test runner? Try `npm i --save-dev @types/jest` or `npm i --save-dev @types/mocha`.
scripts/tests/config.test.ts(69,7): error TS2304: Cannot find name 'expect'.
scripts/tests/config.test.ts(72,5): error TS2582: Cannot find name 'it'. Do you need to install type definitions for a test runner? Try `npm i --save-dev @types/jest` or `npm i --save-dev @types/mocha`.
scripts/tests/config.test.ts(87,7): error TS2304: Cannot find name 'expect'.
scripts/tests/config.test.ts(105,3): error TS2582: Cannot find name 'describe'. Do you need to install type definitions for a test runner? Try `npm i --save-dev @types/jest` or `npm i --save-dev @types/mocha`.
scripts/tests/config.test.ts(106,5): error TS2582: Cannot find name 'it'. Do you need to install type definitions for a test runner? Try `npm i --save-dev @types/jest` or `npm i --save-dev @types/mocha`.
scripts/tests/config.test.ts(115,7): error TS2304: Cannot find name 'expect'.
scripts/tests/config.test.ts(116,7): error TS2304: Cannot find name 'expect'.
scripts/tests/config.test.ts(117,7): error TS2304: Cannot find name 'expect'.
scripts/tests/config.test.ts(120,5): error TS2582: Cannot find name 'it'. Do you need to install type definitions for a test runner? Try `npm i --save-dev @types/jest` or `npm i --save-dev @types/mocha`.
scripts/tests/config.test.ts(128,7): error TS2304: Cannot find name 'expect'.
scripts/tests/config.test.ts(129,7): error TS2304: Cannot find name 'expect'.
scripts/tests/context-builder.test.ts(20,8): error TS2307: Cannot find module '../context-builder' or its corresponding type declarations.
scripts/tests/context-builder.test.ts(378,38): error TS7006: Parameter 'w' implicitly has an 'any' type.
scripts/tests/context-builder.test.ts(388,24): error TS7006: Parameter 'worker' implicitly has an 'any' type.
scripts/tests/context-builder.test.ts(400,36): error TS7006: Parameter 'w' implicitly has an 'any' type.
scripts/tests/context-builder.test.ts(411,36): error TS7006: Parameter 'w' implicitly has an 'any' type.
scripts/tests/context-builder.test.ts(534,36): error TS7006: Parameter 'w' implicitly has an 'any' type.
scripts/tests/context-builder.test.ts(535,36): error TS7006: Parameter 'w' implicitly has an 'any' type.
scripts/tests/cost-config.test.ts(13,8): error TS2307: Cannot find module '../cost-config' or its corresponding type declarations.
scripts/tests/cost-config.test.ts(115,25): error TS7006: Parameter 'item' implicitly has an 'any' type.
scripts/tests/create-workflow-integration.test.ts(9,61): error TS2307: Cannot find module '../action-executor' or its corresponding type declarations.
scripts/tests/create-workflow-integration.test.ts(12,1): error TS2582: Cannot find name 'describe'. Do you need to install type definitions for a test runner? Try `npm i --save-dev @types/jest` or `npm i --save-dev @types/mocha`.
scripts/tests/create-workflow-integration.test.ts(17,3): error TS2304: Cannot find name 'beforeEach'.
scripts/tests/create-workflow-integration.test.ts(29,3): error TS2582: Cannot find name 'it'. Do you need to install type definitions for a test runner? Try `npm i --save-dev @types/jest` or `npm i --save-dev @types/mocha`.
scripts/tests/create-workflow-integration.test.ts(51,5): error TS2304: Cannot find name 'expect'.
scripts/tests/create-workflow-integration.test.ts(52,5): error TS2304: Cannot find name 'expect'.
scripts/tests/create-workflow-integration.test.ts(53,5): error TS2304: Cannot find name 'expect'.
scripts/tests/create-workflow-integration.test.ts(54,5): error TS2304: Cannot find name 'expect'.
scripts/tests/create-workflow-integration.test.ts(58,5): error TS2304: Cannot find name 'expect'.
scripts/tests/create-workflow-integration.test.ts(59,5): error TS2304: Cannot find name 'expect'.
scripts/tests/create-workflow-integration.test.ts(62,3): error TS2582: Cannot find name 'it'. Do you need to install type definitions for a test runner? Try `npm i --save-dev @types/jest` or `npm i --save-dev @types/mocha`.
scripts/tests/create-workflow-integration.test.ts(102,5): error TS2304: Cannot find name 'expect'.
scripts/tests/create-workflow-integration.test.ts(103,5): error TS2304: Cannot find name 'expect'.
scripts/tests/create-workflow-integration.test.ts(104,5): error TS2304: Cannot find name 'expect'.
scripts/tests/create-workflow-integration.test.ts(108,5): error TS2304: Cannot find name 'expect'.
scripts/tests/create-workflow-integration.test.ts(109,5): error TS2304: Cannot find name 'expect'.
scripts/tests/create-workflow-integration.test.ts(112,3): error TS2582: Cannot find name 'it'. Do you need to install type definitions for a test runner? Try `npm i --save-dev @types/jest` or `npm i --save-dev @types/mocha`.
scripts/tests/create-workflow-integration.test.ts(173,5): error TS2304: Cannot find name 'expect'.
scripts/tests/create-workflow-integration.test.ts(174,5): error TS2304: Cannot find name 'expect'.
scripts/tests/create-workflow-integration.test.ts(177,49): error TS7006: Parameter 'n' implicitly has an 'any' type.
scripts/tests/create-workflow-integration.test.ts(178,5): error TS2304: Cannot find name 'expect'.
scripts/tests/create-workflow-integration.test.ts(179,5): error TS2304: Cannot find name 'expect'.
scripts/tests/create-workflow-integration.test.ts(180,5): error TS2304: Cannot find name 'expect'.
scripts/tests/create-workflow-integration.test.ts(181,5): error TS2304: Cannot find name 'expect'.
scripts/tests/create-workflow-integration.test.ts(184,3): error TS2582: Cannot find name 'it'. Do you need to install type definitions for a test runner? Try `npm i --save-dev @types/jest` or `npm i --save-dev @types/mocha`.
scripts/tests/create-workflow-integration.test.ts(255,5): error TS2304: Cannot find name 'expect'.
scripts/tests/create-workflow-integration.test.ts(256,5): error TS2304: Cannot find name 'expect'.
scripts/tests/create-workflow-integration.test.ts(257,5): error TS2304: Cannot find name 'expect'.
scripts/tests/create-workflow-integration.test.ts(260,49): error TS7006: Parameter 'n' implicitly has an 'any' type.
scripts/tests/create-workflow-integration.test.ts(261,5): error TS2304: Cannot find name 'expect'.
scripts/tests/create-workflow-integration.test.ts(262,5): error TS2304: Cannot find name 'expect'.
scripts/tests/create-workflow-integration.test.ts(263,5): error TS2304: Cannot find name 'expect'.
scripts/tests/create-workflow-integration.test.ts(264,5): error TS2304: Cannot find name 'expect'.
scripts/tests/default-bmc.property.test.ts(9,50): error TS2307: Cannot find module '../default-bmc' or its corresponding type declarations.
scripts/tests/default-bmc.property.test.ts(10,36): error TS2307: Cannot find module '../../supabase/server' or its corresponding type declarations.
scripts/tests/default-bmc.property.test.ts(11,34): error TS2307: Cannot find module '../../../types/stitch' or its corresponding type declarations.
scripts/tests/default-bmc.property.test.ts(67,10): error TS18046: 'node' is of type 'unknown'.
scripts/tests/default-bmc.property.test.ts(67,22): error TS18046: 'node' is of type 'unknown'.
scripts/tests/default-bmc.property.test.ts(67,36): error TS18046: 'node' is of type 'unknown'.
scripts/tests/default-bmc.property.test.ts(67,54): error TS18046: 'node' is of type 'unknown'.
scripts/tests/default-bmc.property.test.ts(72,16): error TS18046: 'node' is of type 'unknown'.
scripts/tests/default-bmc.property.test.ts(72,55): error TS18046: 'node' is of type 'unknown'.
scripts/tests/default-bmc.property.test.ts(79,10): error TS18046: 'edge' is of type 'unknown'.
scripts/tests/default-bmc.property.test.ts(79,22): error TS18046: 'edge' is of type 'unknown'.
scripts/tests/default-bmc.property.test.ts(79,38): error TS18046: 'edge' is of type 'unknown'.
scripts/tests/default-bmc.property.test.ts(84,48): error TS18046: 'n' is of type 'unknown'.
scripts/tests/default-bmc.property.test.ts(84,57): error TS18046: 'edge' is of type 'unknown'.
scripts/tests/default-bmc.property.test.ts(85,48): error TS18046: 'n' is of type 'unknown'.
scripts/tests/default-bmc.property.test.ts(85,57): error TS18046: 'edge' is of type 'unknown'.
scripts/tests/default-bmc.property.test.ts(99,1): error TS2582: Cannot find name 'describe'. Do you need to install type definitions for a test runner? Try `npm i --save-dev @types/jest` or `npm i --save-dev @types/mocha`.
scripts/tests/default-bmc.property.test.ts(100,3): error TS2582: Cannot find name 'describe'. Do you need to install type definitions for a test runner? Try `npm i --save-dev @types/jest` or `npm i --save-dev @types/mocha`.
scripts/tests/default-bmc.property.test.ts(101,5): error TS2582: Cannot find name 'it'. Do you need to install type definitions for a test runner? Try `npm i --save-dev @types/jest` or `npm i --save-dev @types/mocha`.
scripts/tests/default-bmc.property.test.ts(110,53): error TS7006: Parameter 'n' implicitly has an 'any' type.
scripts/tests/default-bmc.property.test.ts(113,13): error TS2304: Cannot find name 'expect'.
scripts/tests/default-bmc.property.test.ts(117,15): error TS2304: Cannot find name 'expect'.
scripts/tests/default-bmc.property.test.ts(121,13): error TS2304: Cannot find name 'expect'.
scripts/tests/default-bmc.property.test.ts(125,15): error TS2304: Cannot find name 'expect'.
scripts/tests/default-bmc.property.test.ts(126,15): error TS2304: Cannot find name 'expect'.
scripts/tests/default-bmc.property.test.ts(127,15): error TS2304: Cannot find name 'expect'.
scripts/tests/default-bmc.property.test.ts(128,15): error TS2304: Cannot find name 'expect'.
scripts/tests/default-bmc.property.test.ts(132,45): error TS7006: Parameter 'n' implicitly has an 'any' type.
scripts/tests/default-bmc.property.test.ts(134,13): error TS2304: Cannot find name 'expect'.
scripts/tests/default-bmc.property.test.ts(137,45): error TS7006: Parameter 'e' implicitly has an 'any' type.
scripts/tests/default-bmc.property.test.ts(139,13): error TS2304: Cannot find name 'expect'.
scripts/tests/default-bmc.property.test.ts(147,3): error TS2582: Cannot find name 'describe'. Do you need to install type definitions for a test runner? Try `npm i --save-dev @types/jest` or `npm i --save-dev @types/mocha`.
scripts/tests/default-bmc.property.test.ts(148,5): error TS2582: Cannot find name 'it'. Do you need to install type definitions for a test runner? Try `npm i --save-dev @types/jest` or `npm i --save-dev @types/mocha`.
scripts/tests/default-bmc.property.test.ts(157,53): error TS7006: Parameter 'n' implicitly has an 'any' type.
scripts/tests/default-bmc.property.test.ts(163,13): error TS2304: Cannot find name 'expect'.
scripts/tests/default-bmc.property.test.ts(169,13): error TS2304: Cannot find name 'expect'.
scripts/tests/default-bmc.property.test.ts(173,15): error TS2304: Cannot find name 'expect'.
scripts/tests/default-bmc.property.test.ts(178,15): error TS2304: Cannot find name 'expect'.
scripts/tests/default-bmc.property.test.ts(187,3): error TS2582: Cannot find name 'describe'. Do you need to install type definitions for a test runner? Try `npm i --save-dev @types/jest` or `npm i --save-dev @types/mocha`.
scripts/tests/default-bmc.property.test.ts(190,5): error TS2304: Cannot find name 'beforeEach'.
scripts/tests/default-bmc.property.test.ts(202,5): error TS2304: Cannot find name 'afterEach'.
scripts/tests/default-bmc.property.test.ts(213,5): error TS2582: Cannot find name 'it'. Do you need to install type definitions for a test runner? Try `npm i --save-dev @types/jest` or `npm i --save-dev @types/mocha`.
scripts/tests/default-bmc.property.test.ts(233,13): error TS2304: Cannot find name 'expect'.
scripts/tests/default-bmc.property.test.ts(243,13): error TS2304: Cannot find name 'expect'.
scripts/tests/default-bmc.property.test.ts(244,13): error TS2304: Cannot find name 'expect'.
scripts/tests/default-bmc.property.test.ts(245,13): error TS2304: Cannot find name 'expect'.
scripts/tests/default-bmc.property.test.ts(248,13): error TS2304: Cannot find name 'expect'.
scripts/tests/demo-data.test.ts(6,53): error TS2307: Cannot find module '../calculations' or its corresponding type declarations.
scripts/tests/demo-data.test.ts(18,20): error TS7006: Parameter 'point' implicitly has an 'any' type.
scripts/tests/demo-data.test.ts(29,20): error TS7006: Parameter 'point' implicitly has an 'any' type.
scripts/tests/demo-data.test.ts(44,53): error TS7006: Parameter 'sum' implicitly has an 'any' type.
scripts/tests/demo-data.test.ts(44,58): error TS7006: Parameter 'p' implicitly has an 'any' type.
scripts/tests/demo-data.test.ts(45,51): error TS7006: Parameter 'sum' implicitly has an 'any' type.
scripts/tests/demo-data.test.ts(45,56): error TS7006: Parameter 'p' implicitly has an 'any' type.
scripts/tests/demo-data.test.ts(54,20): error TS7006: Parameter 'point' implicitly has an 'any' type.
scripts/tests/demo-data.test.ts(64,20): error TS7006: Parameter 'point' implicitly has an 'any' type.
scripts/tests/demo-data.test.ts(89,24): error TS7006: Parameter 'point' implicitly has an 'any' type.
scripts/tests/demo-data.test.ts(101,24): error TS7006: Parameter 'point' implicitly has an 'any' type.
scripts/tests/demo-data.test.ts(122,24): error TS7006: Parameter 'point' implicitly has an 'any' type.
scripts/tests/demo-data.test.ts(135,24): error TS7006: Parameter 'point' implicitly has an 'any' type.
scripts/tests/elevenlabs.property.test.ts(7,34): error TS2307: Cannot find module '../elevenlabs' or its corresponding type declarations.
scripts/tests/elevenlabs.property.test.ts(10,1): error TS2304: Cannot find name 'vi'.
scripts/tests/elevenlabs.property.test.ts(11,23): error TS2304: Cannot find name 'vi'.
scripts/tests/elevenlabs.property.test.ts(13,13): error TS2304: Cannot find name 'vi'.
scripts/tests/elevenlabs.property.test.ts(14,17): error TS2304: Cannot find name 'vi'.
scripts/tests/elevenlabs.property.test.ts(15,23): error TS2304: Cannot find name 'vi'.
scripts/tests/elevenlabs.property.test.ts(21,1): error TS2582: Cannot find name 'describe'. Do you need to install type definitions for a test runner? Try `npm i --save-dev @types/jest` or `npm i --save-dev @types/mocha`.
scripts/tests/elevenlabs.property.test.ts(24,3): error TS2304: Cannot find name 'beforeEach'.
scripts/tests/elevenlabs.property.test.ts(36,5): error TS2304: Cannot find name 'vi'.
scripts/tests/elevenlabs.property.test.ts(39,3): error TS2304: Cannot find name 'afterEach'.
scripts/tests/elevenlabs.property.test.ts(44,3): error TS2582: Cannot find name 'it'. Do you need to install type definitions for a test runner? Try `npm i --save-dev @types/jest` or `npm i --save-dev @types/mocha`.
scripts/tests/elevenlabs.property.test.ts(57,11): error TS2322: Type 'unknown' is not assignable to type '{ (input: URL | RequestInfo, init?: RequestInit | undefined): Promise<Response>; (input: string | URL | Request, init?: RequestInit | undefined): Promise<...>; }'.
scripts/tests/elevenlabs.property.test.ts(57,26): error TS2304: Cannot find name 'vi'.
scripts/tests/elevenlabs.property.test.ts(74,30): error TS2304: Cannot find name 'vi'.
scripts/tests/elevenlabs.property.test.ts(78,36): error TS2304: Cannot find name 'vi'.
scripts/tests/elevenlabs.property.test.ts(82,34): error TS2304: Cannot find name 'Mock'.
scripts/tests/elevenlabs.property.test.ts(84,21): error TS2304: Cannot find name 'vi'.
scripts/tests/elevenlabs.property.test.ts(95,11): error TS2304: Cannot find name 'expect'.
scripts/tests/elevenlabs.property.test.ts(100,11): error TS2304: Cannot find name 'expect'.
scripts/tests/elevenlabs.property.test.ts(101,11): error TS2304: Cannot find name 'expect'.
scripts/tests/elevenlabs.property.test.ts(102,11): error TS2304: Cannot find name 'expect'.
scripts/tests/elevenlabs.property.test.ts(108,11): error TS2304: Cannot find name 'expect'.
scripts/tests/elevenlabs.property.test.ts(111,47): error TS2304: Cannot find name 'Mock'.
scripts/tests/elevenlabs.property.test.ts(112,48): error TS7006: Parameter 'call' implicitly has an 'any' type.
scripts/tests/elevenlabs.property.test.ts(113,11): error TS2304: Cannot find name 'expect'.
scripts/tests/elevenlabs.property.test.ts(116,11): error TS2304: Cannot find name 'expect'.
scripts/tests/elevenlabs.property.test.ts(117,11): error TS2304: Cannot find name 'expect'.
scripts/tests/elevenlabs.property.test.ts(118,11): error TS2304: Cannot find name 'expect'.
scripts/tests/elevenlabs.property.test.ts(126,3): error TS2582: Cannot find name 'it'. Do you need to install type definitions for a test runner? Try `npm i --save-dev @types/jest` or `npm i --save-dev @types/mocha`.
scripts/tests/elevenlabs.property.test.ts(139,11): error TS2322: Type 'unknown' is not assignable to type '{ (input: URL | RequestInfo, init?: RequestInit | undefined): Promise<Response>; (input: string | URL | Request, init?: RequestInit | undefined): Promise<...>; }'.
scripts/tests/elevenlabs.property.test.ts(139,26): error TS2304: Cannot find name 'vi'.
scripts/tests/elevenlabs.property.test.ts(156,30): error TS2304: Cannot find name 'vi'.
scripts/tests/elevenlabs.property.test.ts(161,34): error TS2304: Cannot find name 'Mock'.
scripts/tests/elevenlabs.property.test.ts(163,21): error TS2304: Cannot find name 'vi'.
scripts/tests/elevenlabs.property.test.ts(173,47): error TS2304: Cannot find name 'Mock'.
scripts/tests/elevenlabs.property.test.ts(174,48): error TS7006: Parameter 'call' implicitly has an 'any' type.
scripts/tests/elevenlabs.property.test.ts(175,11): error TS2304: Cannot find name 'expect'.
scripts/tests/elevenlabs.property.test.ts(178,11): error TS2304: Cannot find name 'expect'.
scripts/tests/elevenlabs.property.test.ts(179,11): error TS2304: Cannot find name 'expect'.
scripts/tests/elevenlabs.property.test.ts(180,11): error TS2304: Cannot find name 'expect'.
scripts/tests/elevenlabs.property.test.ts(181,11): error TS2304: Cannot find name 'expect'.
scripts/tests/elevenlabs.property.test.ts(189,3): error TS2582: Cannot find name 'it'. Do you need to install type definitions for a test runner? Try `npm i --save-dev @types/jest` or `npm i --save-dev @types/mocha`.
scripts/tests/elevenlabs.property.test.ts(201,11): error TS2322: Type 'unknown' is not assignable to type '{ (input: URL | RequestInfo, init?: RequestInit | undefined): Promise<Response>; (input: string | URL | Request, init?: RequestInit | undefined): Promise<...>; }'.
scripts/tests/elevenlabs.property.test.ts(201,26): error TS2304: Cannot find name 'vi'.
scripts/tests/elevenlabs.property.test.ts(218,30): error TS2304: Cannot find name 'vi'.
scripts/tests/elevenlabs.property.test.ts(222,36): error TS2304: Cannot find name 'vi'.
scripts/tests/elevenlabs.property.test.ts(226,34): error TS2304: Cannot find name 'Mock'.
scripts/tests/elevenlabs.property.test.ts(228,21): error TS2304: Cannot find name 'vi'.
scripts/tests/elevenlabs.property.test.ts(239,47): error TS2304: Cannot find name 'Mock'.
scripts/tests/elevenlabs.property.test.ts(240,48): error TS7006: Parameter 'call' implicitly has an 'any' type.
scripts/tests/elevenlabs.property.test.ts(241,11): error TS2304: Cannot find name 'expect'.
scripts/tests/elevenlabs.property.test.ts(244,11): error TS2304: Cannot find name 'expect'.
scripts/tests/elevenlabs.property.test.ts(245,11): error TS2304: Cannot find name 'expect'.
scripts/tests/elevenlabs.property.test.ts(246,11): error TS2304: Cannot find name 'expect'.
scripts/tests/elevenlabs.property.test.ts(247,11): error TS2304: Cannot find name 'expect'.
scripts/tests/end-to-end-workflows.test.ts(14,38): error TS2307: Cannot find module '../canvas/route' or its corresponding type declarations.
scripts/tests/end-to-end-workflows.test.ts(15,35): error TS2307: Cannot find module '../canvas/[id]/run/route' or its corresponding type declarations.
scripts/tests/end-to-end-workflows.test.ts(16,34): error TS2307: Cannot find module '../canvas/[id]/status/route' or its corresponding type declarations.
scripts/tests/end-to-end-workflows.test.ts(17,37): error TS2307: Cannot find module '../canvas/[id]/route' or its corresponding type declarations.
scripts/tests/end-to-end-workflows.test.ts(23,1): error TS2582: Cannot find name 'describe'. Do you need to install type definitions for a test runner? Try `npm i --save-dev @types/jest` or `npm i --save-dev @types/mocha`.
scripts/tests/end-to-end-workflows.test.ts(26,3): error TS2304: Cannot find name 'afterEach'.
scripts/tests/end-to-end-workflows.test.ts(38,3): error TS2582: Cannot find name 'describe'. Do you need to install type definitions for a test runner? Try `npm i --save-dev @types/jest` or `npm i --save-dev @types/mocha`.
scripts/tests/end-to-end-workflows.test.ts(39,5): error TS2582: Cannot find name 'it'. Do you need to install type definitions for a test runner? Try `npm i --save-dev @types/jest` or `npm i --save-dev @types/mocha`.
scripts/tests/end-to-end-workflows.test.ts(87,7): error TS2304: Cannot find name 'expect'.
scripts/tests/end-to-end-workflows.test.ts(90,7): error TS2304: Cannot find name 'expect'.
scripts/tests/end-to-end-workflows.test.ts(91,7): error TS2304: Cannot find name 'expect'.
scripts/tests/end-to-end-workflows.test.ts(108,7): error TS2304: Cannot find name 'expect'.
scripts/tests/end-to-end-workflows.test.ts(111,7): error TS2304: Cannot find name 'expect'.
scripts/tests/end-to-end-workflows.test.ts(112,7): error TS2304: Cannot find name 'expect'.
scripts/tests/end-to-end-workflows.test.ts(113,7): error TS2304: Cannot find name 'expect'.
scripts/tests/end-to-end-workflows.test.ts(114,7): error TS2304: Cannot find name 'expect'.
scripts/tests/end-to-end-workflows.test.ts(122,7): error TS2304: Cannot find name 'expect'.
scripts/tests/end-to-end-workflows.test.ts(125,7): error TS2304: Cannot find name 'expect'.
scripts/tests/end-to-end-workflows.test.ts(126,7): error TS2304: Cannot find name 'expect'.
scripts/tests/end-to-end-workflows.test.ts(127,7): error TS2304: Cannot find name 'expect'.
scripts/tests/end-to-end-workflows.test.ts(128,7): error TS2304: Cannot find name 'expect'.
scripts/tests/end-to-end-workflows.test.ts(131,7): error TS2304: Cannot find name 'expect'.
scripts/tests/end-to-end-workflows.test.ts(132,7): error TS2304: Cannot find name 'expect'.
scripts/tests/end-to-end-workflows.test.ts(135,5): error TS2582: Cannot find name 'it'. Do you need to install type definitions for a test runner? Try `npm i --save-dev @types/jest` or `npm i --save-dev @types/mocha`.
scripts/tests/end-to-end-workflows.test.ts(208,7): error TS2304: Cannot find name 'expect'.
scripts/tests/end-to-end-workflows.test.ts(209,7): error TS2304: Cannot find name 'expect'.
scripts/tests/end-to-end-workflows.test.ts(220,7): error TS2304: Cannot find name 'expect'.
scripts/tests/end-to-end-workflows.test.ts(224,3): error TS2582: Cannot find name 'describe'. Do you need to install type definitions for a test runner? Try `npm i --save-dev @types/jest` or `npm i --save-dev @types/mocha`.
scripts/tests/end-to-end-workflows.test.ts(225,5): error TS2582: Cannot find name 'it'. Do you need to install type definitions for a test runner? Try `npm i --save-dev @types/jest` or `npm i --save-dev @types/mocha`.
scripts/tests/end-to-end-workflows.test.ts(262,7): error TS2304: Cannot find name 'expect'.
scripts/tests/end-to-end-workflows.test.ts(263,7): error TS2304: Cannot find name 'expect'.
scripts/tests/end-to-end-workflows.test.ts(274,7): error TS2304: Cannot find name 'expect'.
scripts/tests/end-to-end-workflows.test.ts(275,7): error TS2304: Cannot find name 'expect'.
scripts/tests/end-to-end-workflows.test.ts(276,7): error TS2304: Cannot find name 'expect'.
scripts/tests/end-to-end-workflows.test.ts(284,7): error TS2304: Cannot find name 'expect'.
scripts/tests/end-to-end-workflows.test.ts(285,7): error TS2304: Cannot find name 'expect'.
scripts/tests/end-to-end-workflows.test.ts(286,7): error TS2304: Cannot find name 'expect'.
scripts/tests/end-to-end-workflows.test.ts(287,7): error TS2304: Cannot find name 'expect'.
scripts/tests/end-to-end-workflows.test.ts(290,5): error TS2582: Cannot find name 'it'. Do you need to install type definitions for a test runner? Try `npm i --save-dev @types/jest` or `npm i --save-dev @types/mocha`.
scripts/tests/end-to-end-workflows.test.ts(336,55): error TS2345: Argument of type '{ name: string; canvas: { nodes: ({ id: string; type: string; position: { x: number; y: number; }; data: { label: string; worker_type?: undefined; entityMovement?: undefined; }; } | { id: string; type: string; position: { ...; }; data: { ...; }; })[]; edges: { ...; }[]; }; }' is not assignable to parameter of type 'CreateWorkflowPayload'.
  The types of 'canvas.nodes' are incompatible between these types.
    Type '({ id: string; type: string; position: { x: number; y: number; }; data: { label: string; worker_type?: undefined; entityMovement?: undefined; }; } | { id: string; type: string; position: { x: number; y: number; }; data: { ...; }; })[]' is not assignable to type 'VisualNode[]'.
      Type '{ id: string; type: string; position: { x: number; y: number; }; data: { label: string; worker_type?: undefined; entityMovement?: undefined; }; } | { id: string; type: string; position: { x: number; y: number; }; data: { ...; }; }' is not assignable to type 'VisualNode'.
        Type '{ id: string; type: string; position: { x: number; y: number; }; data: { label: string; worker_type: string; entityMovement: { onSuccess: { targetSectionId: string; completeAs: string; setEntityType: string; }; onFailure: { ...; }; }; }; }' is not assignable to type 'VisualNode'.
          The types of 'data.entityMovement.onSuccess.completeAs' are incompatible between these types.
            Type 'string' is not assignable to type '"success" | "failure" | "neutral"'.
scripts/tests/end-to-end-workflows.test.ts(341,7): error TS2304: Cannot find name 'expect'.
scripts/tests/end-to-end-workflows.test.ts(342,7): error TS2304: Cannot find name 'expect'.
scripts/tests/end-to-end-workflows.test.ts(350,7): error TS2304: Cannot find name 'expect'.
scripts/tests/end-to-end-workflows.test.ts(351,7): error TS2304: Cannot find name 'expect'.
scripts/tests/end-to-end-workflows.test.ts(355,3): error TS2582: Cannot find name 'describe'. Do you need to install type definitions for a test runner? Try `npm i --save-dev @types/jest` or `npm i --save-dev @types/mocha`.
scripts/tests/end-to-end-workflows.test.ts(356,5): error TS2582: Cannot find name 'it'. Do you need to install type definitions for a test runner? Try `npm i --save-dev @types/jest` or `npm i --save-dev @types/mocha`.
scripts/tests/end-to-end-workflows.test.ts(372,7): error TS2304: Cannot find name 'expect'.
scripts/tests/end-to-end-workflows.test.ts(375,7): error TS2304: Cannot find name 'expect'.
scripts/tests/end-to-end-workflows.test.ts(376,7): error TS2304: Cannot find name 'expect'.
scripts/tests/end-to-end-workflows.test.ts(377,7): error TS2304: Cannot find name 'expect'.
scripts/tests/end-to-end-workflows.test.ts(393,7): error TS2304: Cannot find name 'expect'.
scripts/tests/end-to-end-workflows.test.ts(396,7): error TS2304: Cannot find name 'expect'.
scripts/tests/end-to-end-workflows.test.ts(397,7): error TS2304: Cannot find name 'expect'.
scripts/tests/end-to-end-workflows.test.ts(407,7): error TS2304: Cannot find name 'expect'.
scripts/tests/end-to-end-workflows.test.ts(408,7): error TS2304: Cannot find name 'expect'.
scripts/tests/end-to-end-workflows.test.ts(409,7): error TS2304: Cannot find name 'expect'.
scripts/tests/end-to-end-workflows.test.ts(412,5): error TS2582: Cannot find name 'it'. Do you need to install type definitions for a test runner? Try `npm i --save-dev @types/jest` or `npm i --save-dev @types/mocha`.
scripts/tests/end-to-end-workflows.test.ts(434,7): error TS2304: Cannot find name 'expect'.
scripts/tests/end-to-end-workflows.test.ts(435,7): error TS2304: Cannot find name 'expect'.
scripts/tests/end-to-end-workflows.test.ts(449,7): error TS2304: Cannot find name 'expect'.
scripts/tests/end-to-end-workflows.test.ts(450,7): error TS2304: Cannot find name 'expect'.
scripts/tests/end-to-end-workflows.test.ts(454,3): error TS2582: Cannot find name 'describe'. Do you need to install type definitions for a test runner? Try `npm i --save-dev @types/jest` or `npm i --save-dev @types/mocha`.
scripts/tests/end-to-end-workflows.test.ts(455,5): error TS2582: Cannot find name 'it'. Do you need to install type definitions for a test runner? Try `npm i --save-dev @types/jest` or `npm i --save-dev @types/mocha`.
scripts/tests/end-to-end-workflows.test.ts(507,7): error TS2304: Cannot find name 'expect'.
scripts/tests/end-to-end-workflows.test.ts(508,7): error TS2304: Cannot find name 'expect'.
scripts/tests/end-to-end-workflows.test.ts(557,7): error TS2304: Cannot find name 'expect'.
scripts/tests/end-to-end-workflows.test.ts(572,7): error TS2304: Cannot find name 'expect'.
scripts/tests/end-to-end-workflows.test.ts(573,7): error TS2304: Cannot find name 'expect'.
scripts/tests/end-to-end-workflows.test.ts(576,7): error TS2304: Cannot find name 'expect'.
scripts/tests/end-to-end-workflows.test.ts(592,7): error TS2304: Cannot find name 'expect'.
scripts/tests/end-to-end-workflows.test.ts(595,7): error TS2304: Cannot find name 'expect'.
scripts/tests/end-to-end-workflows.test.ts(598,5): error TS2582: Cannot find name 'it'. Do you need to install type definitions for a test runner? Try `npm i --save-dev @types/jest` or `npm i --save-dev @types/mocha`.
scripts/tests/end-to-end-workflows.test.ts(635,7): error TS2304: Cannot find name 'expect'.
scripts/tests/end-to-end-workflows.test.ts(676,7): error TS2304: Cannot find name 'expect'.
scripts/tests/end-to-end-workflows.test.ts(684,7): error TS2304: Cannot find name 'expect'.
scripts/tests/end-to-end-workflows.test.ts(685,7): error TS2304: Cannot find name 'expect'.
scripts/tests/end-to-end-workflows.test.ts(691,7): error TS2304: Cannot find name 'expect'.
scripts/tests/end-to-end-workflows.test.ts(692,7): error TS2304: Cannot find name 'expect'.
scripts/tests/engine.property.test.ts(123,61): error TS2345: Argument of type '{ id: string; name: string; graph: { nodes: { id: string; type: "Worker" | "UX" | "Splitter" | "Collector"; position: { x: number; y: number; }; data: Record<string, unknown>; }[]; edges: readonly [] | { id: string; source: string; target: string; }[]; }; created_at: string; updated_at: string; }' is not assignable to parameter of type 'StitchFlow'.
  Type '{ id: string; name: string; graph: { nodes: { id: string; type: "Worker" | "UX" | "Splitter" | "Collector"; position: { x: number; y: number; }; data: Record<string, unknown>; }[]; edges: readonly [] | { id: string; source: string; target: string; }[]; }; created_at: string; updated_at: string; }' is missing the following properties from type 'StitchFlow': canvas_type, parent_id, current_version_id
scripts/tests/engine.property.test.ts(148,50): error TS2345: Argument of type '{ id: string; name: string; graph: { nodes: { id: string; type: "Worker" | "UX" | "Splitter" | "Collector"; position: { x: number; y: number; }; data: Record<string, unknown>; }[]; edges: readonly [] | { id: string; source: string; target: string; }[]; }; created_at: string; updated_at: string; }' is not assignable to parameter of type 'StitchFlow'.
  Type '{ id: string; name: string; graph: { nodes: { id: string; type: "Worker" | "UX" | "Splitter" | "Collector"; position: { x: number; y: number; }; data: Record<string, unknown>; }[]; edges: readonly [] | { id: string; source: string; target: string; }[]; }; created_at: string; updated_at: string; }' is missing the following properties from type 'StitchFlow': canvas_type, parent_id, current_version_id
scripts/tests/engine.property.test.ts(151,71): error TS2345: Argument of type '{ id: string; name: string; graph: { nodes: { id: string; type: "Worker" | "UX" | "Splitter" | "Collector"; position: { x: number; y: number; }; data: Record<string, unknown>; }[]; edges: readonly [] | { id: string; source: string; target: string; }[]; }; created_at: string; updated_at: string; }' is not assignable to parameter of type 'StitchFlow'.
  Type '{ id: string; name: string; graph: { nodes: { id: string; type: "Worker" | "UX" | "Splitter" | "Collector"; position: { x: number; y: number; }; data: Record<string, unknown>; }[]; edges: readonly [] | { id: string; source: string; target: string; }[]; }; created_at: string; updated_at: string; }' is missing the following properties from type 'StitchFlow': canvas_type, parent_id, current_version_id
scripts/tests/engine.property.test.ts(188,17): error TS2739: Type '{ id: string; flow_id: string; node_states: Record<string, NodeState>; created_at: string; updated_at: string; }' is missing the following properties from type 'StitchRun': flow_version_id, entity_id, trigger
scripts/tests/engine.property.test.ts(198,71): error TS2345: Argument of type '{ id: string; name: string; graph: { nodes: { id: string; type: "Worker" | "UX" | "Splitter" | "Collector"; position: { x: number; y: number; }; data: Record<string, unknown>; }[]; edges: readonly [] | { id: string; source: string; target: string; }[]; }; created_at: string; updated_at: string; }' is not assignable to parameter of type 'StitchFlow'.
  Type '{ id: string; name: string; graph: { nodes: { id: string; type: "Worker" | "UX" | "Splitter" | "Collector"; position: { x: number; y: number; }; data: Record<string, unknown>; }[]; edges: readonly [] | { id: string; source: string; target: string; }[]; }; created_at: string; updated_at: string; }' is missing the following properties from type 'StitchFlow': canvas_type, parent_id, current_version_id
scripts/tests/engine.property.test.ts(220,17): error TS2739: Type '{ id: string; flow_id: string; node_states: Record<string, NodeState>; created_at: string; updated_at: string; }' is missing the following properties from type 'StitchRun': flow_version_id, entity_id, trigger
scripts/tests/engine.property.test.ts(230,63): error TS2345: Argument of type '{ id: string; name: string; graph: { nodes: { id: string; type: "Worker" | "UX" | "Splitter" | "Collector"; position: { x: number; y: number; }; data: Record<string, unknown>; }[]; edges: readonly [] | { id: string; source: string; target: string; }[]; }; created_at: string; updated_at: string; }' is not assignable to parameter of type 'StitchFlow'.
  Type '{ id: string; name: string; graph: { nodes: { id: string; type: "Worker" | "UX" | "Splitter" | "Collector"; position: { x: number; y: number; }; data: Record<string, unknown>; }[]; edges: readonly [] | { id: string; source: string; target: string; }[]; }; created_at: string; updated_at: string; }' is missing the following properties from type 'StitchFlow': canvas_type, parent_id, current_version_id
scripts/tests/engine.property.test.ts(261,56): error TS2345: Argument of type '{ id: string; name: string; graph: { nodes: { id: string; type: "Worker" | "UX" | "Splitter" | "Collector"; position: { x: number; y: number; }; data: Record<string, unknown>; }[]; edges: readonly [] | { id: string; source: string; target: string; }[]; }; created_at: string; updated_at: string; }' is not assignable to parameter of type 'StitchFlow'.
  Type '{ id: string; name: string; graph: { nodes: { id: string; type: "Worker" | "UX" | "Splitter" | "Collector"; position: { x: number; y: number; }; data: Record<string, unknown>; }[]; edges: readonly [] | { id: string; source: string; target: string; }[]; }; created_at: string; updated_at: string; }' is missing the following properties from type 'StitchFlow': canvas_type, parent_id, current_version_id
scripts/tests/entity-movement-integration.test.ts(11,30): error TS2307: Cannot find module '../compile-oeg' or its corresponding type declarations.
scripts/tests/entity-movement-integration.test.ts(64,17): error TS2322: Type 'unknown' is not assignable to type '"success" | "failure" | "neutral"'.
scripts/tests/entity-movement-validation.test.ts(9,55): error TS2307: Cannot find module '../validate-graph' or its corresponding type declarations.
scripts/tests/entity-movement-validation.test.ts(113,17): error TS2741: Property 'targetSectionId' is missing in type '{ completeAs: "success"; }' but required in type 'EntityMovementAction'.
scripts/tests/entity-movement-validation.test.ts(145,19): error TS2322: Type '"invalid-value"' is not assignable to type '"success" | "failure" | "neutral"'.
scripts/tests/entity-movement-validation.test.ts(190,21): error TS2322: Type 'string' is not assignable to type '"success" | "failure" | "neutral"'.
scripts/tests/entity-movement-validation.test.ts(228,17): error TS2741: Property 'completeAs' is missing in type '{ targetSectionId: string; }' but required in type 'EntityMovementAction'.
scripts/tests/entity-movement-validation.test.ts(274,21): error TS2322: Type 'string' is not assignable to type '"customer" | "churned" | "lead" | undefined'.
scripts/tests/entity-movement-validation.test.ts(315,19): error TS2322: Type '"invalid-type"' is not assignable to type '"customer" | "churned" | "lead" | undefined'.
scripts/tests/entity-movement-validation.test.ts(486,19): error TS2322: Type '"invalid-value"' is not assignable to type '"success" | "failure" | "neutral"'.
scripts/tests/entity-movement-validation.test.ts(496,50): error TS7006: Parameter 'e' implicitly has an 'any' type.
scripts/tests/entity-queries.test.ts(7,32): error TS2307: Cannot find module '../../supabase/client' or its corresponding type declarations.
scripts/tests/entity-queries.test.ts(14,8): error TS2307: Cannot find module '../entities' or its corresponding type declarations.
scripts/tests/entity-queries.test.ts(16,1): error TS2582: Cannot find name 'describe'. Do you need to install type definitions for a test runner? Try `npm i --save-dev @types/jest` or `npm i --save-dev @types/mocha`.
scripts/tests/entity-queries.test.ts(21,3): error TS2304: Cannot find name 'beforeEach'.
scripts/tests/entity-queries.test.ts(52,3): error TS2582: Cannot find name 'describe'. Do you need to install type definitions for a test runner? Try `npm i --save-dev @types/jest` or `npm i --save-dev @types/mocha`.
scripts/tests/entity-queries.test.ts(53,5): error TS2582: Cannot find name 'it'. Do you need to install type definitions for a test runner? Try `npm i --save-dev @types/jest` or `npm i --save-dev @types/mocha`.
scripts/tests/entity-queries.test.ts(56,7): error TS2304: Cannot find name 'expect'.
scripts/tests/entity-queries.test.ts(57,7): error TS2304: Cannot find name 'expect'.
scripts/tests/entity-queries.test.ts(58,7): error TS2304: Cannot find name 'expect'.
scripts/tests/entity-queries.test.ts(61,5): error TS2582: Cannot find name 'it'. Do you need to install type definitions for a test runner? Try `npm i --save-dev @types/jest` or `npm i --save-dev @types/mocha`.
scripts/tests/entity-queries.test.ts(64,7): error TS2304: Cannot find name 'expect'.
scripts/tests/entity-queries.test.ts(67,5): error TS2582: Cannot find name 'it'. Do you need to install type definitions for a test runner? Try `npm i --save-dev @types/jest` or `npm i --save-dev @types/mocha`.
scripts/tests/entity-queries.test.ts(93,7): error TS2304: Cannot find name 'expect'.
scripts/tests/entity-queries.test.ts(94,7): error TS2304: Cannot find name 'expect'.
scripts/tests/entity-queries.test.ts(98,3): error TS2582: Cannot find name 'describe'. Do you need to install type definitions for a test runner? Try `npm i --save-dev @types/jest` or `npm i --save-dev @types/mocha`.
scripts/tests/entity-queries.test.ts(99,5): error TS2582: Cannot find name 'it'. Do you need to install type definitions for a test runner? Try `npm i --save-dev @types/jest` or `npm i --save-dev @types/mocha`.
scripts/tests/entity-queries.test.ts(105,7): error TS2304: Cannot find name 'expect'.
scripts/tests/entity-queries.test.ts(106,7): error TS2304: Cannot find name 'expect'.
scripts/tests/entity-queries.test.ts(107,7): error TS2304: Cannot find name 'expect'.
scripts/tests/entity-queries.test.ts(108,7): error TS2304: Cannot find name 'expect'.
scripts/tests/entity-queries.test.ts(111,5): error TS2582: Cannot find name 'it'. Do you need to install type definitions for a test runner? Try `npm i --save-dev @types/jest` or `npm i --save-dev @types/mocha`.
scripts/tests/entity-queries.test.ts(114,7): error TS2304: Cannot find name 'expect'.
scripts/tests/entity-queries.test.ts(117,5): error TS2582: Cannot find name 'it'. Do you need to install type definitions for a test runner? Try `npm i --save-dev @types/jest` or `npm i --save-dev @types/mocha`.
scripts/tests/entity-queries.test.ts(146,7): error TS2304: Cannot find name 'expect'.
scripts/tests/entity-queries.test.ts(150,3): error TS2582: Cannot find name 'describe'. Do you need to install type definitions for a test runner? Try `npm i --save-dev @types/jest` or `npm i --save-dev @types/mocha`.
scripts/tests/entity-queries.test.ts(151,5): error TS2582: Cannot find name 'it'. Do you need to install type definitions for a test runner? Try `npm i --save-dev @types/jest` or `npm i --save-dev @types/mocha`.
scripts/tests/entity-queries.test.ts(158,7): error TS2304: Cannot find name 'expect'.
scripts/tests/entity-queries.test.ts(164,9): error TS2304: Cannot find name 'expect'.
scripts/tests/entity-queries.test.ts(168,7): error TS2304: Cannot find name 'expect'.
scripts/tests/entity-queries.test.ts(168,27): error TS7006: Parameter 'e' implicitly has an 'any' type.
scripts/tests/entity-queries.test.ts(169,7): error TS2304: Cannot find name 'expect'.
scripts/tests/entity-queries.test.ts(169,27): error TS7006: Parameter 'e' implicitly has an 'any' type.
scripts/tests/entity-queries.test.ts(172,5): error TS2582: Cannot find name 'it'. Do you need to install type definitions for a test runner? Try `npm i --save-dev @types/jest` or `npm i --save-dev @types/mocha`.
scripts/tests/entity-queries.test.ts(188,7): error TS2304: Cannot find name 'expect'.
scripts/tests/EntityDot.test.tsx(13,27): error TS2307: Cannot find module '../EntityDot' or its corresponding type declarations.
scripts/tests/EntityDot.test.tsx(22,5): error TS2322: Type 'null' is not assignable to type 'string | undefined'.
scripts/tests/EntityDot.test.tsx(25,5): error TS2322: Type 'null' is not assignable to type 'string | undefined'.
scripts/tests/EntityDot.test.tsx(26,5): error TS2322: Type 'null' is not assignable to type 'number | undefined'.
scripts/tests/EntityDot.test.tsx(51,7): error TS2322: Type 'null' is not assignable to type 'string | undefined'.
scripts/tests/EntityOverlay.clustering.test.tsx(14,31): error TS2307: Cannot find module '../EntityOverlay' or its corresponding type declarations.
scripts/tests/EntityOverlay.clustering.test.tsx(48,11): error TS2322: Type '{ id: string; name: string; entity_type: "lead"; current_node_id: string; current_section_id: string; canvas_id: string; run_id: string; created_at: string; updated_at: string; }[]' is not assignable to type 'StitchEntity[]'.
  Type '{ id: string; name: string; entity_type: "lead"; current_node_id: string; current_section_id: string; canvas_id: string; run_id: string; created_at: string; updated_at: string; }' is missing the following properties from type 'StitchEntity': journey, metadata
scripts/tests/EntityOverlay.clustering.test.tsx(64,44): error TS2345: Argument of type '{ entities: StitchEntity[]; isLoading: false; error: null; }' is not assignable to parameter of type 'UseEntitiesResult'.
  Property 'entityProgress' is missing in type '{ entities: StitchEntity[]; isLoading: false; error: null; }' but required in type 'UseEntitiesResult'.
scripts/tests/EntityOverlay.clustering.test.tsx(91,11): error TS2322: Type '{ id: string; name: string; entity_type: "lead"; current_node_id: string; current_section_id: string; canvas_id: string; run_id: string; created_at: string; updated_at: string; }[]' is not assignable to type 'StitchEntity[]'.
  Type '{ id: string; name: string; entity_type: "lead"; current_node_id: string; current_section_id: string; canvas_id: string; run_id: string; created_at: string; updated_at: string; }' is missing the following properties from type 'StitchEntity': journey, metadata
scripts/tests/EntityOverlay.clustering.test.tsx(107,44): error TS2345: Argument of type '{ entities: StitchEntity[]; isLoading: false; error: null; }' is not assignable to parameter of type 'UseEntitiesResult'.
  Property 'entityProgress' is missing in type '{ entities: StitchEntity[]; isLoading: false; error: null; }' but required in type 'UseEntitiesResult'.
scripts/tests/EntityOverlay.clustering.test.tsx(133,11): error TS2322: Type '{ id: string; name: string; entity_type: "lead"; current_node_id: string; current_section_id: string; canvas_id: string; run_id: string; created_at: string; updated_at: string; }[]' is not assignable to type 'StitchEntity[]'.
  Type '{ id: string; name: string; entity_type: "lead"; current_node_id: string; current_section_id: string; canvas_id: string; run_id: string; created_at: string; updated_at: string; }' is missing the following properties from type 'StitchEntity': journey, metadata
scripts/tests/EntityOverlay.clustering.test.tsx(149,44): error TS2345: Argument of type '{ entities: StitchEntity[]; isLoading: false; error: null; }' is not assignable to parameter of type 'UseEntitiesResult'.
  Property 'entityProgress' is missing in type '{ entities: StitchEntity[]; isLoading: false; error: null; }' but required in type 'UseEntitiesResult'.
scripts/tests/EntityOverlay.clustering.test.tsx(164,11): error TS2322: Type '{ id: string; name: string; entity_type: "lead"; current_node_id: string; current_section_id: string; canvas_id: string; run_id: string; created_at: string; updated_at: string; }[]' is not assignable to type 'StitchEntity[]'.
  Type '{ id: string; name: string; entity_type: "lead"; current_node_id: string; current_section_id: string; canvas_id: string; run_id: string; created_at: string; updated_at: string; }' is missing the following properties from type 'StitchEntity': journey, metadata
scripts/tests/EntityOverlay.clustering.test.tsx(180,44): error TS2345: Argument of type '{ entities: StitchEntity[]; isLoading: false; error: null; }' is not assignable to parameter of type 'UseEntitiesResult'.
  Property 'entityProgress' is missing in type '{ entities: StitchEntity[]; isLoading: false; error: null; }' but required in type 'UseEntitiesResult'.
scripts/tests/EntityOverlay.clustering.test.tsx(198,11): error TS2322: Type '({ id: string; name: string; entity_type: "lead"; current_node_id: string; current_section_id: string; canvas_id: string; run_id: string; created_at: string; updated_at: string; } | { id: string; ... 7 more ...; updated_at: string; })[]' is not assignable to type 'StitchEntity[]'.
  Type '{ id: string; name: string; entity_type: "lead"; current_node_id: string; current_section_id: string; canvas_id: string; run_id: string; created_at: string; updated_at: string; } | { id: string; ... 7 more ...; updated_at: string; }' is not assignable to type 'StitchEntity'.
    Type '{ id: string; name: string; entity_type: "lead"; current_node_id: string; current_section_id: string; canvas_id: string; run_id: string; created_at: string; updated_at: string; }' is missing the following properties from type 'StitchEntity': journey, metadata
scripts/tests/EntityOverlay.clustering.test.tsx(227,44): error TS2345: Argument of type '{ entities: StitchEntity[]; isLoading: false; error: null; }' is not assignable to parameter of type 'UseEntitiesResult'.
  Property 'entityProgress' is missing in type '{ entities: StitchEntity[]; isLoading: false; error: null; }' but required in type 'UseEntitiesResult'.
scripts/tests/EntityOverlay.clustering.test.tsx(249,11): error TS2322: Type '{ id: string; name: string; entity_type: "lead"; current_node_id: string; current_section_id: string; canvas_id: string; run_id: string; created_at: string; updated_at: string; }[]' is not assignable to type 'StitchEntity[]'.
  Type '{ id: string; name: string; entity_type: "lead"; current_node_id: string; current_section_id: string; canvas_id: string; run_id: string; created_at: string; updated_at: string; }' is missing the following properties from type 'StitchEntity': journey, metadata
scripts/tests/EntityOverlay.clustering.test.tsx(265,44): error TS2345: Argument of type '{ entities: StitchEntity[]; isLoading: false; error: null; }' is not assignable to parameter of type 'UseEntitiesResult'.
  Property 'entityProgress' is missing in type '{ entities: StitchEntity[]; isLoading: false; error: null; }' but required in type 'UseEntitiesResult'.
scripts/tests/EntityOverlay.clustering.test.tsx(285,44): error TS2345: Argument of type '{ entities: StitchEntity[]; isLoading: false; error: null; }' is not assignable to parameter of type 'UseEntitiesResult'.
  Property 'entityProgress' is missing in type '{ entities: StitchEntity[]; isLoading: false; error: null; }' but required in type 'UseEntitiesResult'.
scripts/tests/EntityOverlay.test.tsx(23,9): error TS2322: Type 'null' is not assignable to type 'string | undefined'.
scripts/tests/EntityOverlay.test.tsx(24,9): error TS2322: Type 'null' is not assignable to type 'number | undefined'.
scripts/tests/EntityOverlay.test.tsx(45,9): error TS2322: Type 'null' is not assignable to type 'string | undefined'.
scripts/tests/EntityOverlay.test.tsx(48,9): error TS2322: Type 'null' is not assignable to type 'string | undefined'.
scripts/tests/EntityOverlay.test.tsx(49,9): error TS2322: Type 'null' is not assignable to type 'number | undefined'.
scripts/tests/EntityOverlay.test.tsx(79,9): error TS2322: Type 'null' is not assignable to type 'string | undefined'.
scripts/tests/EntityOverlay.test.tsx(82,9): error TS2322: Type 'null' is not assignable to type 'string | undefined'.
scripts/tests/EntityOverlay.test.tsx(83,9): error TS2322: Type 'null' is not assignable to type 'number | undefined'.
scripts/tests/EntityOverlay.test.tsx(103,11): error TS2322: Type 'null' is not assignable to type 'string | undefined'.
scripts/tests/EntityOverlay.test.tsx(106,11): error TS2322: Type 'null' is not assignable to type 'string | undefined'.
scripts/tests/EntityOverlay.test.tsx(107,11): error TS2322: Type 'null' is not assignable to type 'number | undefined'.
scripts/tests/EntityOverlay.test.tsx(127,9): error TS2322: Type 'null' is not assignable to type 'string | undefined'.
scripts/tests/EntityOverlay.test.tsx(130,9): error TS2322: Type 'null' is not assignable to type 'string | undefined'.
scripts/tests/EntityOverlay.test.tsx(131,9): error TS2322: Type 'null' is not assignable to type 'number | undefined'.
scripts/tests/EntityOverlay.test.tsx(147,9): error TS2322: Type 'null' is not assignable to type 'string | undefined'.
scripts/tests/EntityOverlay.test.tsx(149,9): error TS2322: Type 'null' is not assignable to type 'string | undefined'.
scripts/tests/error-handler.test.ts(16,8): error TS2307: Cannot find module '../error-handler' or its corresponding type declarations.
scripts/tests/error-handler.test.ts(135,7): error TS2571: Object is of type 'unknown'.
scripts/tests/error-handler.test.ts(136,7): error TS2571: Object is of type 'unknown'.
scripts/tests/error-handling-integration.test.ts(10,55): error TS2307: Cannot find module '../canvas/route' or its corresponding type declarations.
scripts/tests/error-handling-integration.test.ts(11,76): error TS2307: Cannot find module '../canvas/[id]/route' or its corresponding type declarations.
scripts/tests/error-handling-integration.test.ts(12,33): error TS2307: Cannot find module '../canvas/[id]/run/route' or its corresponding type declarations.
scripts/tests/error-handling-integration.test.ts(13,34): error TS2307: Cannot find module '../canvas/[id]/status/route' or its corresponding type declarations.
scripts/tests/FallbackNode.test.tsx(10,30): error TS2307: Cannot find module '../FallbackNode' or its corresponding type declarations.
scripts/tests/financial-updates.test.ts(13,8): error TS2307: Cannot find module '../financial-updates' or its corresponding type declarations.
scripts/tests/financial-updates.test.ts(16,1): error TS2304: Cannot find name 'vi'.
scripts/tests/financial-updates.test.ts(17,19): error TS2304: Cannot find name 'vi'.
scripts/tests/financial-updates.test.ts(18,11): error TS2304: Cannot find name 'vi'.
scripts/tests/financial-updates.test.ts(19,15): error TS2304: Cannot find name 'vi'.
scripts/tests/financial-updates.test.ts(20,13): error TS2304: Cannot find name 'vi'.
scripts/tests/financial-updates.test.ts(21,19): error TS2304: Cannot find name 'vi'.
scripts/tests/financial-updates.test.ts(24,15): error TS2304: Cannot find name 'vi'.
scripts/tests/financial-updates.test.ts(25,13): error TS2304: Cannot find name 'vi'.
scripts/tests/financial-updates.test.ts(31,1): error TS2582: Cannot find name 'describe'. Do you need to install type definitions for a test runner? Try `npm i --save-dev @types/jest` or `npm i --save-dev @types/mocha`.
scripts/tests/financial-updates.test.ts(32,3): error TS2582: Cannot find name 'describe'. Do you need to install type definitions for a test runner? Try `npm i --save-dev @types/jest` or `npm i --save-dev @types/mocha`.
scripts/tests/financial-updates.test.ts(33,5): error TS2582: Cannot find name 'it'. Do you need to install type definitions for a test runner? Try `npm i --save-dev @types/jest` or `npm i --save-dev @types/mocha`.
scripts/tests/financial-updates.test.ts(41,7): error TS2304: Cannot find name 'expect'.
scripts/tests/financial-updates.test.ts(44,5): error TS2582: Cannot find name 'it'. Do you need to install type definitions for a test runner? Try `npm i --save-dev @types/jest` or `npm i --save-dev @types/mocha`.
scripts/tests/financial-updates.test.ts(53,7): error TS2304: Cannot find name 'expect'.
scripts/tests/financial-updates.test.ts(56,5): error TS2582: Cannot find name 'it'. Do you need to install type definitions for a test runner? Try `npm i --save-dev @types/jest` or `npm i --save-dev @types/mocha`.
scripts/tests/financial-updates.test.ts(65,7): error TS2304: Cannot find name 'expect'.
scripts/tests/financial-updates.test.ts(68,5): error TS2582: Cannot find name 'it'. Do you need to install type definitions for a test runner? Try `npm i --save-dev @types/jest` or `npm i --save-dev @types/mocha`.
scripts/tests/financial-updates.test.ts(76,7): error TS2304: Cannot find name 'expect'.
scripts/tests/financial-updates.test.ts(79,5): error TS2582: Cannot find name 'it'. Do you need to install type definitions for a test runner? Try `npm i --save-dev @types/jest` or `npm i --save-dev @types/mocha`.
scripts/tests/financial-updates.test.ts(89,9): error TS2304: Cannot find name 'expect'.
scripts/tests/financial-updates.test.ts(94,3): error TS2582: Cannot find name 'describe'. Do you need to install type definitions for a test runner? Try `npm i --save-dev @types/jest` or `npm i --save-dev @types/mocha`.
scripts/tests/financial-updates.test.ts(95,5): error TS2582: Cannot find name 'it'. Do you need to install type definitions for a test runner? Try `npm i --save-dev @types/jest` or `npm i --save-dev @types/mocha`.
scripts/tests/financial-updates.test.ts(108,7): error TS2304: Cannot find name 'expect'.
scripts/tests/financial-updates.test.ts(109,7): error TS2304: Cannot find name 'expect'.
scripts/tests/financial-updates.test.ts(113,3): error TS2582: Cannot find name 'describe'. Do you need to install type definitions for a test runner? Try `npm i --save-dev @types/jest` or `npm i --save-dev @types/mocha`.
scripts/tests/financial-updates.test.ts(114,5): error TS2582: Cannot find name 'it'. Do you need to install type definitions for a test runner? Try `npm i --save-dev @types/jest` or `npm i --save-dev @types/mocha`.
scripts/tests/financial-updates.test.ts(121,7): error TS2304: Cannot find name 'expect'.
scripts/tests/financial-updates.test.ts(122,7): error TS2304: Cannot find name 'expect'.
scripts/tests/financial-updates.test.ts(123,7): error TS2304: Cannot find name 'expect'.
scripts/tests/flows.test.ts(7,84): error TS2307: Cannot find module '../flows' or its corresponding type declarations.
scripts/tests/flows.test.ts(11,1): error TS2582: Cannot find name 'describe'. Do you need to install type definitions for a test runner? Try `npm i --save-dev @types/jest` or `npm i --save-dev @types/mocha`.
scripts/tests/flows.test.ts(25,3): error TS2582: Cannot find name 'describe'. Do you need to install type definitions for a test runner? Try `npm i --save-dev @types/jest` or `npm i --save-dev @types/mocha`.
scripts/tests/flows.test.ts(26,5): error TS2582: Cannot find name 'it'. Do you need to install type definitions for a test runner? Try `npm i --save-dev @types/jest` or `npm i --save-dev @types/mocha`.
scripts/tests/flows.test.ts(54,7): error TS2304: Cannot find name 'expect'.
scripts/tests/flows.test.ts(55,7): error TS2304: Cannot find name 'expect'.
scripts/tests/flows.test.ts(56,7): error TS2304: Cannot find name 'expect'.
scripts/tests/flows.test.ts(57,7): error TS2304: Cannot find name 'expect'.
scripts/tests/flows.test.ts(60,7): error TS2304: Cannot find name 'expect'.
scripts/tests/flows.test.ts(68,7): error TS2304: Cannot find name 'expect'.
scripts/tests/flows.test.ts(74,7): error TS2304: Cannot find name 'expect'.
scripts/tests/flows.test.ts(75,7): error TS2304: Cannot find name 'expect'.
scripts/tests/flows.test.ts(80,5): error TS2582: Cannot find name 'it'. Do you need to install type definitions for a test runner? Try `npm i --save-dev @types/jest` or `npm i --save-dev @types/mocha`.
scripts/tests/flows.test.ts(91,7): error TS2304: Cannot find name 'expect'.
scripts/tests/flows.test.ts(92,7): error TS2304: Cannot find name 'expect'.
scripts/tests/flows.test.ts(92,35): error TS7006: Parameter 'n' implicitly has an 'any' type.
scripts/tests/flows.test.ts(98,3): error TS2582: Cannot find name 'describe'. Do you need to install type definitions for a test runner? Try `npm i --save-dev @types/jest` or `npm i --save-dev @types/mocha`.
scripts/tests/flows.test.ts(99,5): error TS2582: Cannot find name 'it'. Do you need to install type definitions for a test runner? Try `npm i --save-dev @types/jest` or `npm i --save-dev @types/mocha`.
scripts/tests/flows.test.ts(105,7): error TS2304: Cannot find name 'expect'.
scripts/tests/flows.test.ts(106,7): error TS2304: Cannot find name 'expect'.
scripts/tests/flows.test.ts(107,7): error TS2304: Cannot find name 'expect'.
scripts/tests/flows.test.ts(112,5): error TS2582: Cannot find name 'it'. Do you need to install type definitions for a test runner? Try `npm i --save-dev @types/jest` or `npm i --save-dev @types/mocha`.
scripts/tests/flows.test.ts(114,7): error TS2304: Cannot find name 'expect'.
scripts/tests/flows.test.ts(118,3): error TS2582: Cannot find name 'describe'. Do you need to install type definitions for a test runner? Try `npm i --save-dev @types/jest` or `npm i --save-dev @types/mocha`.
scripts/tests/flows.test.ts(119,5): error TS2582: Cannot find name 'it'. Do you need to install type definitions for a test runner? Try `npm i --save-dev @types/jest` or `npm i --save-dev @types/mocha`.
scripts/tests/flows.test.ts(125,7): error TS2304: Cannot find name 'expect'.
scripts/tests/flows.test.ts(126,7): error TS2304: Cannot find name 'expect'.
scripts/tests/flows.test.ts(131,5): error TS2582: Cannot find name 'it'. Do you need to install type definitions for a test runner? Try `npm i --save-dev @types/jest` or `npm i --save-dev @types/mocha`.
scripts/tests/flows.test.ts(141,7): error TS2304: Cannot find name 'expect'.
scripts/tests/flows.test.ts(142,7): error TS2304: Cannot find name 'expect'.
scripts/tests/flows.test.ts(148,3): error TS2582: Cannot find name 'describe'. Do you need to install type definitions for a test runner? Try `npm i --save-dev @types/jest` or `npm i --save-dev @types/mocha`.
scripts/tests/flows.test.ts(149,5): error TS2582: Cannot find name 'it'. Do you need to install type definitions for a test runner? Try `npm i --save-dev @types/jest` or `npm i --save-dev @types/mocha`.
scripts/tests/flows.test.ts(156,7): error TS2304: Cannot find name 'expect'.
scripts/tests/flows.test.ts(160,3): error TS2582: Cannot find name 'describe'. Do you need to install type definitions for a test runner? Try `npm i --save-dev @types/jest` or `npm i --save-dev @types/mocha`.
scripts/tests/flows.test.ts(161,5): error TS2582: Cannot find name 'it'. Do you need to install type definitions for a test runner? Try `npm i --save-dev @types/jest` or `npm i --save-dev @types/mocha`.
scripts/tests/flows.test.ts(169,7): error TS2304: Cannot find name 'expect'.
scripts/tests/flows.test.ts(170,7): error TS2304: Cannot find name 'expect'.
scripts/tests/flows.test.ts(175,5): error TS2582: Cannot find name 'it'. Do you need to install type definitions for a test runner? Try `npm i --save-dev @types/jest` or `npm i --save-dev @types/mocha`.
scripts/tests/flows.test.ts(185,7): error TS2304: Cannot find name 'expect'.
scripts/tests/flows.test.ts(186,7): error TS2304: Cannot find name 'expect'.
scripts/tests/flows.test.ts(193,3): error TS2582: Cannot find name 'describe'. Do you need to install type definitions for a test runner? Try `npm i --save-dev @types/jest` or `npm i --save-dev @types/mocha`.
scripts/tests/flows.test.ts(194,5): error TS2582: Cannot find name 'it'. Do you need to install type definitions for a test runner? Try `npm i --save-dev @types/jest` or `npm i --save-dev @types/mocha`.
scripts/tests/flows.test.ts(221,7): error TS2304: Cannot find name 'expect'.
scripts/tests/flows.test.ts(222,7): error TS2304: Cannot find name 'expect'.
scripts/tests/flows.test.ts(223,7): error TS2304: Cannot find name 'expect'.
scripts/tests/flows.test.ts(224,7): error TS2304: Cannot find name 'expect'.
scripts/tests/flows.test.ts(227,7): error TS2304: Cannot find name 'expect'.
scripts/tests/flows.test.ts(228,7): error TS2304: Cannot find name 'expect'.
scripts/tests/flows.test.ts(233,5): error TS2582: Cannot find name 'it'. Do you need to install type definitions for a test runner? Try `npm i --save-dev @types/jest` or `npm i --save-dev @types/mocha`.
scripts/tests/flows.test.ts(255,7): error TS2304: Cannot find name 'expect'.
scripts/tests/flows.test.ts(256,7): error TS2304: Cannot find name 'expect'.
scripts/tests/get-status-integration.test.ts(11,51): error TS2307: Cannot find module '../action-executor' or its corresponding type declarations.
scripts/tests/get-status-integration.test.ts(12,55): error TS2307: Cannot find module '../action-executor' or its corresponding type declarations.
scripts/tests/get-status-integration.test.ts(13,61): error TS2307: Cannot find module '../action-executor' or its corresponding type declarations.
scripts/tests/get-status-integration.test.ts(16,1): error TS2582: Cannot find name 'describe'. Do you need to install type definitions for a test runner? Try `npm i --save-dev @types/jest` or `npm i --save-dev @types/mocha`.
scripts/tests/get-status-integration.test.ts(21,3): error TS2304: Cannot find name 'beforeEach'.
scripts/tests/get-status-integration.test.ts(33,3): error TS2582: Cannot find name 'it'. Do you need to install type definitions for a test runner? Try `npm i --save-dev @types/jest` or `npm i --save-dev @types/mocha`.
scripts/tests/get-status-integration.test.ts(71,5): error TS2304: Cannot find name 'expect'.
scripts/tests/get-status-integration.test.ts(72,5): error TS2304: Cannot find name 'expect'.
scripts/tests/get-status-integration.test.ts(73,5): error TS2304: Cannot find name 'expect'.
scripts/tests/get-status-integration.test.ts(74,5): error TS2304: Cannot find name 'expect'.
scripts/tests/get-status-integration.test.ts(77,5): error TS2304: Cannot find name 'expect'.
scripts/tests/get-status-integration.test.ts(80,5): error TS2304: Cannot find name 'expect'.
scripts/tests/get-status-integration.test.ts(83,5): error TS2304: Cannot find name 'expect'.
scripts/tests/get-status-integration.test.ts(84,5): error TS2304: Cannot find name 'expect'.
scripts/tests/get-status-integration.test.ts(87,5): error TS2304: Cannot find name 'expect'.
scripts/tests/get-status-integration.test.ts(88,5): error TS2304: Cannot find name 'expect'.
scripts/tests/get-status-integration.test.ts(89,5): error TS2304: Cannot find name 'expect'.
scripts/tests/get-status-integration.test.ts(92,3): error TS2582: Cannot find name 'it'. Do you need to install type definitions for a test runner? Try `npm i --save-dev @types/jest` or `npm i --save-dev @types/mocha`.
scripts/tests/get-status-integration.test.ts(131,7): error TS2304: Cannot find name 'expect'.
scripts/tests/get-status-integration.test.ts(132,7): error TS2304: Cannot find name 'expect'.
scripts/tests/get-status-integration.test.ts(132,21): error TS18046: 'nodeState' is of type 'unknown'.
scripts/tests/get-status-integration.test.ts(135,11): error TS18046: 'nodeState' is of type 'unknown'.
scripts/tests/get-status-integration.test.ts(135,47): error TS18046: 'nodeState' is of type 'unknown'.
scripts/tests/get-status-integration.test.ts(136,9): error TS2304: Cannot find name 'expect'.
scripts/tests/get-status-integration.test.ts(140,11): error TS18046: 'nodeState' is of type 'unknown'.
scripts/tests/get-status-integration.test.ts(141,9): error TS2304: Cannot find name 'expect'.
scripts/tests/get-status-integration.test.ts(142,9): error TS2304: Cannot find name 'expect'.
scripts/tests/get-status-integration.test.ts(142,23): error TS18046: 'nodeState' is of type 'unknown'.
scripts/tests/get-status-integration.test.ts(147,3): error TS2582: Cannot find name 'it'. Do you need to install type definitions for a test runner? Try `npm i --save-dev @types/jest` or `npm i --save-dev @types/mocha`.
scripts/tests/get-status-integration.test.ts(185,5): error TS2304: Cannot find name 'expect'.
scripts/tests/get-status-integration.test.ts(186,5): error TS2304: Cannot find name 'expect'.
scripts/tests/get-status-integration.test.ts(190,15): error TS18046: 'node' is of type 'unknown'.
scripts/tests/get-status-integration.test.ts(193,7): error TS2304: Cannot find name 'expect'.
scripts/tests/get-status-integration.test.ts(198,15): error TS18046: 'node' is of type 'unknown'.
scripts/tests/get-status-integration.test.ts(201,7): error TS2304: Cannot find name 'expect'.
scripts/tests/get-status-integration.test.ts(205,3): error TS2582: Cannot find name 'it'. Do you need to install type definitions for a test runner? Try `npm i --save-dev @types/jest` or `npm i --save-dev @types/mocha`.
scripts/tests/get-status-integration.test.ts(244,5): error TS2304: Cannot find name 'expect'.
scripts/tests/get-status-integration.test.ts(245,5): error TS2304: Cannot find name 'expect'.
scripts/tests/get-status-integration.test.ts(248,5): error TS2304: Cannot find name 'expect'.
scripts/tests/get-status-integration.test.ts(249,5): error TS2304: Cannot find name 'expect'.
scripts/tests/get-status-integration.test.ts(250,5): error TS2304: Cannot find name 'expect'.
scripts/tests/get-status-integration.test.ts(251,5): error TS2304: Cannot find name 'expect'.
scripts/tests/image-to-video.test.ts(7,36): error TS2307: Cannot find module '../image-to-video' or its corresponding type declarations.
scripts/tests/image-to-video.test.ts(10,1): error TS2304: Cannot find name 'vi'.
scripts/tests/image-to-video.test.ts(11,14): error TS2304: Cannot find name 'vi'.
scripts/tests/image-to-video.test.ts(16,1): error TS2304: Cannot find name 'vi'.
scripts/tests/image-to-video.test.ts(16,28): error TS7006: Parameter 'importOriginal' implicitly has an 'any' type.
scripts/tests/image-to-video.test.ts(17,24): error TS2347: Untyped function calls may not accept type arguments.
scripts/tests/image-to-video.test.ts(17,53): error TS2307: Cannot find module '../utils' or its corresponding type declarations.
scripts/tests/image-to-video.test.ts(20,22): error TS2304: Cannot find name 'vi'.
scripts/tests/image-to-video.test.ts(21,16): error TS2304: Cannot find name 'vi'.
scripts/tests/image-to-video.test.ts(25,1): error TS2304: Cannot find name 'vi'.
scripts/tests/image-to-video.test.ts(26,18): error TS2304: Cannot find name 'vi'.
scripts/tests/image-to-video.test.ts(26,31): error TS7006: Parameter 'url' implicitly has an 'any' type.
scripts/tests/image-to-video.test.ts(26,36): error TS7006: Parameter 'name' implicitly has an 'any' type.
scripts/tests/image-to-video.test.ts(26,42): error TS7006: Parameter 'type' implicitly has an 'any' type.
scripts/tests/image-to-video.test.ts(40,1): error TS2304: Cannot find name 'vi'.
scripts/tests/image-to-video.test.ts(41,19): error TS2304: Cannot find name 'vi'.
scripts/tests/image-to-video.test.ts(42,11): error TS2304: Cannot find name 'vi'.
scripts/tests/image-to-video.test.ts(43,15): error TS2304: Cannot find name 'vi'.
scripts/tests/image-to-video.test.ts(44,13): error TS2304: Cannot find name 'vi'.
scripts/tests/image-to-video.test.ts(50,1): error TS2582: Cannot find name 'describe'. Do you need to install type definitions for a test runner? Try `npm i --save-dev @types/jest` or `npm i --save-dev @types/mocha`.
scripts/tests/image-to-video.test.ts(51,3): error TS2304: Cannot find name 'beforeEach'.
scripts/tests/image-to-video.test.ts(52,5): error TS2304: Cannot find name 'vi'.
scripts/tests/image-to-video.test.ts(57,3): error TS2582: Cannot find name 'it'. Do you need to install type definitions for a test runner? Try `npm i --save-dev @types/jest` or `npm i --save-dev @types/mocha`.
scripts/tests/image-to-video.test.ts(58,5): error TS2304: Cannot find name 'expect'.
scripts/tests/image-to-video.test.ts(61,3): error TS2582: Cannot find name 'it'. Do you need to install type definitions for a test runner? Try `npm i --save-dev @types/jest` or `npm i --save-dev @types/mocha`.
scripts/tests/image-to-video.test.ts(63,46): error TS2307: Cannot find module '../utils' or its corresponding type declarations.
scripts/tests/image-to-video.test.ts(79,5): error TS2304: Cannot find name 'expect'.
scripts/tests/image-to-video.test.ts(82,7): error TS2304: Cannot find name 'expect'.
scripts/tests/image-to-video.test.ts(84,17): error TS2304: Cannot find name 'expect'.
scripts/tests/image-to-video.test.ts(86,16): error TS2304: Cannot find name 'expect'.
scripts/tests/image-to-video.test.ts(93,3): error TS2582: Cannot find name 'it'. Do you need to install type definitions for a test runner? Try `npm i --save-dev @types/jest` or `npm i --save-dev @types/mocha`.
scripts/tests/image-to-video.test.ts(95,46): error TS2307: Cannot find module '../utils' or its corresponding type declarations.
scripts/tests/image-to-video.test.ts(105,5): error TS2304: Cannot find name 'expect'.
scripts/tests/image-to-video.test.ts(108,7): error TS2304: Cannot find name 'expect'.
scripts/tests/image-to-video.test.ts(110,16): error TS2304: Cannot find name 'expect'.
scripts/tests/image-to-video.test.ts(115,3): error TS2582: Cannot find name 'it'. Do you need to install type definitions for a test runner? Try `npm i --save-dev @types/jest` or `npm i --save-dev @types/mocha`.
scripts/tests/image-to-video.test.ts(130,5): error TS2304: Cannot find name 'expect'.
scripts/tests/image-to-video.test.ts(131,7): error TS2304: Cannot find name 'expect'.
scripts/tests/image-to-video.test.ts(132,7): error TS2304: Cannot find name 'expect'.
scripts/tests/image-to-video.test.ts(134,7): error TS2304: Cannot find name 'expect'.
scripts/tests/image-to-video.test.ts(137,7): error TS2304: Cannot find name 'expect'.
scripts/tests/image-to-video.test.ts(138,7): error TS2304: Cannot find name 'expect'.
scripts/tests/image-to-video.test.ts(142,3): error TS2582: Cannot find name 'it'. Do you need to install type definitions for a test runner? Try `npm i --save-dev @types/jest` or `npm i --save-dev @types/mocha`.
scripts/tests/image-to-video.test.ts(147,5): error TS2304: Cannot find name 'expect'.
scripts/tests/image-to-video.test.ts(150,3): error TS2582: Cannot find name 'it'. Do you need to install type definitions for a test runner? Try `npm i --save-dev @types/jest` or `npm i --save-dev @types/mocha`.
scripts/tests/image-to-video.test.ts(155,5): error TS2304: Cannot find name 'expect'.
scripts/tests/image-to-video.test.ts(158,3): error TS2582: Cannot find name 'it'. Do you need to install type definitions for a test runner? Try `npm i --save-dev @types/jest` or `npm i --save-dev @types/mocha`.
scripts/tests/image-to-video.test.ts(163,5): error TS2304: Cannot find name 'expect'.
scripts/tests/IntegrationItem.test.tsx(7,33): error TS2307: Cannot find module '../IntegrationItem' or its corresponding type declarations.
scripts/tests/json-path.test.ts(2,30): error TS2307: Cannot find module '../json-path' or its corresponding type declarations.
scripts/tests/llm-client.test.ts(6,60): error TS2307: Cannot find module '../llm-client' or its corresponding type declarations.
scripts/tests/llm-client.test.ts(9,20): error TS2304: Cannot find name 'vi'.
scripts/tests/llm-client.test.ts(11,1): error TS2304: Cannot find name 'vi'.
scripts/tests/llm-client.test.ts(21,1): error TS2582: Cannot find name 'describe'. Do you need to install type definitions for a test runner? Try `npm i --save-dev @types/jest` or `npm i --save-dev @types/mocha`.
scripts/tests/llm-client.test.ts(22,3): error TS2304: Cannot find name 'beforeEach'.
scripts/tests/llm-client.test.ts(26,3): error TS2304: Cannot find name 'afterEach'.
scripts/tests/llm-client.test.ts(27,5): error TS2304: Cannot find name 'vi'.
scripts/tests/llm-client.test.ts(30,3): error TS2582: Cannot find name 'describe'. Do you need to install type definitions for a test runner? Try `npm i --save-dev @types/jest` or `npm i --save-dev @types/mocha`.
scripts/tests/llm-client.test.ts(31,5): error TS2582: Cannot find name 'it'. Do you need to install type definitions for a test runner? Try `npm i --save-dev @types/jest` or `npm i --save-dev @types/mocha`.
scripts/tests/llm-client.test.ts(47,7): error TS2304: Cannot find name 'expect'.
scripts/tests/llm-client.test.ts(48,7): error TS2304: Cannot find name 'expect'.
scripts/tests/llm-client.test.ts(49,9): error TS2304: Cannot find name 'expect'.
scripts/tests/llm-client.test.ts(58,9): error TS2304: Cannot find name 'expect'.
scripts/tests/llm-client.test.ts(62,5): error TS2582: Cannot find name 'it'. Do you need to install type definitions for a test runner? Try `npm i --save-dev @types/jest` or `npm i --save-dev @types/mocha`.
scripts/tests/llm-client.test.ts(76,7): error TS2304: Cannot find name 'expect'.
scripts/tests/llm-client.test.ts(77,9): error TS2304: Cannot find name 'expect'.
scripts/tests/llm-client.test.ts(82,9): error TS2304: Cannot find name 'expect'.
scripts/tests/llm-client.test.ts(87,3): error TS2582: Cannot find name 'describe'. Do you need to install type definitions for a test runner? Try `npm i --save-dev @types/jest` or `npm i --save-dev @types/mocha`.
scripts/tests/llm-client.test.ts(88,5): error TS2582: Cannot find name 'it'. Do you need to install type definitions for a test runner? Try `npm i --save-dev @types/jest` or `npm i --save-dev @types/mocha`.
scripts/tests/llm-client.test.ts(97,13): error TS2304: Cannot find name 'expect'.
scripts/tests/llm-client.test.ts(98,13): error TS2304: Cannot find name 'expect'.
scripts/tests/llm-client.test.ts(101,5): error TS2582: Cannot find name 'it'. Do you need to install type definitions for a test runner? Try `npm i --save-dev @types/jest` or `npm i --save-dev @types/mocha`.
scripts/tests/llm-client.test.ts(112,13): error TS2304: Cannot find name 'expect'.
scripts/tests/llm-client.test.ts(117,9): error TS2304: Cannot find name 'expect'.
scripts/tests/llm-client.test.ts(118,9): error TS2304: Cannot find name 'expect'.
scripts/tests/llm-client.test.ts(119,9): error TS2304: Cannot find name 'expect'.
scripts/tests/llm-client.test.ts(123,5): error TS2582: Cannot find name 'it'. Do you need to install type definitions for a test runner? Try `npm i --save-dev @types/jest` or `npm i --save-dev @types/mocha`.
scripts/tests/llm-client.test.ts(137,9): error TS2304: Cannot find name 'expect'.
scripts/tests/llm-client.test.ts(138,9): error TS2304: Cannot find name 'expect'.
scripts/tests/llm-client.test.ts(139,9): error TS2304: Cannot find name 'expect'.
scripts/tests/llm-client.test.ts(143,5): error TS2582: Cannot find name 'it'. Do you need to install type definitions for a test runner? Try `npm i --save-dev @types/jest` or `npm i --save-dev @types/mocha`.
scripts/tests/llm-client.test.ts(158,9): error TS2304: Cannot find name 'expect'.
scripts/tests/llm-client.test.ts(159,9): error TS2304: Cannot find name 'expect'.
scripts/tests/llm-client.test.ts(160,9): error TS2304: Cannot find name 'expect'.
scripts/tests/llm-client.test.ts(164,5): error TS2582: Cannot find name 'it'. Do you need to install type definitions for a test runner? Try `npm i --save-dev @types/jest` or `npm i --save-dev @types/mocha`.
scripts/tests/llm-client.test.ts(179,9): error TS2304: Cannot find name 'expect'.
scripts/tests/llm-client.test.ts(180,9): error TS2304: Cannot find name 'expect'.
scripts/tests/llm-client.test.ts(181,9): error TS2304: Cannot find name 'expect'.
scripts/tests/llm-client.test.ts(186,3): error TS2582: Cannot find name 'describe'. Do you need to install type definitions for a test runner? Try `npm i --save-dev @types/jest` or `npm i --save-dev @types/mocha`.
scripts/tests/llm-client.test.ts(187,5): error TS2582: Cannot find name 'it'. Do you need to install type definitions for a test runner? Try `npm i --save-dev @types/jest` or `npm i --save-dev @types/mocha`.
scripts/tests/llm-client.test.ts(204,7): error TS2304: Cannot find name 'expect'.
scripts/tests/llm-client.test.ts(205,7): error TS2304: Cannot find name 'expect'.
scripts/tests/llm-client.test.ts(208,5): error TS2582: Cannot find name 'it'. Do you need to install type definitions for a test runner? Try `npm i --save-dev @types/jest` or `npm i --save-dev @types/mocha`.
scripts/tests/llm-client.test.ts(223,7): error TS2304: Cannot find name 'expect'.
scripts/tests/llm-client.test.ts(224,7): error TS2304: Cannot find name 'expect'.
scripts/tests/llm-client.test.ts(227,5): error TS2582: Cannot find name 'it'. Do you need to install type definitions for a test runner? Try `npm i --save-dev @types/jest` or `npm i --save-dev @types/mocha`.
scripts/tests/llm-client.test.ts(235,13): error TS2304: Cannot find name 'expect'.
scripts/tests/llm-client.test.ts(236,7): error TS2304: Cannot find name 'expect'.
scripts/tests/llm-client.test.ts(239,5): error TS2582: Cannot find name 'it'. Do you need to install type definitions for a test runner? Try `npm i --save-dev @types/jest` or `npm i --save-dev @types/mocha`.
scripts/tests/llm-client.test.ts(248,13): error TS2304: Cannot find name 'expect'.
scripts/tests/llm-client.test.ts(249,7): error TS2304: Cannot find name 'expect'.
scripts/tests/llm-client.test.ts(252,5): error TS2582: Cannot find name 'it'. Do you need to install type definitions for a test runner? Try `npm i --save-dev @types/jest` or `npm i --save-dev @types/mocha`.
scripts/tests/llm-client.test.ts(274,7): error TS2304: Cannot find name 'expect'.
scripts/tests/llm-client.test.ts(278,3): error TS2582: Cannot find name 'describe'. Do you need to install type definitions for a test runner? Try `npm i --save-dev @types/jest` or `npm i --save-dev @types/mocha`.
scripts/tests/llm-client.test.ts(279,5): error TS2582: Cannot find name 'it'. Do you need to install type definitions for a test runner? Try `npm i --save-dev @types/jest` or `npm i --save-dev @types/mocha`.
scripts/tests/llm-client.test.ts(287,38): error TS7006: Parameter 'params' implicitly has an 'any' type.
scripts/tests/llm-client.test.ts(287,46): error TS7006: Parameter 'options' implicitly has an 'any' type.
scripts/tests/llm-client.test.ts(305,9): error TS2304: Cannot find name 'expect'.
scripts/tests/llm-client.test.ts(306,9): error TS2304: Cannot find name 'expect'.
scripts/tests/llm-client.test.ts(312,1): error TS2582: Cannot find name 'describe'. Do you need to install type definitions for a test runner? Try `npm i --save-dev @types/jest` or `npm i --save-dev @types/mocha`.
scripts/tests/llm-client.test.ts(315,3): error TS2304: Cannot find name 'beforeEach'.
scripts/tests/llm-client.test.ts(316,5): error TS2304: Cannot find name 'vi'.
scripts/tests/llm-client.test.ts(320,3): error TS2304: Cannot find name 'afterEach'.
scripts/tests/llm-client.test.ts(324,3): error TS2582: Cannot find name 'it'. Do you need to install type definitions for a test runner? Try `npm i --save-dev @types/jest` or `npm i --save-dev @types/mocha`.
scripts/tests/llm-client.test.ts(329,5): error TS2304: Cannot find name 'expect'.
scripts/tests/llm-client.test.ts(332,3): error TS2582: Cannot find name 'it'. Do you need to install type definitions for a test runner? Try `npm i --save-dev @types/jest` or `npm i --save-dev @types/mocha`.
scripts/tests/llm-client.test.ts(335,5): error TS2304: Cannot find name 'expect'.
scripts/tests/llm-client.test.ts(336,5): error TS2304: Cannot find name 'expect'.
scripts/tests/llm-client.test.ts(339,3): error TS2582: Cannot find name 'it'. Do you need to install type definitions for a test runner? Try `npm i --save-dev @types/jest` or `npm i --save-dev @types/mocha`.
scripts/tests/llm-client.test.ts(345,5): error TS2304: Cannot find name 'expect'.
scripts/tests/llm-client.test.ts(348,3): error TS2582: Cannot find name 'it'. Do you need to install type definitions for a test runner? Try `npm i --save-dev @types/jest` or `npm i --save-dev @types/mocha`.
scripts/tests/llm-client.test.ts(354,5): error TS2304: Cannot find name 'expect'.
scripts/tests/mcp-auth.test.ts(13,8): error TS2307: Cannot find module '../mcp-auth' or its corresponding type declarations.
scripts/tests/mcp-auth.test.ts(15,1): error TS2582: Cannot find name 'describe'. Do you need to install type definitions for a test runner? Try `npm i --save-dev @types/jest` or `npm i --save-dev @types/mocha`.
scripts/tests/mcp-auth.test.ts(18,3): error TS2304: Cannot find name 'beforeEach'.
scripts/tests/mcp-auth.test.ts(23,3): error TS2304: Cannot find name 'afterEach'.
scripts/tests/mcp-auth.test.ts(32,3): error TS2582: Cannot find name 'describe'. Do you need to install type definitions for a test runner? Try `npm i --save-dev @types/jest` or `npm i --save-dev @types/mocha`.
scripts/tests/mcp-auth.test.ts(33,5): error TS2582: Cannot find name 'it'. Do you need to install type definitions for a test runner? Try `npm i --save-dev @types/jest` or `npm i --save-dev @types/mocha`.
scripts/tests/mcp-auth.test.ts(40,7): error TS2304: Cannot find name 'expect'.
scripts/tests/mcp-auth.test.ts(43,5): error TS2582: Cannot find name 'it'. Do you need to install type definitions for a test runner? Try `npm i --save-dev @types/jest` or `npm i --save-dev @types/mocha`.
scripts/tests/mcp-auth.test.ts(46,7): error TS2304: Cannot find name 'expect'.
scripts/tests/mcp-auth.test.ts(49,5): error TS2582: Cannot find name 'it'. Do you need to install type definitions for a test runner? Try `npm i --save-dev @types/jest` or `npm i --save-dev @types/mocha`.
scripts/tests/mcp-auth.test.ts(56,7): error TS2304: Cannot find name 'expect'.
scripts/tests/mcp-auth.test.ts(59,5): error TS2582: Cannot find name 'it'. Do you need to install type definitions for a test runner? Try `npm i --save-dev @types/jest` or `npm i --save-dev @types/mocha`.
scripts/tests/mcp-auth.test.ts(66,7): error TS2304: Cannot find name 'expect'.
scripts/tests/mcp-auth.test.ts(69,5): error TS2582: Cannot find name 'it'. Do you need to install type definitions for a test runner? Try `npm i --save-dev @types/jest` or `npm i --save-dev @types/mocha`.
scripts/tests/mcp-auth.test.ts(76,7): error TS2304: Cannot find name 'expect'.
scripts/tests/mcp-auth.test.ts(79,5): error TS2582: Cannot find name 'it'. Do you need to install type definitions for a test runner? Try `npm i --save-dev @types/jest` or `npm i --save-dev @types/mocha`.
scripts/tests/mcp-auth.test.ts(88,7): error TS2304: Cannot find name 'expect'.
scripts/tests/mcp-auth.test.ts(91,5): error TS2582: Cannot find name 'it'. Do you need to install type definitions for a test runner? Try `npm i --save-dev @types/jest` or `npm i --save-dev @types/mocha`.
scripts/tests/mcp-auth.test.ts(98,7): error TS2304: Cannot find name 'expect'.
scripts/tests/mcp-auth.test.ts(101,5): error TS2582: Cannot find name 'it'. Do you need to install type definitions for a test runner? Try `npm i --save-dev @types/jest` or `npm i --save-dev @types/mocha`.
scripts/tests/mcp-auth.test.ts(108,7): error TS2304: Cannot find name 'expect'.
scripts/tests/mcp-auth.test.ts(112,3): error TS2582: Cannot find name 'describe'. Do you need to install type definitions for a test runner? Try `npm i --save-dev @types/jest` or `npm i --save-dev @types/mocha`.
scripts/tests/mcp-auth.test.ts(113,5): error TS2582: Cannot find name 'it'. Do you need to install type definitions for a test runner? Try `npm i --save-dev @types/jest` or `npm i --save-dev @types/mocha`.
scripts/tests/mcp-auth.test.ts(129,7): error TS2304: Cannot find name 'expect'.
scripts/tests/mcp-auth.test.ts(130,7): error TS2304: Cannot find name 'expect'.
scripts/tests/mcp-auth.test.ts(133,5): error TS2582: Cannot find name 'it'. Do you need to install type definitions for a test runner? Try `npm i --save-dev @types/jest` or `npm i --save-dev @types/mocha`.
scripts/tests/mcp-auth.test.ts(149,7): error TS2304: Cannot find name 'expect'.
scripts/tests/mcp-auth.test.ts(150,7): error TS2304: Cannot find name 'expect'.
scripts/tests/mcp-auth.test.ts(157,5): error TS2582: Cannot find name 'it'. Do you need to install type definitions for a test runner? Try `npm i --save-dev @types/jest` or `npm i --save-dev @types/mocha`.
scripts/tests/mcp-auth.test.ts(169,7): error TS2304: Cannot find name 'expect'.
scripts/tests/mcp-auth.test.ts(170,7): error TS2304: Cannot find name 'expect'.
scripts/tests/mcp-auth.test.ts(177,5): error TS2582: Cannot find name 'it'. Do you need to install type definitions for a test runner? Try `npm i --save-dev @types/jest` or `npm i --save-dev @types/mocha`.
scripts/tests/mcp-auth.test.ts(197,7): error TS2304: Cannot find name 'expect'.
scripts/tests/mcp-auth.test.ts(198,7): error TS2304: Cannot find name 'expect'.
scripts/tests/mcp-auth.test.ts(201,5): error TS2582: Cannot find name 'it'. Do you need to install type definitions for a test runner? Try `npm i --save-dev @types/jest` or `npm i --save-dev @types/mocha`.
scripts/tests/mcp-auth.test.ts(215,7): error TS2304: Cannot find name 'expect'.
scripts/tests/mcp-auth.test.ts(219,3): error TS2582: Cannot find name 'describe'. Do you need to install type definitions for a test runner? Try `npm i --save-dev @types/jest` or `npm i --save-dev @types/mocha`.
scripts/tests/mcp-auth.test.ts(220,5): error TS2582: Cannot find name 'it'. Do you need to install type definitions for a test runner? Try `npm i --save-dev @types/jest` or `npm i --save-dev @types/mocha`.
scripts/tests/mcp-auth.test.ts(223,7): error TS2304: Cannot find name 'expect'.
scripts/tests/mcp-auth.test.ts(228,5): error TS2582: Cannot find name 'it'. Do you need to install type definitions for a test runner? Try `npm i --save-dev @types/jest` or `npm i --save-dev @types/mocha`.
scripts/tests/mcp-auth.test.ts(231,7): error TS2304: Cannot find name 'expect'.
scripts/tests/mcp-auth.test.ts(236,5): error TS2582: Cannot find name 'it'. Do you need to install type definitions for a test runner? Try `npm i --save-dev @types/jest` or `npm i --save-dev @types/mocha`.
scripts/tests/mcp-auth.test.ts(242,9): error TS2304: Cannot find name 'expect'.
scripts/tests/mcp-auth.test.ts(243,9): error TS2304: Cannot find name 'expect'.
scripts/tests/mcp-auth.test.ts(247,5): error TS2582: Cannot find name 'it'. Do you need to install type definitions for a test runner? Try `npm i --save-dev @types/jest` or `npm i --save-dev @types/mocha`.
scripts/tests/mcp-auth.test.ts(250,7): error TS2304: Cannot find name 'expect'.
scripts/tests/mcp-auth.test.ts(256,3): error TS2582: Cannot find name 'describe'. Do you need to install type definitions for a test runner? Try `npm i --save-dev @types/jest` or `npm i --save-dev @types/mocha`.
scripts/tests/mcp-auth.test.ts(257,5): error TS2582: Cannot find name 'it'. Do you need to install type definitions for a test runner? Try `npm i --save-dev @types/jest` or `npm i --save-dev @types/mocha`.
scripts/tests/mcp-auth.test.ts(269,7): error TS2304: Cannot find name 'expect'.
scripts/tests/mcp-auth.test.ts(270,7): error TS2304: Cannot find name 'expect'.
scripts/tests/mcp-auth.test.ts(271,7): error TS2304: Cannot find name 'expect'.
scripts/tests/mcp-auth.test.ts(272,7): error TS2304: Cannot find name 'expect'.
scripts/tests/mcp-auth.test.ts(276,3): error TS2582: Cannot find name 'describe'. Do you need to install type definitions for a test runner? Try `npm i --save-dev @types/jest` or `npm i --save-dev @types/mocha`.
scripts/tests/mcp-auth.test.ts(277,5): error TS2582: Cannot find name 'it'. Do you need to install type definitions for a test runner? Try `npm i --save-dev @types/jest` or `npm i --save-dev @types/mocha`.
scripts/tests/mcp-auth.test.ts(297,7): error TS2304: Cannot find name 'expect'.
scripts/tests/mcp-auth.test.ts(298,7): error TS2304: Cannot find name 'expect'.
scripts/tests/mcp-auth.test.ts(301,5): error TS2582: Cannot find name 'it'. Do you need to install type definitions for a test runner? Try `npm i --save-dev @types/jest` or `npm i --save-dev @types/mocha`.
scripts/tests/mcp-auth.test.ts(319,9): error TS2304: Cannot find name 'expect'.
scripts/tests/mcp-auth.test.ts(320,9): error TS2304: Cannot find name 'expect'.
scripts/tests/media-library.test.ts(7,36): error TS2307: Cannot find module '../media-library' or its corresponding type declarations.
scripts/tests/media-library.test.ts(10,1): error TS2304: Cannot find name 'vi'.
scripts/tests/media-library.test.ts(11,13): error TS2304: Cannot find name 'vi'.
scripts/tests/media-library.test.ts(23,14): error TS2304: Cannot find name 'vi'.
scripts/tests/media-library.test.ts(27,1): error TS2304: Cannot find name 'vi'.
scripts/tests/media-library.test.ts(27,28): error TS7006: Parameter 'importOriginal' implicitly has an 'any' type.
scripts/tests/media-library.test.ts(28,24): error TS2347: Untyped function calls may not accept type arguments.
scripts/tests/media-library.test.ts(28,53): error TS2307: Cannot find module '../utils' or its corresponding type declarations.
scripts/tests/media-library.test.ts(31,22): error TS2304: Cannot find name 'vi'.
scripts/tests/media-library.test.ts(32,16): error TS2304: Cannot find name 'vi'.
scripts/tests/media-library.test.ts(36,1): error TS2582: Cannot find name 'describe'. Do you need to install type definitions for a test runner? Try `npm i --save-dev @types/jest` or `npm i --save-dev @types/mocha`.
scripts/tests/media-library.test.ts(42,3): error TS2304: Cannot find name 'beforeEach'.
scripts/tests/media-library.test.ts(44,5): error TS2304: Cannot find name 'vi'.
scripts/tests/media-library.test.ts(47,3): error TS2582: Cannot find name 'it'. Do you need to install type definitions for a test runner? Try `npm i --save-dev @types/jest` or `npm i --save-dev @types/mocha`.
scripts/tests/media-library.test.ts(55,46): error TS2307: Cannot find module '../utils' or its corresponding type declarations.
scripts/tests/media-library.test.ts(56,5): error TS2304: Cannot find name 'expect'.
scripts/tests/media-library.test.ts(59,7): error TS2304: Cannot find name 'expect'.
scripts/tests/media-library.test.ts(61,17): error TS2304: Cannot find name 'expect'.
scripts/tests/media-library.test.ts(62,23): error TS2304: Cannot find name 'expect'.
scripts/tests/media-library.test.ts(63,13): error TS2304: Cannot find name 'expect'.
scripts/tests/media-library.test.ts(64,13): error TS2304: Cannot find name 'expect'.
scripts/tests/media-library.test.ts(72,3): error TS2582: Cannot find name 'it'. Do you need to install type definitions for a test runner? Try `npm i --save-dev @types/jest` or `npm i --save-dev @types/mocha`.
scripts/tests/media-library.test.ts(82,46): error TS2307: Cannot find module '../utils' or its corresponding type declarations.
scripts/tests/media-library.test.ts(83,5): error TS2304: Cannot find name 'expect'.
scripts/tests/media-library.test.ts(86,7): error TS2304: Cannot find name 'expect'.
scripts/tests/media-library.test.ts(88,17): error TS2304: Cannot find name 'expect'.
scripts/tests/media-library.test.ts(89,23): error TS2304: Cannot find name 'expect'.
scripts/tests/media-library.test.ts(90,13): error TS2304: Cannot find name 'expect'.
scripts/tests/media-library.test.ts(91,13): error TS2304: Cannot find name 'expect'.
scripts/tests/media-library.test.ts(99,3): error TS2582: Cannot find name 'it'. Do you need to install type definitions for a test runner? Try `npm i --save-dev @types/jest` or `npm i --save-dev @types/mocha`.
scripts/tests/media-library.test.ts(109,46): error TS2307: Cannot find module '../utils' or its corresponding type declarations.
scripts/tests/media-library.test.ts(110,5): error TS2304: Cannot find name 'expect'.
scripts/tests/media-library.test.ts(113,7): error TS2304: Cannot find name 'expect'.
scripts/tests/media-library.test.ts(115,17): error TS2304: Cannot find name 'expect'.
scripts/tests/media-library.test.ts(116,23): error TS2304: Cannot find name 'expect'.
scripts/tests/media-library.test.ts(117,13): error TS2304: Cannot find name 'expect'.
scripts/tests/media-library.test.ts(118,13): error TS2304: Cannot find name 'expect'.
scripts/tests/media-library.test.ts(126,3): error TS2582: Cannot find name 'it'. Do you need to install type definitions for a test runner? Try `npm i --save-dev @types/jest` or `npm i --save-dev @types/mocha`.
scripts/tests/media-library.test.ts(133,46): error TS2307: Cannot find module '../utils' or its corresponding type declarations.
scripts/tests/media-library.test.ts(134,5): error TS2304: Cannot find name 'expect'.
scripts/tests/media-library.test.ts(137,7): error TS2304: Cannot find name 'expect'.
scripts/tests/media-library.test.ts(139,17): error TS2304: Cannot find name 'expect'.
scripts/tests/media-library.test.ts(146,3): error TS2582: Cannot find name 'it'. Do you need to install type definitions for a test runner? Try `npm i --save-dev @types/jest` or `npm i --save-dev @types/mocha`.
scripts/tests/media-library.test.ts(154,46): error TS2307: Cannot find module '../utils' or its corresponding type declarations.
scripts/tests/media-library.test.ts(155,5): error TS2304: Cannot find name 'expect'.
scripts/tests/media-library.test.ts(158,7): error TS2304: Cannot find name 'expect'.
scripts/tests/media-library.test.ts(160,17): error TS2304: Cannot find name 'expect'.
scripts/tests/media-library.test.ts(167,3): error TS2582: Cannot find name 'it'. Do you need to install type definitions for a test runner? Try `npm i --save-dev @types/jest` or `npm i --save-dev @types/mocha`.
scripts/tests/media-library.test.ts(174,46): error TS2307: Cannot find module '../utils' or its corresponding type declarations.
scripts/tests/media-library.test.ts(175,5): error TS2304: Cannot find name 'expect'.
scripts/tests/media-library.test.ts(178,7): error TS2304: Cannot find name 'expect'.
scripts/tests/media-library.test.ts(180,16): error TS2304: Cannot find name 'expect'.
scripts/tests/media-service.property.test.ts(13,8): error TS2307: Cannot find module '../media-service' or its corresponding type declarations.
scripts/tests/media-service.property.test.ts(14,32): error TS2307: Cannot find module '../../../types/media' or its corresponding type declarations.
scripts/tests/mermaid-generator.test.ts(9,33): error TS2307: Cannot find module '../mermaid-generator' or its corresponding type declarations.
scripts/tests/mermaid-generator.test.ts(10,33): error TS2307: Cannot find module '../mermaid-parser' or its corresponding type declarations.
scripts/tests/mermaid-generator.test.ts(229,41): error TS7006: Parameter 'n' implicitly has an 'any' type.
scripts/tests/mermaid-generator.test.ts(230,51): error TS7006: Parameter 'n' implicitly has an 'any' type.
scripts/tests/mermaid-generator.test.ts(235,12): error TS7006: Parameter 'e' implicitly has an 'any' type.
scripts/tests/mermaid-generator.test.ts(238,12): error TS7006: Parameter 'e' implicitly has an 'any' type.
scripts/tests/mermaid-parser.test.ts(10,52): error TS2307: Cannot find module '../mermaid-parser' or its corresponding type declarations.
scripts/tests/mermaid-parser.test.ts(24,29): error TS7006: Parameter 'n' implicitly has an 'any' type.
scripts/tests/mermaid-parser.test.ts(42,37): error TS7006: Parameter 'n' implicitly has an 'any' type.
scripts/tests/mermaid-parser.test.ts(43,37): error TS7006: Parameter 'n' implicitly has an 'any' type.
scripts/tests/mermaid-parser.test.ts(57,37): error TS7006: Parameter 'n' implicitly has an 'any' type.
scripts/tests/mermaid-parser.test.ts(69,37): error TS7006: Parameter 'n' implicitly has an 'any' type.
scripts/tests/mermaid-parser.test.ts(70,37): error TS7006: Parameter 'n' implicitly has an 'any' type.
scripts/tests/mermaid-parser.test.ts(84,37): error TS7006: Parameter 'n' implicitly has an 'any' type.
scripts/tests/mermaid-parser.test.ts(96,37): error TS7006: Parameter 'n' implicitly has an 'any' type.
scripts/tests/mermaid-parser.test.ts(108,37): error TS7006: Parameter 'n' implicitly has an 'any' type.
scripts/tests/mermaid-parser.test.ts(120,37): error TS7006: Parameter 'n' implicitly has an 'any' type.
scripts/tests/mermaid-parser.test.ts(132,37): error TS7006: Parameter 'n' implicitly has an 'any' type.
scripts/tests/mermaid-parser.test.ts(144,37): error TS7006: Parameter 'n' implicitly has an 'any' type.
scripts/tests/mermaid-parser.test.ts(163,37): error TS7006: Parameter 'n' implicitly has an 'any' type.
scripts/tests/mermaid-parser.test.ts(184,36): error TS7006: Parameter 'e' implicitly has an 'any' type.
scripts/tests/mermaid-parser.test.ts(208,40): error TS7006: Parameter 'n' implicitly has an 'any' type.
scripts/tests/mermaid-parser.test.ts(224,37): error TS7006: Parameter 'e' implicitly has an 'any' type.
scripts/tests/mermaid-parser.test.ts(225,37): error TS7006: Parameter 'e' implicitly has an 'any' type.
scripts/tests/mermaid-parser.test.ts(242,37): error TS7006: Parameter 'n' implicitly has an 'any' type.
scripts/tests/mermaid-parser.test.ts(243,37): error TS7006: Parameter 'n' implicitly has an 'any' type.
scripts/tests/mermaid-parser.test.ts(244,37): error TS7006: Parameter 'n' implicitly has an 'any' type.
scripts/tests/mermaid-parser.test.ts(263,39): error TS7006: Parameter 'e' implicitly has an 'any' type.
scripts/tests/mermaid-parser.test.ts(264,39): error TS7006: Parameter 'e' implicitly has an 'any' type.
scripts/tests/mermaid-parser.test.ts(394,14): error TS18046: 'error' is of type 'unknown'.
scripts/tests/mermaid-parser.test.ts(395,14): error TS18046: 'error' is of type 'unknown'.
scripts/tests/mermaid-parser.test.ts(409,14): error TS18046: 'error' is of type 'unknown'.
scripts/tests/mermaid-parser.test.ts(410,14): error TS18046: 'error' is of type 'unknown'.
scripts/tests/mermaid-parser.test.ts(424,24): error TS18046: 'error' is of type 'unknown'.
scripts/tests/mermaid-roundtrip.property.test.ts(11,33): error TS2307: Cannot find module '../mermaid-parser' or its corresponding type declarations.
scripts/tests/mermaid-roundtrip.property.test.ts(12,33): error TS2307: Cannot find module '../mermaid-generator' or its corresponding type declarations.
scripts/tests/modify-workflow.property.test.ts(13,61): error TS2307: Cannot find module '../action-executor' or its corresponding type declarations.
scripts/tests/modify-workflow.property.test.ts(34,1): error TS2304: Cannot find name 'vi'.
scripts/tests/modify-workflow.property.test.ts(35,12): error TS2304: Cannot find name 'vi'.
scripts/tests/modify-workflow.property.test.ts(42,1): error TS2304: Cannot find name 'vi'.
scripts/tests/modify-workflow.property.test.ts(43,15): error TS2304: Cannot find name 'vi'.
scripts/tests/modify-workflow.property.test.ts(48,18): error TS2304: Cannot find name 'vi'.
scripts/tests/modify-workflow.property.test.ts(206,1): error TS2582: Cannot find name 'describe'. Do you need to install type definitions for a test runner? Try `npm i --save-dev @types/jest` or `npm i --save-dev @types/mocha`.
scripts/tests/modify-workflow.property.test.ts(207,3): error TS2304: Cannot find name 'beforeEach'.
scripts/tests/modify-workflow.property.test.ts(225,3): error TS2582: Cannot find name 'it'. Do you need to install type definitions for a test runner? Try `npm i --save-dev @types/jest` or `npm i --save-dev @types/mocha`.
scripts/tests/modify-workflow.property.test.ts(247,61): error TS7006: Parameter 'n' implicitly has an 'any' type.
scripts/tests/modify-workflow.property.test.ts(251,15): error TS2304: Cannot find name 'expect'.
scripts/tests/modify-workflow.property.test.ts(257,15): error TS2304: Cannot find name 'expect'.
scripts/tests/move.test.ts(18,22): error TS2307: Cannot find module '../[entityId]/move/route' or its corresponding type declarations.
scripts/tests/move.test.ts(22,1): error TS2582: Cannot find name 'describe'. Do you need to install type definitions for a test runner? Try `npm i --save-dev @types/jest` or `npm i --save-dev @types/mocha`.
scripts/tests/move.test.ts(28,3): error TS2304: Cannot find name 'beforeEach'.
scripts/tests/move.test.ts(82,3): error TS2304: Cannot find name 'afterEach'.
scripts/tests/move.test.ts(93,3): error TS2582: Cannot find name 'describe'. Do you need to install type definitions for a test runner? Try `npm i --save-dev @types/jest` or `npm i --save-dev @types/mocha`.
scripts/tests/move.test.ts(94,5): error TS2582: Cannot find name 'it'. Do you need to install type definitions for a test runner? Try `npm i --save-dev @types/jest` or `npm i --save-dev @types/mocha`.
scripts/tests/move.test.ts(106,7): error TS2304: Cannot find name 'expect'.
scripts/tests/move.test.ts(107,7): error TS2304: Cannot find name 'expect'.
scripts/tests/move.test.ts(110,5): error TS2582: Cannot find name 'it'. Do you need to install type definitions for a test runner? Try `npm i --save-dev @types/jest` or `npm i --save-dev @types/mocha`.
scripts/tests/move.test.ts(122,7): error TS2304: Cannot find name 'expect'.
scripts/tests/move.test.ts(123,7): error TS2304: Cannot find name 'expect'.
scripts/tests/move.test.ts(124,7): error TS2304: Cannot find name 'expect'.
scripts/tests/move.test.ts(128,3): error TS2582: Cannot find name 'describe'. Do you need to install type definitions for a test runner? Try `npm i --save-dev @types/jest` or `npm i --save-dev @types/mocha`.
scripts/tests/move.test.ts(129,5): error TS2582: Cannot find name 'it'. Do you need to install type definitions for a test runner? Try `npm i --save-dev @types/jest` or `npm i --save-dev @types/mocha`.
scripts/tests/move.test.ts(163,7): error TS2304: Cannot find name 'expect'.
scripts/tests/move.test.ts(164,7): error TS2304: Cannot find name 'expect'.
scripts/tests/move.test.ts(167,5): error TS2582: Cannot find name 'it'. Do you need to install type definitions for a test runner? Try `npm i --save-dev @types/jest` or `npm i --save-dev @types/mocha`.
scripts/tests/move.test.ts(178,7): error TS2304: Cannot find name 'expect'.
scripts/tests/move.test.ts(181,5): error TS2582: Cannot find name 'it'. Do you need to install type definitions for a test runner? Try `npm i --save-dev @types/jest` or `npm i --save-dev @types/mocha`.
scripts/tests/move.test.ts(204,7): error TS2304: Cannot find name 'expect'.
scripts/tests/move.test.ts(208,3): error TS2582: Cannot find name 'describe'. Do you need to install type definitions for a test runner? Try `npm i --save-dev @types/jest` or `npm i --save-dev @types/mocha`.
scripts/tests/move.test.ts(209,5): error TS2582: Cannot find name 'it'. Do you need to install type definitions for a test runner? Try `npm i --save-dev @types/jest` or `npm i --save-dev @types/mocha`.
scripts/tests/move.test.ts(221,7): error TS2304: Cannot find name 'expect'.
scripts/tests/move.test.ts(222,7): error TS2304: Cannot find name 'expect'.
scripts/tests/move.test.ts(231,7): error TS2304: Cannot find name 'expect'.
scripts/tests/move.test.ts(234,5): error TS2582: Cannot find name 'it'. Do you need to install type definitions for a test runner? Try `npm i --save-dev @types/jest` or `npm i --save-dev @types/mocha`.
scripts/tests/move.test.ts(256,7): error TS2304: Cannot find name 'expect'.
scripts/tests/move.test.ts(257,7): error TS2304: Cannot find name 'expect'.
scripts/tests/move.test.ts(258,7): error TS2304: Cannot find name 'expect'.
scripts/tests/move.test.ts(262,3): error TS2582: Cannot find name 'describe'. Do you need to install type definitions for a test runner? Try `npm i --save-dev @types/jest` or `npm i --save-dev @types/mocha`.
scripts/tests/move.test.ts(263,5): error TS2582: Cannot find name 'it'. Do you need to install type definitions for a test runner? Try `npm i --save-dev @types/jest` or `npm i --save-dev @types/mocha`.
scripts/tests/move.test.ts(275,7): error TS2304: Cannot find name 'expect'.
scripts/tests/move.test.ts(276,7): error TS2304: Cannot find name 'expect'.
scripts/tests/move.test.ts(277,7): error TS2304: Cannot find name 'expect'.
scripts/tests/move.test.ts(278,7): error TS2304: Cannot find name 'expect'.
scripts/tests/move.test.ts(279,7): error TS2304: Cannot find name 'expect'.
scripts/tests/move.test.ts(282,5): error TS2582: Cannot find name 'it'. Do you need to install type definitions for a test runner? Try `npm i --save-dev @types/jest` or `npm i --save-dev @types/mocha`.
scripts/tests/move.test.ts(294,7): error TS2304: Cannot find name 'expect'.
scripts/tests/move.test.ts(295,7): error TS2304: Cannot find name 'expect'.
scripts/tests/move.test.ts(296,7): error TS2304: Cannot find name 'expect'.
scripts/tests/move.test.ts(297,7): error TS2304: Cannot find name 'expect'.
scripts/tests/move.test.ts(301,3): error TS2582: Cannot find name 'describe'. Do you need to install type definitions for a test runner? Try `npm i --save-dev @types/jest` or `npm i --save-dev @types/mocha`.
scripts/tests/move.test.ts(302,5): error TS2582: Cannot find name 'it'. Do you need to install type definitions for a test runner? Try `npm i --save-dev @types/jest` or `npm i --save-dev @types/mocha`.
scripts/tests/move.test.ts(312,7): error TS2304: Cannot find name 'expect'.
scripts/tests/move.test.ts(313,7): error TS2304: Cannot find name 'expect'.
scripts/tests/move.test.ts(316,5): error TS2582: Cannot find name 'it'. Do you need to install type definitions for a test runner? Try `npm i --save-dev @types/jest` or `npm i --save-dev @types/mocha`.
scripts/tests/move.test.ts(329,7): error TS2304: Cannot find name 'expect'.
scripts/tests/move.test.ts(330,7): error TS2304: Cannot find name 'expect'.
scripts/tests/move.test.ts(333,5): error TS2582: Cannot find name 'it'. Do you need to install type definitions for a test runner? Try `npm i --save-dev @types/jest` or `npm i --save-dev @types/mocha`.
scripts/tests/move.test.ts(351,7): error TS2304: Cannot find name 'expect'.
scripts/tests/move.test.ts(352,7): error TS2304: Cannot find name 'expect'.
scripts/tests/move.test.ts(356,3): error TS2582: Cannot find name 'describe'. Do you need to install type definitions for a test runner? Try `npm i --save-dev @types/jest` or `npm i --save-dev @types/mocha`.
scripts/tests/move.test.ts(357,5): error TS2582: Cannot find name 'it'. Do you need to install type definitions for a test runner? Try `npm i --save-dev @types/jest` or `npm i --save-dev @types/mocha`.
scripts/tests/move.test.ts(369,7): error TS2304: Cannot find name 'expect'.
scripts/tests/move.test.ts(370,7): error TS2304: Cannot find name 'expect'.
scripts/tests/move.test.ts(371,7): error TS2304: Cannot find name 'expect'.
scripts/tests/move.test.ts(372,7): error TS2304: Cannot find name 'expect'.
scripts/tests/move.test.ts(373,7): error TS2304: Cannot find name 'expect'.
scripts/tests/node-map.test.ts(13,8): error TS2307: Cannot find module '../node-map' or its corresponding type declarations.
scripts/tests/NodeConfigPanel.test.tsx(21,33): error TS2307: Cannot find module '../NodeConfigPanel' or its corresponding type declarations.
scripts/tests/NodeConfigPanel.test.tsx(45,72): error TS2339: Property 'toBeInTheDocument' does not exist on type 'Assertion<Element | null>'.
scripts/tests/NodeConfigPanel.test.tsx(50,27): error TS2694: Namespace 'global.jest' has no exported member 'Mock'.
scripts/tests/NodeConfigPanel.test.tsx(77,58): error TS2339: Property 'toBeInTheDocument' does not exist on type 'Assertion<HTMLElement>'.
scripts/tests/NodeConfigPanel.test.tsx(81,54): error TS2339: Property 'toBeInTheDocument' does not exist on type 'Assertion<HTMLElement>'.
scripts/tests/NodeConfigPanel.test.tsx(86,42): error TS2339: Property 'toBeInTheDocument' does not exist on type 'Assertion<HTMLElement>'.
scripts/tests/NodeConfigPanel.test.tsx(91,27): error TS2694: Namespace 'global.jest' has no exported member 'Mock'.
scripts/tests/NodeConfigPanel.test.tsx(123,27): error TS2694: Namespace 'global.jest' has no exported member 'Mock'.
scripts/tests/NodeConfigPanel.test.tsx(137,63): error TS2339: Property 'toBeInTheDocument' does not exist on type 'Assertion<HTMLElement>'.
scripts/tests/NodeConfigPanel.test.tsx(142,27): error TS2694: Namespace 'global.jest' has no exported member 'Mock'.
scripts/tests/NodeConfigPanel.test.tsx(171,62): error TS2339: Property 'toBeInTheDocument' does not exist on type 'Assertion<HTMLElement>'.
scripts/tests/NodeConfigPanel.test.tsx(176,27): error TS2694: Namespace 'global.jest' has no exported member 'Mock'.
scripts/tests/NodeConfigPanel.test.tsx(204,42): error TS2339: Property 'toBeInTheDocument' does not exist on type 'Assertion<HTMLElement>'.
scripts/tests/NodeConfigPanel.test.tsx(205,44): error TS2339: Property 'toBeInTheDocument' does not exist on type 'Assertion<HTMLElement>'.
scripts/tests/NodeConfigPanel.test.tsx(212,27): error TS2694: Namespace 'global.jest' has no exported member 'Mock'.
scripts/tests/NodeConfigPanel.test.tsx(243,11): error TS2339: Property 'toBeInTheDocument' does not exist on type 'Assertion<HTMLElement>'.
scripts/tests/NodeConfigPanel.test.tsx(248,27): error TS2694: Namespace 'global.jest' has no exported member 'Mock'.
scripts/tests/NodeConfigPanel.test.tsx(275,54): error TS2339: Property 'toBeInTheDocument' does not exist on type 'Assertion<HTMLElement>'.
scripts/tests/NodeConfigPanel.test.tsx(290,60): error TS2339: Property 'toBeInTheDocument' does not exist on type 'Assertion<HTMLElement | null>'.
scripts/tests/PersonItem.test.tsx(6,28): error TS2307: Cannot find module '../PersonItem' or its corresponding type declarations.
scripts/tests/position.property.test.ts(4,41): error TS2307: Cannot find module '../position' or its corresponding type declarations.
scripts/tests/processor.test.ts(7,32): error TS2307: Cannot find module '../processor' or its corresponding type declarations.
scripts/tests/processor.test.ts(8,58): error TS2307: Cannot find module '../../db/webhook-configs' or its corresponding type declarations.
scripts/tests/processor.test.ts(9,37): error TS2307: Cannot find module '../../db/webhook-events' or its corresponding type declarations.
scripts/tests/processor.test.ts(10,63): error TS2307: Cannot find module '../../db/flows' or its corresponding type declarations.
scripts/tests/processor.test.ts(11,35): error TS2307: Cannot find module '../../db/runs' or its corresponding type declarations.
scripts/tests/processor.test.ts(12,32): error TS2307: Cannot find module '../../supabase/client' or its corresponding type declarations.
scripts/tests/processor.test.ts(17,1): error TS2582: Cannot find name 'describe'. Do you need to install type definitions for a test runner? Try `npm i --save-dev @types/jest` or `npm i --save-dev @types/mocha`.
scripts/tests/processor.test.ts(24,3): error TS2304: Cannot find name 'beforeEach'.
scripts/tests/processor.test.ts(57,3): error TS2304: Cannot find name 'afterEach'.
scripts/tests/processor.test.ts(105,3): error TS2582: Cannot find name 'describe'. Do you need to install type definitions for a test runner? Try `npm i --save-dev @types/jest` or `npm i --save-dev @types/mocha`.
scripts/tests/processor.test.ts(106,5): error TS2582: Cannot find name 'it'. Do you need to install type definitions for a test runner? Try `npm i --save-dev @types/jest` or `npm i --save-dev @types/mocha`.
scripts/tests/processor.test.ts(156,7): error TS2304: Cannot find name 'expect'.
scripts/tests/processor.test.ts(157,7): error TS2304: Cannot find name 'expect'.
scripts/tests/processor.test.ts(158,7): error TS2304: Cannot find name 'expect'.
scripts/tests/processor.test.ts(159,7): error TS2304: Cannot find name 'expect'.
scripts/tests/processor.test.ts(160,7): error TS2304: Cannot find name 'expect'.
scripts/tests/processor.test.ts(164,7): error TS2304: Cannot find name 'expect'.
scripts/tests/processor.test.ts(165,7): error TS2304: Cannot find name 'expect'.
scripts/tests/processor.test.ts(166,7): error TS2304: Cannot find name 'expect'.
scripts/tests/processor.test.ts(167,7): error TS2304: Cannot find name 'expect'.
scripts/tests/processor.test.ts(168,7): error TS2304: Cannot find name 'expect'.
scripts/tests/processor.test.ts(178,7): error TS2304: Cannot find name 'expect'.
scripts/tests/processor.test.ts(179,7): error TS2304: Cannot find name 'expect'.
scripts/tests/processor.test.ts(180,7): error TS2304: Cannot find name 'expect'.
scripts/tests/processor.test.ts(181,7): error TS2304: Cannot find name 'expect'.
scripts/tests/processor.test.ts(182,7): error TS2304: Cannot find name 'expect'.
scripts/tests/processor.test.ts(186,7): error TS2304: Cannot find name 'expect'.
scripts/tests/processor.test.ts(187,7): error TS2304: Cannot find name 'expect'.
scripts/tests/processor.test.ts(188,7): error TS2304: Cannot find name 'expect'.
scripts/tests/processor.test.ts(189,7): error TS2304: Cannot find name 'expect'.
scripts/tests/processor.test.ts(190,7): error TS2304: Cannot find name 'expect'.
scripts/tests/processor.test.ts(193,5): error TS2582: Cannot find name 'it'. Do you need to install type definitions for a test runner? Try `npm i --save-dev @types/jest` or `npm i --save-dev @types/mocha`.
scripts/tests/processor.test.ts(246,7): error TS2304: Cannot find name 'expect'.
scripts/tests/processor.test.ts(247,7): error TS2304: Cannot find name 'expect'.
scripts/tests/processor.test.ts(256,7): error TS2304: Cannot find name 'expect'.
scripts/tests/processor.test.ts(257,7): error TS2304: Cannot find name 'expect'.
scripts/tests/processor.test.ts(261,3): error TS2582: Cannot find name 'describe'. Do you need to install type definitions for a test runner? Try `npm i --save-dev @types/jest` or `npm i --save-dev @types/mocha`.
scripts/tests/processor.test.ts(262,5): error TS2582: Cannot find name 'it'. Do you need to install type definitions for a test runner? Try `npm i --save-dev @types/jest` or `npm i --save-dev @types/mocha`.
scripts/tests/processor.test.ts(298,7): error TS2304: Cannot find name 'expect'.
scripts/tests/processor.test.ts(299,7): error TS2304: Cannot find name 'expect'.
scripts/tests/processor.test.ts(303,7): error TS2304: Cannot find name 'expect'.
scripts/tests/processor.test.ts(304,7): error TS2304: Cannot find name 'expect'.
scripts/tests/processor.test.ts(305,7): error TS2304: Cannot find name 'expect'.
scripts/tests/processor.test.ts(308,5): error TS2582: Cannot find name 'it'. Do you need to install type definitions for a test runner? Try `npm i --save-dev @types/jest` or `npm i --save-dev @types/mocha`.
scripts/tests/processor.test.ts(349,7): error TS2304: Cannot find name 'expect'.
scripts/tests/processor.test.ts(350,7): error TS2304: Cannot find name 'expect'.
scripts/tests/processor.test.ts(354,3): error TS2582: Cannot find name 'describe'. Do you need to install type definitions for a test runner? Try `npm i --save-dev @types/jest` or `npm i --save-dev @types/mocha`.
scripts/tests/processor.test.ts(355,5): error TS2582: Cannot find name 'it'. Do you need to install type definitions for a test runner? Try `npm i --save-dev @types/jest` or `npm i --save-dev @types/mocha`.
scripts/tests/processor.test.ts(387,7): error TS2304: Cannot find name 'expect'.
scripts/tests/processor.test.ts(388,7): error TS2304: Cannot find name 'expect'.
scripts/tests/processor.test.ts(392,7): error TS2304: Cannot find name 'expect'.
scripts/tests/processor.test.ts(393,7): error TS2304: Cannot find name 'expect'.
scripts/tests/processor.test.ts(397,3): error TS2582: Cannot find name 'describe'. Do you need to install type definitions for a test runner? Try `npm i --save-dev @types/jest` or `npm i --save-dev @types/mocha`.
scripts/tests/processor.test.ts(398,5): error TS2582: Cannot find name 'it'. Do you need to install type definitions for a test runner? Try `npm i --save-dev @types/jest` or `npm i --save-dev @types/mocha`.
scripts/tests/processor.test.ts(431,7): error TS2304: Cannot find name 'expect'.
scripts/tests/processor.test.ts(432,7): error TS2304: Cannot find name 'expect'.
scripts/tests/processor.test.ts(436,7): error TS2304: Cannot find name 'expect'.
scripts/tests/processor.test.ts(437,7): error TS2304: Cannot find name 'expect'.
scripts/tests/processor.test.ts(438,7): error TS2304: Cannot find name 'expect'.
scripts/tests/processor.test.ts(442,3): error TS2582: Cannot find name 'describe'. Do you need to install type definitions for a test runner? Try `npm i --save-dev @types/jest` or `npm i --save-dev @types/mocha`.
scripts/tests/processor.test.ts(443,5): error TS2582: Cannot find name 'it'. Do you need to install type definitions for a test runner? Try `npm i --save-dev @types/jest` or `npm i --save-dev @types/mocha`.
scripts/tests/processor.test.ts(477,7): error TS2304: Cannot find name 'expect'.
scripts/tests/processor.test.ts(478,7): error TS2304: Cannot find name 'expect'.
scripts/tests/processor.test.ts(482,7): error TS2304: Cannot find name 'expect'.
scripts/tests/processor.test.ts(483,7): error TS2304: Cannot find name 'expect'.
scripts/tests/processor.test.ts(484,7): error TS2304: Cannot find name 'expect'.
scripts/tests/prompt-template.test.ts(12,8): error TS2307: Cannot find module '../prompt-template' or its corresponding type declarations.
scripts/tests/registry-image-to-video.test.ts(8,52): error TS2307: Cannot find module '../index' or its corresponding type declarations.
scripts/tests/registry.test.ts(18,8): error TS2307: Cannot find module '../registry' or its corresponding type declarations.
scripts/tests/registry.test.ts(32,16): error TS18046: 'definition' is of type 'unknown'.
scripts/tests/registry.test.ts(33,16): error TS18046: 'definition' is of type 'unknown'.
scripts/tests/registry.test.ts(34,16): error TS18046: 'definition' is of type 'unknown'.
scripts/tests/registry.test.ts(35,16): error TS18046: 'definition' is of type 'unknown'.
scripts/tests/registry.test.ts(36,16): error TS18046: 'definition' is of type 'unknown'.
scripts/tests/registry.test.ts(37,16): error TS18046: 'definition' is of type 'unknown'.
scripts/tests/registry.test.ts(40,63): error TS18046: 'definition' is of type 'unknown'.
scripts/tests/registry.test.ts(41,18): error TS18046: 'inputSchema' is of type 'unknown'.
scripts/tests/registry.test.ts(42,25): error TS18046: 'inputSchema' is of type 'unknown'.
scripts/tests/registry.test.ts(47,65): error TS18046: 'definition' is of type 'unknown'.
scripts/tests/registry.test.ts(48,18): error TS18046: 'outputSchema' is of type 'unknown'.
scripts/tests/route.property.test.ts(9,21): error TS2307: Cannot find module '../route' or its corresponding type declarations.
scripts/tests/route.property.test.ts(128,47): error TS18046: 'integration' is of type 'unknown'.
scripts/tests/route.property.test.ts(133,26): error TS18046: 'integration' is of type 'unknown'.
scripts/tests/route.property.test.ts(136,26): error TS18046: 'integration' is of type 'unknown'.
scripts/tests/route.property.test.ts(140,74): error TS18046: 'integration' is of type 'unknown'.
scripts/tests/route.property.test.ts(165,33): error TS18046: 'i' is of type 'unknown'.
scripts/tests/route.property.test.ts(196,33): error TS18046: 'i' is of type 'unknown'.
scripts/tests/route.property.test.ts(240,35): error TS18046: 'i' is of type 'unknown'.
scripts/tests/route.property.test.ts(249,67): error TS18046: 'i' is of type 'unknown'.
scripts/tests/route.property.test.ts(297,78): error TS18046: 'i' is of type 'unknown'.
scripts/tests/route.test.ts(8,22): error TS2307: Cannot find module '../route' or its corresponding type declarations.
scripts/tests/route.test.ts(16,1): error TS2304: Cannot find name 'vi'.
scripts/tests/route.test.ts(17,1): error TS2304: Cannot find name 'vi'.
scripts/tests/route.test.ts(18,1): error TS2304: Cannot find name 'vi'.
scripts/tests/route.test.ts(20,1): error TS2582: Cannot find name 'describe'. Do you need to install type definitions for a test runner? Try `npm i --save-dev @types/jest` or `npm i --save-dev @types/mocha`.
scripts/tests/route.test.ts(58,3): error TS2304: Cannot find name 'beforeEach'.
scripts/tests/route.test.ts(59,5): error TS2304: Cannot find name 'vi'.
scripts/tests/route.test.ts(62,3): error TS2582: Cannot find name 'it'. Do you need to install type definitions for a test runner? Try `npm i --save-dev @types/jest` or `npm i --save-dev @types/mocha`.
scripts/tests/route.test.ts(64,5): error TS2304: Cannot find name 'vi'.
scripts/tests/route.test.ts(65,5): error TS2304: Cannot find name 'vi'.
scripts/tests/route.test.ts(78,5): error TS2304: Cannot find name 'expect'.
scripts/tests/route.test.ts(79,5): error TS2304: Cannot find name 'expect'.
scripts/tests/route.test.ts(80,5): error TS2304: Cannot find name 'expect'.
scripts/tests/route.test.ts(81,5): error TS2304: Cannot find name 'expect'.
scripts/tests/route.test.ts(84,5): error TS2304: Cannot find name 'expect'.
scripts/tests/route.test.ts(91,5): error TS2304: Cannot find name 'expect'.
scripts/tests/route.test.ts(94,3): error TS2582: Cannot find name 'it'. Do you need to install type definitions for a test runner? Try `npm i --save-dev @types/jest` or `npm i --save-dev @types/mocha`.
scripts/tests/route.test.ts(96,5): error TS2304: Cannot find name 'vi'.
scripts/tests/route.test.ts(97,5): error TS2304: Cannot find name 'vi'.
scripts/tests/route.test.ts(98,5): error TS2304: Cannot find name 'vi'.
scripts/tests/route.test.ts(114,5): error TS2304: Cannot find name 'expect'.
scripts/tests/route.test.ts(115,5): error TS2304: Cannot find name 'expect'.
scripts/tests/route.test.ts(116,5): error TS2304: Cannot find name 'expect'.
scripts/tests/route.test.ts(117,5): error TS2304: Cannot find name 'expect'.
scripts/tests/route.test.ts(120,5): error TS2304: Cannot find name 'expect'.
scripts/tests/route.test.ts(126,5): error TS2304: Cannot find name 'expect'.
scripts/tests/route.test.ts(133,3): error TS2582: Cannot find name 'it'. Do you need to install type definitions for a test runner? Try `npm i --save-dev @types/jest` or `npm i --save-dev @types/mocha`.
scripts/tests/route.test.ts(135,5): error TS2304: Cannot find name 'vi'.
scripts/tests/route.test.ts(136,5): error TS2304: Cannot find name 'vi'.
scripts/tests/route.test.ts(151,5): error TS2304: Cannot find name 'expect'.
scripts/tests/route.test.ts(152,5): error TS2304: Cannot find name 'expect'.
scripts/tests/route.test.ts(159,3): error TS2582: Cannot find name 'it'. Do you need to install type definitions for a test runner? Try `npm i --save-dev @types/jest` or `npm i --save-dev @types/mocha`.
scripts/tests/route.test.ts(161,5): error TS2304: Cannot find name 'vi'.
scripts/tests/route.test.ts(174,5): error TS2304: Cannot find name 'expect'.
scripts/tests/route.test.ts(175,5): error TS2304: Cannot find name 'expect'.
scripts/tests/route.test.ts(178,3): error TS2582: Cannot find name 'it'. Do you need to install type definitions for a test runner? Try `npm i --save-dev @types/jest` or `npm i --save-dev @types/mocha`.
scripts/tests/route.test.ts(180,5): error TS2304: Cannot find name 'vi'.
scripts/tests/route.test.ts(196,5): error TS2304: Cannot find name 'expect'.
scripts/tests/route.test.ts(197,5): error TS2304: Cannot find name 'expect'.
scripts/tests/route.test.ts(200,3): error TS2582: Cannot find name 'it'. Do you need to install type definitions for a test runner? Try `npm i --save-dev @types/jest` or `npm i --save-dev @types/mocha`.
scripts/tests/route.test.ts(202,5): error TS2304: Cannot find name 'vi'.
scripts/tests/route.test.ts(203,5): error TS2304: Cannot find name 'vi'.
scripts/tests/route.test.ts(218,5): error TS2304: Cannot find name 'expect'.
scripts/tests/route.test.ts(219,5): error TS2304: Cannot find name 'expect'.
scripts/tests/route.test.ts(220,5): error TS2304: Cannot find name 'expect'.
scripts/tests/route.test.ts(223,3): error TS2582: Cannot find name 'it'. Do you need to install type definitions for a test runner? Try `npm i --save-dev @types/jest` or `npm i --save-dev @types/mocha`.
scripts/tests/route.test.ts(225,5): error TS2304: Cannot find name 'vi'.
scripts/tests/route.test.ts(226,5): error TS2304: Cannot find name 'vi'.
scripts/tests/route.test.ts(241,5): error TS2304: Cannot find name 'expect'.
scripts/tests/route.test.ts(242,5): error TS2304: Cannot find name 'expect'.
scripts/tests/run-workflow-integration.test.ts(9,55): error TS2307: Cannot find module '../action-executor' or its corresponding type declarations.
scripts/tests/run-workflow-integration.test.ts(10,61): error TS2307: Cannot find module '../action-executor' or its corresponding type declarations.
scripts/tests/run-workflow-integration.test.ts(13,1): error TS2582: Cannot find name 'describe'. Do you need to install type definitions for a test runner? Try `npm i --save-dev @types/jest` or `npm i --save-dev @types/mocha`.
scripts/tests/run-workflow-integration.test.ts(18,3): error TS2304: Cannot find name 'beforeEach'.
scripts/tests/run-workflow-integration.test.ts(30,3): error TS2582: Cannot find name 'it'. Do you need to install type definitions for a test runner? Try `npm i --save-dev @types/jest` or `npm i --save-dev @types/mocha`.
scripts/tests/run-workflow-integration.test.ts(61,5): error TS2304: Cannot find name 'expect'.
scripts/tests/run-workflow-integration.test.ts(62,5): error TS2304: Cannot find name 'expect'.
scripts/tests/run-workflow-integration.test.ts(63,5): error TS2304: Cannot find name 'expect'.
scripts/tests/run-workflow-integration.test.ts(66,5): error TS2304: Cannot find name 'expect'.
scripts/tests/run-workflow-integration.test.ts(67,5): error TS2304: Cannot find name 'expect'.
scripts/tests/run-workflow-integration.test.ts(70,5): error TS2304: Cannot find name 'expect'.
scripts/tests/run-workflow-integration.test.ts(73,5): error TS2304: Cannot find name 'expect'.
scripts/tests/run-workflow-integration.test.ts(74,5): error TS2304: Cannot find name 'expect'.
scripts/tests/run-workflow-integration.test.ts(75,5): error TS2304: Cannot find name 'expect'.
scripts/tests/run-workflow-integration.test.ts(78,3): error TS2582: Cannot find name 'it'. Do you need to install type definitions for a test runner? Try `npm i --save-dev @types/jest` or `npm i --save-dev @types/mocha`.
scripts/tests/run-workflow-integration.test.ts(110,5): error TS2304: Cannot find name 'expect'.
scripts/tests/run-workflow-integration.test.ts(111,5): error TS2304: Cannot find name 'expect'.
scripts/tests/run-workflow-integration.test.ts(114,3): error TS2582: Cannot find name 'it'. Do you need to install type definitions for a test runner? Try `npm i --save-dev @types/jest` or `npm i --save-dev @types/mocha`.
scripts/tests/run-workflow-integration.test.ts(165,5): error TS2304: Cannot find name 'expect'.
scripts/tests/run-workflow-integration.test.ts(166,5): error TS2304: Cannot find name 'expect'.
scripts/tests/runs.test.ts(7,81): error TS2307: Cannot find module '../runs' or its corresponding type declarations.
scripts/tests/runs.test.ts(8,51): error TS2307: Cannot find module '../flows' or its corresponding type declarations.
scripts/tests/runs.test.ts(12,1): error TS2582: Cannot find name 'describe'. Do you need to install type definitions for a test runner? Try `npm i --save-dev @types/jest` or `npm i --save-dev @types/mocha`.
scripts/tests/runs.test.ts(16,3): error TS2304: Cannot find name 'beforeEach'.
scripts/tests/runs.test.ts(60,3): error TS2304: Cannot find name 'afterEach'.
scripts/tests/runs.test.ts(78,3): error TS2582: Cannot find name 'describe'. Do you need to install type definitions for a test runner? Try `npm i --save-dev @types/jest` or `npm i --save-dev @types/mocha`.
scripts/tests/runs.test.ts(79,5): error TS2582: Cannot find name 'it'. Do you need to install type definitions for a test runner? Try `npm i --save-dev @types/jest` or `npm i --save-dev @types/mocha`.
scripts/tests/runs.test.ts(83,7): error TS2304: Cannot find name 'expect'.
scripts/tests/runs.test.ts(84,7): error TS2304: Cannot find name 'expect'.
scripts/tests/runs.test.ts(85,7): error TS2304: Cannot find name 'expect'.
scripts/tests/runs.test.ts(88,7): error TS2304: Cannot find name 'expect'.
scripts/tests/runs.test.ts(89,7): error TS2304: Cannot find name 'expect'.
scripts/tests/runs.test.ts(90,7): error TS2304: Cannot find name 'expect'.
scripts/tests/runs.test.ts(93,7): error TS2304: Cannot find name 'expect'.
scripts/tests/runs.test.ts(96,5): error TS2582: Cannot find name 'it'. Do you need to install type definitions for a test runner? Try `npm i --save-dev @types/jest` or `npm i --save-dev @types/mocha`.
scripts/tests/runs.test.ts(100,7): error TS2304: Cannot find name 'expect'.
scripts/tests/runs.test.ts(101,7): error TS2304: Cannot find name 'expect'.
scripts/tests/runs.test.ts(102,7): error TS2304: Cannot find name 'expect'.
scripts/tests/runs.test.ts(103,7): error TS2304: Cannot find name 'expect'.
scripts/tests/runs.test.ts(104,7): error TS2304: Cannot find name 'expect'.
scripts/tests/runs.test.ts(107,5): error TS2582: Cannot find name 'it'. Do you need to install type definitions for a test runner? Try `npm i --save-dev @types/jest` or `npm i --save-dev @types/mocha`.
scripts/tests/runs.test.ts(111,7): error TS2304: Cannot find name 'expect'.
scripts/tests/runs.test.ts(114,5): error TS2582: Cannot find name 'it'. Do you need to install type definitions for a test runner? Try `npm i --save-dev @types/jest` or `npm i --save-dev @types/mocha`.
scripts/tests/runs.test.ts(128,7): error TS2304: Cannot find name 'expect'.
scripts/tests/runs.test.ts(129,7): error TS2304: Cannot find name 'expect'.
scripts/tests/runs.test.ts(130,7): error TS2304: Cannot find name 'expect'.
scripts/tests/runs.test.ts(131,7): error TS2304: Cannot find name 'expect'.
scripts/tests/runs.test.ts(132,7): error TS2304: Cannot find name 'expect'.
scripts/tests/runs.test.ts(135,5): error TS2582: Cannot find name 'it'. Do you need to install type definitions for a test runner? Try `npm i --save-dev @types/jest` or `npm i --save-dev @types/mocha`.
scripts/tests/runs.test.ts(149,7): error TS2304: Cannot find name 'expect'.
scripts/tests/runs.test.ts(150,7): error TS2304: Cannot find name 'expect'.
scripts/tests/runs.test.ts(151,7): error TS2304: Cannot find name 'expect'.
scripts/tests/runs.test.ts(152,7): error TS2304: Cannot find name 'expect'.
scripts/tests/runs.test.ts(155,5): error TS2582: Cannot find name 'it'. Do you need to install type definitions for a test runner? Try `npm i --save-dev @types/jest` or `npm i --save-dev @types/mocha`.
scripts/tests/runs.test.ts(156,13): error TS2304: Cannot find name 'expect'.
scripts/tests/runs.test.ts(162,3): error TS2582: Cannot find name 'describe'. Do you need to install type definitions for a test runner? Try `npm i --save-dev @types/jest` or `npm i --save-dev @types/mocha`.
scripts/tests/runs.test.ts(163,5): error TS2582: Cannot find name 'it'. Do you need to install type definitions for a test runner? Try `npm i --save-dev @types/jest` or `npm i --save-dev @types/mocha`.
scripts/tests/runs.test.ts(169,7): error TS2304: Cannot find name 'expect'.
scripts/tests/runs.test.ts(170,7): error TS2304: Cannot find name 'expect'.
scripts/tests/runs.test.ts(171,7): error TS2304: Cannot find name 'expect'.
scripts/tests/runs.test.ts(174,5): error TS2582: Cannot find name 'it'. Do you need to install type definitions for a test runner? Try `npm i --save-dev @types/jest` or `npm i --save-dev @types/mocha`.
scripts/tests/runs.test.ts(176,7): error TS2304: Cannot find name 'expect'.
scripts/tests/runs.test.ts(180,3): error TS2582: Cannot find name 'describe'. Do you need to install type definitions for a test runner? Try `npm i --save-dev @types/jest` or `npm i --save-dev @types/mocha`.
scripts/tests/runs.test.ts(181,5): error TS2582: Cannot find name 'it'. Do you need to install type definitions for a test runner? Try `npm i --save-dev @types/jest` or `npm i --save-dev @types/mocha`.
scripts/tests/runs.test.ts(193,7): error TS2304: Cannot find name 'expect'.
scripts/tests/runs.test.ts(196,7): error TS2304: Cannot find name 'expect'.
scripts/tests/runs.test.ts(197,7): error TS2304: Cannot find name 'expect'.
scripts/tests/runs.test.ts(201,7): error TS2304: Cannot find name 'expect'.
scripts/tests/runs.test.ts(204,5): error TS2582: Cannot find name 'it'. Do you need to install type definitions for a test runner? Try `npm i --save-dev @types/jest` or `npm i --save-dev @types/mocha`.
scripts/tests/runs.test.ts(215,7): error TS2304: Cannot find name 'expect'.
scripts/tests/runs.test.ts(218,5): error TS2582: Cannot find name 'it'. Do you need to install type definitions for a test runner? Try `npm i --save-dev @types/jest` or `npm i --save-dev @types/mocha`.
scripts/tests/runs.test.ts(234,9): error TS2304: Cannot find name 'expect'.
scripts/tests/runs.test.ts(238,5): error TS2582: Cannot find name 'it'. Do you need to install type definitions for a test runner? Try `npm i --save-dev @types/jest` or `npm i --save-dev @types/mocha`.
scripts/tests/runs.test.ts(239,13): error TS2304: Cannot find name 'expect'.
scripts/tests/runs.test.ts(245,3): error TS2582: Cannot find name 'describe'. Do you need to install type definitions for a test runner? Try `npm i --save-dev @types/jest` or `npm i --save-dev @types/mocha`.
scripts/tests/runs.test.ts(246,5): error TS2582: Cannot find name 'it'. Do you need to install type definitions for a test runner? Try `npm i --save-dev @types/jest` or `npm i --save-dev @types/mocha`.
scripts/tests/runs.test.ts(257,7): error TS2304: Cannot find name 'expect'.
scripts/tests/runs.test.ts(258,7): error TS2304: Cannot find name 'expect'.
scripts/tests/runs.test.ts(259,7): error TS2304: Cannot find name 'expect'.
scripts/tests/runs.test.ts(262,5): error TS2582: Cannot find name 'it'. Do you need to install type definitions for a test runner? Try `npm i --save-dev @types/jest` or `npm i --save-dev @types/mocha`.
scripts/tests/runs.test.ts(275,7): error TS2304: Cannot find name 'expect'.
scripts/tests/runs.test.ts(276,7): error TS2304: Cannot find name 'expect'.
scripts/tests/runs.test.ts(277,7): error TS2304: Cannot find name 'expect'.
scripts/tests/runs.test.ts(281,3): error TS2582: Cannot find name 'describe'. Do you need to install type definitions for a test runner? Try `npm i --save-dev @types/jest` or `npm i --save-dev @types/mocha`.
scripts/tests/runs.test.ts(282,5): error TS2582: Cannot find name 'it'. Do you need to install type definitions for a test runner? Try `npm i --save-dev @types/jest` or `npm i --save-dev @types/mocha`.
scripts/tests/runs.test.ts(289,7): error TS2304: Cannot find name 'expect'.
scripts/tests/scene-parser.property.test.ts(9,35): error TS2307: Cannot find module '../scene-parser' or its corresponding type declarations.
scripts/tests/scene-parser.property.test.ts(13,1): error TS2304: Cannot find name 'vi'.
scripts/tests/scene-parser.property.test.ts(15,1): error TS2582: Cannot find name 'describe'. Do you need to install type definitions for a test runner? Try `npm i --save-dev @types/jest` or `npm i --save-dev @types/mocha`.
scripts/tests/scene-parser.property.test.ts(18,3): error TS2304: Cannot find name 'beforeEach'.
scripts/tests/scene-parser.property.test.ts(30,5): error TS2304: Cannot find name 'vi'.
scripts/tests/scene-parser.property.test.ts(33,3): error TS2304: Cannot find name 'afterEach'.
scripts/tests/scene-parser.property.test.ts(43,3): error TS2582: Cannot find name 'it'. Do you need to install type definitions for a test runner? Try `npm i --save-dev @types/jest` or `npm i --save-dev @types/mocha`.
scripts/tests/scene-parser.property.test.ts(62,30): error TS2304: Cannot find name 'vi'.
scripts/tests/scene-parser.property.test.ts(72,68): error TS2304: Cannot find name 'Mock'.
scripts/tests/scene-parser.property.test.ts(74,13): error TS2571: Object is of type 'unknown'.
scripts/tests/scene-parser.property.test.ts(80,11): error TS2322: Type 'unknown' is not assignable to type '{ (input: URL | RequestInfo, init?: RequestInit | undefined): Promise<Response>; (input: string | URL | Request, init?: RequestInit | undefined): Promise<...>; }'.
scripts/tests/scene-parser.property.test.ts(80,26): error TS2304: Cannot find name 'vi'.
scripts/tests/scene-parser.property.test.ts(89,11): error TS2304: Cannot find name 'expect'.
scripts/tests/scene-parser.property.test.ts(90,46): error TS2304: Cannot find name 'Mock'.
scripts/tests/scene-parser.property.test.ts(93,11): error TS2304: Cannot find name 'expect'.
scripts/tests/scene-parser.property.test.ts(94,11): error TS2304: Cannot find name 'expect'.
scripts/tests/scene-parser.property.test.ts(95,11): error TS2304: Cannot find name 'expect'.
scripts/tests/scene-parser.property.test.ts(96,11): error TS2304: Cannot find name 'expect'.
scripts/tests/scene-parser.property.test.ts(97,11): error TS2304: Cannot find name 'expect'.
scripts/tests/scene-parser.property.test.ts(101,13): error TS2304: Cannot find name 'expect'.
scripts/tests/scene-parser.property.test.ts(102,13): error TS2304: Cannot find name 'expect'.
scripts/tests/scene-parser.property.test.ts(103,13): error TS2304: Cannot find name 'expect'.
scripts/tests/scene-parser.property.test.ts(104,13): error TS2304: Cannot find name 'expect'.
scripts/tests/scene-parser.property.test.ts(105,13): error TS2304: Cannot find name 'expect'.
scripts/tests/scene-parser.property.test.ts(106,13): error TS2304: Cannot find name 'expect'.
scripts/tests/scene-parser.property.test.ts(110,11): error TS2304: Cannot find name 'expect'.
scripts/tests/scene-parser.property.test.ts(120,3): error TS2582: Cannot find name 'it'. Do you need to install type definitions for a test runner? Try `npm i --save-dev @types/jest` or `npm i --save-dev @types/mocha`.
scripts/tests/scene-parser.property.test.ts(141,30): error TS2304: Cannot find name 'vi'.
scripts/tests/scene-parser.property.test.ts(151,68): error TS2304: Cannot find name 'Mock'.
scripts/tests/scene-parser.property.test.ts(153,13): error TS2571: Object is of type 'unknown'.
scripts/tests/scene-parser.property.test.ts(159,11): error TS2322: Type 'unknown' is not assignable to type '{ (input: URL | RequestInfo, init?: RequestInit | undefined): Promise<Response>; (input: string | URL | Request, init?: RequestInit | undefined): Promise<...>; }'.
scripts/tests/scene-parser.property.test.ts(159,26): error TS2304: Cannot find name 'vi'.
scripts/tests/scene-parser.property.test.ts(168,11): error TS2304: Cannot find name 'expect'.
scripts/tests/scene-parser.property.test.ts(169,46): error TS2304: Cannot find name 'Mock'.
scripts/tests/scene-parser.property.test.ts(172,11): error TS2304: Cannot find name 'expect'.
scripts/tests/scene-parser.property.test.ts(173,11): error TS2304: Cannot find name 'expect'.
scripts/tests/scene-parser.property.test.ts(174,11): error TS2304: Cannot find name 'expect'.
scripts/tests/scene-parser.property.test.ts(184,3): error TS2582: Cannot find name 'it'. Do you need to install type definitions for a test runner? Try `npm i --save-dev @types/jest` or `npm i --save-dev @types/mocha`.
scripts/tests/scene-parser.property.test.ts(192,30): error TS2304: Cannot find name 'vi'.
scripts/tests/scene-parser.property.test.ts(202,68): error TS2304: Cannot find name 'Mock'.
scripts/tests/scene-parser.property.test.ts(204,13): error TS2571: Object is of type 'unknown'.
scripts/tests/scene-parser.property.test.ts(210,11): error TS2322: Type 'unknown' is not assignable to type '{ (input: URL | RequestInfo, init?: RequestInit | undefined): Promise<Response>; (input: string | URL | Request, init?: RequestInit | undefined): Promise<...>; }'.
scripts/tests/scene-parser.property.test.ts(210,26): error TS2304: Cannot find name 'vi'.
scripts/tests/scene-parser.property.test.ts(219,11): error TS2304: Cannot find name 'expect'.
scripts/tests/scene-parser.property.test.ts(220,46): error TS2304: Cannot find name 'Mock'.
scripts/tests/scene-parser.property.test.ts(223,11): error TS2304: Cannot find name 'expect'.
scripts/tests/scene-parser.property.test.ts(224,11): error TS2304: Cannot find name 'expect'.
scripts/tests/scene-parser.property.test.ts(225,11): error TS2304: Cannot find name 'expect'.
scripts/tests/scene-parser.property.test.ts(235,3): error TS2582: Cannot find name 'it'. Do you need to install type definitions for a test runner? Try `npm i --save-dev @types/jest` or `npm i --save-dev @types/mocha`.
scripts/tests/scene-parser.property.test.ts(253,11): error TS2322: Type 'unknown' is not assignable to type '{ (input: URL | RequestInfo, init?: RequestInit | undefined): Promise<Response>; (input: string | URL | Request, init?: RequestInit | undefined): Promise<...>; }'.
scripts/tests/scene-parser.property.test.ts(253,26): error TS2304: Cannot find name 'vi'.
scripts/tests/scene-parser.property.test.ts(262,11): error TS2304: Cannot find name 'expect'.
scripts/tests/scene-parser.property.test.ts(263,46): error TS2304: Cannot find name 'Mock'.
scripts/tests/scene-parser.property.test.ts(266,11): error TS2304: Cannot find name 'expect'.
scripts/tests/scene-parser.property.test.ts(267,11): error TS2304: Cannot find name 'expect'.
scripts/tests/scene-parser.property.test.ts(268,11): error TS2304: Cannot find name 'expect'.
scripts/tests/shotstack.property.test.ts(7,33): error TS2307: Cannot find module '../shotstack' or its corresponding type declarations.
scripts/tests/shotstack.property.test.ts(10,1): error TS2582: Cannot find name 'describe'. Do you need to install type definitions for a test runner? Try `npm i --save-dev @types/jest` or `npm i --save-dev @types/mocha`.
scripts/tests/shotstack.property.test.ts(13,3): error TS2304: Cannot find name 'beforeEach'.
scripts/tests/shotstack.property.test.ts(25,5): error TS2304: Cannot find name 'vi'.
scripts/tests/shotstack.property.test.ts(28,3): error TS2304: Cannot find name 'afterEach'.
scripts/tests/shotstack.property.test.ts(33,3): error TS2582: Cannot find name 'it'. Do you need to install type definitions for a test runner? Try `npm i --save-dev @types/jest` or `npm i --save-dev @types/mocha`.
scripts/tests/shotstack.property.test.ts(54,11): error TS2322: Type 'unknown' is not assignable to type '{ (input: URL | RequestInfo, init?: RequestInit | undefined): Promise<Response>; (input: string | URL | Request, init?: RequestInit | undefined): Promise<...>; }'.
scripts/tests/shotstack.property.test.ts(54,26): error TS2304: Cannot find name 'vi'.
scripts/tests/shotstack.property.test.ts(54,60): error TS7006: Parameter 'url' implicitly has an 'any' type.
scripts/tests/shotstack.property.test.ts(54,65): error TS7006: Parameter 'options' implicitly has an 'any' type.
scripts/tests/shotstack.property.test.ts(74,11): error TS2304: Cannot find name 'expect'.
scripts/tests/shotstack.property.test.ts(75,11): error TS2304: Cannot find name 'expect'.
scripts/tests/shotstack.property.test.ts(75,18): error TS18046: 'capturedPayload' is of type 'unknown'.
scripts/tests/shotstack.property.test.ts(76,11): error TS2304: Cannot find name 'expect'.
scripts/tests/shotstack.property.test.ts(76,18): error TS18046: 'capturedPayload' is of type 'unknown'.
scripts/tests/shotstack.property.test.ts(77,11): error TS2304: Cannot find name 'expect'.
scripts/tests/shotstack.property.test.ts(77,32): error TS18046: 'capturedPayload' is of type 'unknown'.
scripts/tests/shotstack.property.test.ts(88,30): error TS18046: 'capturedPayload' is of type 'unknown'.
scripts/tests/shotstack.property.test.ts(89,11): error TS2304: Cannot find name 'expect'.
scripts/tests/shotstack.property.test.ts(90,11): error TS2304: Cannot find name 'expect'.
scripts/tests/shotstack.property.test.ts(91,11): error TS2304: Cannot find name 'expect'.
scripts/tests/shotstack.property.test.ts(92,11): error TS2304: Cannot find name 'expect'.
scripts/tests/shotstack.property.test.ts(96,13): error TS2304: Cannot find name 'expect'.
scripts/tests/shotstack.property.test.ts(97,13): error TS2304: Cannot find name 'expect'.
scripts/tests/shotstack.property.test.ts(101,30): error TS18046: 'capturedPayload' is of type 'unknown'.
scripts/tests/shotstack.property.test.ts(102,11): error TS2304: Cannot find name 'expect'.
scripts/tests/shotstack.property.test.ts(103,11): error TS2304: Cannot find name 'expect'.
scripts/tests/shotstack.property.test.ts(104,11): error TS2304: Cannot find name 'expect'.
scripts/tests/shotstack.property.test.ts(105,11): error TS2304: Cannot find name 'expect'.
scripts/tests/shotstack.property.test.ts(109,13): error TS2304: Cannot find name 'expect'.
scripts/tests/shotstack.property.test.ts(110,13): error TS2304: Cannot find name 'expect'.
scripts/tests/shotstack.property.test.ts(119,3): error TS2582: Cannot find name 'it'. Do you need to install type definitions for a test runner? Try `npm i --save-dev @types/jest` or `npm i --save-dev @types/mocha`.
scripts/tests/shotstack.property.test.ts(138,11): error TS2322: Type 'unknown' is not assignable to type '{ (input: URL | RequestInfo, init?: RequestInit | undefined): Promise<Response>; (input: string | URL | Request, init?: RequestInit | undefined): Promise<...>; }'.
scripts/tests/shotstack.property.test.ts(138,26): error TS2304: Cannot find name 'vi'.
scripts/tests/shotstack.property.test.ts(138,60): error TS7006: Parameter 'url' implicitly has an 'any' type.
scripts/tests/shotstack.property.test.ts(138,65): error TS7006: Parameter 'options' implicitly has an 'any' type.
scripts/tests/shotstack.property.test.ts(157,11): error TS2304: Cannot find name 'expect'.
scripts/tests/shotstack.property.test.ts(169,30): error TS18046: 'capturedPayload' is of type 'unknown'.
scripts/tests/shotstack.property.test.ts(172,13): error TS2304: Cannot find name 'expect'.
scripts/tests/shotstack.property.test.ts(173,13): error TS2304: Cannot find name 'expect'.
scripts/tests/shotstack.property.test.ts(177,30): error TS18046: 'capturedPayload' is of type 'unknown'.
scripts/tests/shotstack.property.test.ts(180,13): error TS2304: Cannot find name 'expect'.
scripts/tests/shotstack.property.test.ts(181,13): error TS2304: Cannot find name 'expect'.
scripts/tests/splitter-collector.property.test.ts(11,63): error TS2307: Cannot find module '../validate-graph' or its corresponding type declarations.
scripts/tests/splitter-collector.property.test.ts(202,45): error TS7006: Parameter 'e' implicitly has an 'any' type.
scripts/tests/splitter-collector.property.test.ts(226,46): error TS7006: Parameter 'e' implicitly has an 'any' type.
scripts/tests/splitter-collector.property.test.ts(249,45): error TS7006: Parameter 'e' implicitly has an 'any' type.
scripts/tests/splitter-collector.property.test.ts(268,46): error TS7006: Parameter 'e' implicitly has an 'any' type.
scripts/tests/splitter-collector.property.test.ts(299,41): error TS7006: Parameter 'e' implicitly has an 'any' type.
scripts/tests/splitter-collector.property.test.ts(327,42): error TS7006: Parameter 'e' implicitly has an 'any' type.
scripts/tests/splitter-collector.property.test.ts(386,57): error TS7006: Parameter 'e' implicitly has an 'any' type.
scripts/tests/splitter-collector.property.test.ts(403,57): error TS7006: Parameter 'e' implicitly has an 'any' type.
scripts/tests/splitter.property.test.ts(12,8): error TS2307: Cannot find module '../splitter' or its corresponding type declarations.
scripts/tests/splitter.test.ts(7,48): error TS2307: Cannot find module '../splitter' or its corresponding type declarations.
scripts/tests/splitter.test.ts(12,1): error TS2304: Cannot find name 'vi'.
scripts/tests/splitter.test.ts(14,1): error TS2582: Cannot find name 'describe'. Do you need to install type definitions for a test runner? Try `npm i --save-dev @types/jest` or `npm i --save-dev @types/mocha`.
scripts/tests/splitter.test.ts(15,3): error TS2304: Cannot find name 'beforeEach'.
scripts/tests/splitter.test.ts(17,5): error TS2304: Cannot find name 'vi'.
scripts/tests/splitter.test.ts(20,5): error TS2304: Cannot find name 'vi'.
scripts/tests/splitter.test.ts(29,5): error TS2304: Cannot find name 'vi'.
scripts/tests/splitter.test.ts(38,3): error TS2304: Cannot find name 'afterEach'.
scripts/tests/splitter.test.ts(39,5): error TS2304: Cannot find name 'vi'.
scripts/tests/splitter.test.ts(42,3): error TS2582: Cannot find name 'describe'. Do you need to install type definitions for a test runner? Try `npm i --save-dev @types/jest` or `npm i --save-dev @types/mocha`.
scripts/tests/splitter.test.ts(43,5): error TS2582: Cannot find name 'it'. Do you need to install type definitions for a test runner? Try `npm i --save-dev @types/jest` or `npm i --save-dev @types/mocha`.
scripts/tests/splitter.test.ts(46,7): error TS2304: Cannot find name 'expect'.
scripts/tests/splitter.test.ts(49,5): error TS2582: Cannot find name 'it'. Do you need to install type definitions for a test runner? Try `npm i --save-dev @types/jest` or `npm i --save-dev @types/mocha`.
scripts/tests/splitter.test.ts(52,7): error TS2304: Cannot find name 'expect'.
scripts/tests/splitter.test.ts(55,5): error TS2582: Cannot find name 'it'. Do you need to install type definitions for a test runner? Try `npm i --save-dev @types/jest` or `npm i --save-dev @types/mocha`.
scripts/tests/splitter.test.ts(57,7): error TS2304: Cannot find name 'expect'.
scripts/tests/splitter.test.ts(60,5): error TS2582: Cannot find name 'it'. Do you need to install type definitions for a test runner? Try `npm i --save-dev @types/jest` or `npm i --save-dev @types/mocha`.
scripts/tests/splitter.test.ts(62,7): error TS2304: Cannot find name 'expect'.
scripts/tests/splitter.test.ts(65,5): error TS2582: Cannot find name 'it'. Do you need to install type definitions for a test runner? Try `npm i --save-dev @types/jest` or `npm i --save-dev @types/mocha`.
scripts/tests/splitter.test.ts(67,7): error TS2304: Cannot find name 'expect'.
scripts/tests/splitter.test.ts(71,3): error TS2582: Cannot find name 'describe'. Do you need to install type definitions for a test runner? Try `npm i --save-dev @types/jest` or `npm i --save-dev @types/mocha`.
scripts/tests/splitter.test.ts(72,5): error TS2582: Cannot find name 'it'. Do you need to install type definitions for a test runner? Try `npm i --save-dev @types/jest` or `npm i --save-dev @types/mocha`.
scripts/tests/splitter.test.ts(82,7): error TS2304: Cannot find name 'expect'.
scripts/tests/splitter.test.ts(88,7): error TS2304: Cannot find name 'expect'.
scripts/tests/splitter.test.ts(91,5): error TS2582: Cannot find name 'it'. Do you need to install type definitions for a test runner? Try `npm i --save-dev @types/jest` or `npm i --save-dev @types/mocha`.
scripts/tests/splitter.test.ts(101,7): error TS2304: Cannot find name 'expect'.
scripts/tests/splitter.test.ts(108,3): error TS2582: Cannot find name 'describe'. Do you need to install type definitions for a test runner? Try `npm i --save-dev @types/jest` or `npm i --save-dev @types/mocha`.
scripts/tests/splitter.test.ts(109,5): error TS2582: Cannot find name 'it'. Do you need to install type definitions for a test runner? Try `npm i --save-dev @types/jest` or `npm i --save-dev @types/mocha`.
scripts/tests/splitter.test.ts(119,7): error TS2304: Cannot find name 'expect'.
scripts/tests/splitter.test.ts(127,5): error TS2582: Cannot find name 'it'. Do you need to install type definitions for a test runner? Try `npm i --save-dev @types/jest` or `npm i --save-dev @types/mocha`.
scripts/tests/splitter.test.ts(137,7): error TS2304: Cannot find name 'expect'.
scripts/tests/splitter.test.ts(146,5): error TS2582: Cannot find name 'it'. Do you need to install type definitions for a test runner? Try `npm i --save-dev @types/jest` or `npm i --save-dev @types/mocha`.
scripts/tests/splitter.test.ts(156,7): error TS2304: Cannot find name 'expect'.
scripts/tests/splitter.test.ts(162,5): error TS2582: Cannot find name 'it'. Do you need to install type definitions for a test runner? Try `npm i --save-dev @types/jest` or `npm i --save-dev @types/mocha`.
scripts/tests/splitter.test.ts(172,7): error TS2304: Cannot find name 'expect'.
scripts/tests/splitter.test.ts(178,5): error TS2582: Cannot find name 'it'. Do you need to install type definitions for a test runner? Try `npm i --save-dev @types/jest` or `npm i --save-dev @types/mocha`.
scripts/tests/splitter.test.ts(188,7): error TS2304: Cannot find name 'expect'.
scripts/tests/status-transitions.test.ts(2,55): error TS2307: Cannot find module '../status-transitions' or its corresponding type declarations.
scripts/tests/testing.test.ts(13,8): error TS2307: Cannot find module '../testing' or its corresponding type declarations.
scripts/tests/testing.test.ts(15,1): error TS2582: Cannot find name 'describe'. Do you need to install type definitions for a test runner? Try `npm i --save-dev @types/jest` or `npm i --save-dev @types/mocha`.
scripts/tests/testing.test.ts(19,3): error TS2304: Cannot find name 'beforeEach'.
scripts/tests/testing.test.ts(24,3): error TS2304: Cannot find name 'afterEach'.
scripts/tests/testing.test.ts(29,3): error TS2582: Cannot find name 'describe'. Do you need to install type definitions for a test runner? Try `npm i --save-dev @types/jest` or `npm i --save-dev @types/mocha`.
scripts/tests/testing.test.ts(30,5): error TS2582: Cannot find name 'it'. Do you need to install type definitions for a test runner? Try `npm i --save-dev @types/jest` or `npm i --save-dev @types/mocha`.
scripts/tests/testing.test.ts(32,7): error TS2304: Cannot find name 'expect'.
scripts/tests/testing.test.ts(35,5): error TS2582: Cannot find name 'it'. Do you need to install type definitions for a test runner? Try `npm i --save-dev @types/jest` or `npm i --save-dev @types/mocha`.
scripts/tests/testing.test.ts(37,7): error TS2304: Cannot find name 'expect'.
scripts/tests/testing.test.ts(40,5): error TS2582: Cannot find name 'it'. Do you need to install type definitions for a test runner? Try `npm i --save-dev @types/jest` or `npm i --save-dev @types/mocha`.
scripts/tests/testing.test.ts(46,7): error TS2304: Cannot find name 'expect'.
scripts/tests/testing.test.ts(49,7): error TS2304: Cannot find name 'expect'.
scripts/tests/testing.test.ts(53,3): error TS2582: Cannot find name 'describe'. Do you need to install type definitions for a test runner? Try `npm i --save-dev @types/jest` or `npm i --save-dev @types/mocha`.
scripts/tests/testing.test.ts(54,5): error TS2582: Cannot find name 'it'. Do you need to install type definitions for a test runner? Try `npm i --save-dev @types/jest` or `npm i --save-dev @types/mocha`.
scripts/tests/testing.test.ts(56,7): error TS2304: Cannot find name 'expect'.
scripts/tests/testing.test.ts(59,5): error TS2582: Cannot find name 'it'. Do you need to install type definitions for a test runner? Try `npm i --save-dev @types/jest` or `npm i --save-dev @types/mocha`.
scripts/tests/testing.test.ts(61,7): error TS2304: Cannot find name 'expect'.
scripts/tests/testing.test.ts(64,5): error TS2582: Cannot find name 'it'. Do you need to install type definitions for a test runner? Try `npm i --save-dev @types/jest` or `npm i --save-dev @types/mocha`.
scripts/tests/testing.test.ts(66,7): error TS2304: Cannot find name 'expect'.
scripts/tests/testing.test.ts(69,5): error TS2582: Cannot find name 'it'. Do you need to install type definitions for a test runner? Try `npm i --save-dev @types/jest` or `npm i --save-dev @types/mocha`.
scripts/tests/testing.test.ts(71,7): error TS2304: Cannot find name 'expect'.
scripts/tests/testing.test.ts(75,3): error TS2582: Cannot find name 'describe'. Do you need to install type definitions for a test runner? Try `npm i --save-dev @types/jest` or `npm i --save-dev @types/mocha`.
scripts/tests/testing.test.ts(76,5): error TS2582: Cannot find name 'it'. Do you need to install type definitions for a test runner? Try `npm i --save-dev @types/jest` or `npm i --save-dev @types/mocha`.
scripts/tests/testing.test.ts(78,7): error TS2304: Cannot find name 'expect'.
scripts/tests/testing.test.ts(79,7): error TS2304: Cannot find name 'expect'.
scripts/tests/testing.test.ts(83,3): error TS2582: Cannot find name 'describe'. Do you need to install type definitions for a test runner? Try `npm i --save-dev @types/jest` or `npm i --save-dev @types/mocha`.
scripts/tests/testing.test.ts(84,5): error TS2582: Cannot find name 'it'. Do you need to install type definitions for a test runner? Try `npm i --save-dev @types/jest` or `npm i --save-dev @types/mocha`.
scripts/tests/testing.test.ts(93,7): error TS2304: Cannot find name 'expect'.
scripts/tests/testing.test.ts(94,7): error TS2304: Cannot find name 'expect'.
scripts/tests/testing.test.ts(95,7): error TS2304: Cannot find name 'expect'.
scripts/tests/testing.test.ts(98,5): error TS2582: Cannot find name 'it'. Do you need to install type definitions for a test runner? Try `npm i --save-dev @types/jest` or `npm i --save-dev @types/mocha`.
scripts/tests/testing.test.ts(107,7): error TS2304: Cannot find name 'expect'.
scripts/tests/testing.test.ts(108,7): error TS2304: Cannot find name 'expect'.
scripts/tests/testing.test.ts(109,7): error TS2304: Cannot find name 'expect'.
scripts/tests/testing.test.ts(110,7): error TS2304: Cannot find name 'expect'.
scripts/tests/testing.test.ts(113,5): error TS2582: Cannot find name 'it'. Do you need to install type definitions for a test runner? Try `npm i --save-dev @types/jest` or `npm i --save-dev @types/mocha`.
scripts/tests/testing.test.ts(120,7): error TS2304: Cannot find name 'expect'.
scripts/tests/testing.test.ts(121,7): error TS2304: Cannot find name 'expect'.
scripts/tests/testing.test.ts(122,7): error TS2304: Cannot find name 'expect'.
scripts/tests/testing.test.ts(123,7): error TS2304: Cannot find name 'expect'.
scripts/tests/testing.test.ts(124,7): error TS2304: Cannot find name 'expect'.
scripts/tests/testing.test.ts(125,7): error TS2304: Cannot find name 'expect'.
scripts/tests/testing.test.ts(128,5): error TS2582: Cannot find name 'it'. Do you need to install type definitions for a test runner? Try `npm i --save-dev @types/jest` or `npm i --save-dev @types/mocha`.
scripts/tests/testing.test.ts(135,7): error TS2304: Cannot find name 'expect'.
scripts/tests/testing.test.ts(136,7): error TS2304: Cannot find name 'expect'.
scripts/tests/testing.test.ts(137,7): error TS2304: Cannot find name 'expect'.
scripts/tests/testing.test.ts(140,5): error TS2582: Cannot find name 'it'. Do you need to install type definitions for a test runner? Try `npm i --save-dev @types/jest` or `npm i --save-dev @types/mocha`.
scripts/tests/testing.test.ts(147,7): error TS2304: Cannot find name 'expect'.
scripts/tests/testing.test.ts(148,7): error TS2304: Cannot find name 'expect'.
scripts/tests/testing.test.ts(149,7): error TS2304: Cannot find name 'expect'.
scripts/tests/testing.test.ts(152,5): error TS2582: Cannot find name 'it'. Do you need to install type definitions for a test runner? Try `npm i --save-dev @types/jest` or `npm i --save-dev @types/mocha`.
scripts/tests/testing.test.ts(168,7): error TS2304: Cannot find name 'expect'.
scripts/tests/testing.test.ts(169,7): error TS2304: Cannot find name 'expect'.
scripts/tests/testing.test.ts(170,7): error TS2304: Cannot find name 'expect'.
scripts/tests/testing.test.ts(173,5): error TS2582: Cannot find name 'it'. Do you need to install type definitions for a test runner? Try `npm i --save-dev @types/jest` or `npm i --save-dev @types/mocha`.
scripts/tests/testing.test.ts(180,7): error TS2304: Cannot find name 'expect'.
scripts/tests/testing.test.ts(181,7): error TS2304: Cannot find name 'expect'.
scripts/tests/testing.test.ts(185,3): error TS2582: Cannot find name 'describe'. Do you need to install type definitions for a test runner? Try `npm i --save-dev @types/jest` or `npm i --save-dev @types/mocha`.
scripts/tests/testing.test.ts(186,5): error TS2582: Cannot find name 'it'. Do you need to install type definitions for a test runner? Try `npm i --save-dev @types/jest` or `npm i --save-dev @types/mocha`.
scripts/tests/testing.test.ts(189,7): error TS2304: Cannot find name 'expect'.
scripts/tests/testing.test.ts(190,7): error TS2304: Cannot find name 'expect'.
scripts/tests/testing.test.ts(191,7): error TS2304: Cannot find name 'expect'.
scripts/tests/testing.test.ts(192,7): error TS2304: Cannot find name 'expect'.
scripts/tests/testing.test.ts(195,7): error TS2304: Cannot find name 'expect'.
scripts/tests/testing.test.ts(196,7): error TS2304: Cannot find name 'expect'.
scripts/tests/testing.test.ts(197,7): error TS2304: Cannot find name 'expect'.
scripts/tests/testing.test.ts(198,7): error TS2304: Cannot find name 'expect'.
scripts/tests/testing.test.ts(201,5): error TS2582: Cannot find name 'it'. Do you need to install type definitions for a test runner? Try `npm i --save-dev @types/jest` or `npm i --save-dev @types/mocha`.
scripts/tests/testing.test.ts(205,7): error TS2304: Cannot find name 'expect'.
scripts/tests/testing.test.ts(208,7): error TS2304: Cannot find name 'expect'.
scripts/tests/testing.test.ts(211,7): error TS2304: Cannot find name 'expect'.
scripts/tests/testing.test.ts(214,7): error TS2304: Cannot find name 'expect'.
scripts/tests/testing.test.ts(215,7): error TS2304: Cannot find name 'expect'.
scripts/tests/timeline.test.ts(180,23): error TS18046: 'event' is of type 'unknown'.
scripts/tests/timeline.test.ts(209,23): error TS18046: 'event' is of type 'unknown'.
scripts/tests/TimelineScrubber.test.tsx(15,34): error TS2307: Cannot find module '../TimelineScrubber' or its corresponding type declarations.
scripts/tests/TimelineScrubber.test.tsx(58,53): error TS2339: Property 'toBeInTheDocument' does not exist on type 'Assertion<HTMLElement>'.
scripts/tests/TimelineScrubber.test.tsx(125,53): error TS2345: Argument of type '(table: string) => unknown' is not assignable to parameter of type '(relation: string) => PostgrestQueryBuilder<any, any, any, string, unknown>'.
  Type 'unknown' is not assignable to type 'PostgrestQueryBuilder<any, any, any, string, unknown>'.
scripts/tests/TimelineScrubber.test.tsx(175,61): error TS2339: Property 'toBeInTheDocument' does not exist on type 'Assertion<HTMLElement | null>'.
scripts/tests/TimelineScrubber.test.tsx(207,55): error TS2345: Argument of type '(table: string) => unknown' is not assignable to parameter of type '(relation: string) => PostgrestQueryBuilder<any, any, any, string, unknown>'.
  Type 'unknown' is not assignable to type 'PostgrestQueryBuilder<any, any, any, string, unknown>'.
scripts/tests/TimelineScrubber.test.tsx(245,63): error TS2339: Property 'toBeInTheDocument' does not exist on type 'Assertion<HTMLElement | null>'.
scripts/tests/TimelineScrubber.test.tsx(272,55): error TS2345: Argument of type '(table: string) => unknown' is not assignable to parameter of type '(relation: string) => PostgrestQueryBuilder<any, any, any, string, unknown>'.
  Type 'unknown' is not assignable to type 'PostgrestQueryBuilder<any, any, any, string, unknown>'.
scripts/tests/TimelineScrubber.test.tsx(310,63): error TS2339: Property 'toBeInTheDocument' does not exist on type 'Assertion<HTMLElement | null>'.
scripts/tests/TimelineScrubber.test.tsx(355,55): error TS2345: Argument of type '(table: string) => unknown' is not assignable to parameter of type '(relation: string) => PostgrestQueryBuilder<any, any, any, string, unknown>'.
  Type 'unknown' is not assignable to type 'PostgrestQueryBuilder<any, any, any, string, unknown>'.
scripts/tests/TimelineScrubber.test.tsx(393,63): error TS2339: Property 'toBeInTheDocument' does not exist on type 'Assertion<HTMLElement | null>'.
scripts/tests/useEdgeTraversal.test.ts(10,34): error TS2307: Cannot find module '../useEdgeTraversal' or its corresponding type declarations.
scripts/tests/useRunStatus.test.ts(7,30): error TS2307: Cannot find module '../useRunStatus' or its corresponding type declarations.
scripts/tests/utils.property.test.ts(7,34): error TS2307: Cannot find module '../utils' or its corresponding type declarations.
scripts/tests/utils.property.test.ts(9,1): error TS2582: Cannot find name 'describe'. Do you need to install type definitions for a test runner? Try `npm i --save-dev @types/jest` or `npm i --save-dev @types/mocha`.
scripts/tests/utils.property.test.ts(12,3): error TS2304: Cannot find name 'beforeEach'.
scripts/tests/utils.property.test.ts(23,3): error TS2304: Cannot find name 'afterEach'.
scripts/tests/utils.property.test.ts(28,3): error TS2582: Cannot find name 'it'. Do you need to install type definitions for a test runner? Try `npm i --save-dev @types/jest` or `npm i --save-dev @types/mocha`.
scripts/tests/utils.property.test.ts(38,11): error TS2304: Cannot find name 'expect'.
scripts/tests/utils.property.test.ts(39,11): error TS2304: Cannot find name 'expect'.
scripts/tests/utils.test.ts(15,8): error TS2307: Cannot find module '../utils' or its corresponding type declarations.
scripts/tests/utils.test.ts(16,35): error TS2307: Cannot find module '../types' or its corresponding type declarations.
scripts/tests/ux.test.ts(7,28): error TS2307: Cannot find module '../ux' or its corresponding type declarations.
scripts/tests/ux.test.ts(12,1): error TS2304: Cannot find name 'vi'.
scripts/tests/ux.test.ts(14,1): error TS2582: Cannot find name 'describe'. Do you need to install type definitions for a test runner? Try `npm i --save-dev @types/jest` or `npm i --save-dev @types/mocha`.
scripts/tests/ux.test.ts(15,3): error TS2304: Cannot find name 'beforeEach'.
scripts/tests/ux.test.ts(17,5): error TS2304: Cannot find name 'vi'.
scripts/tests/ux.test.ts(20,5): error TS2304: Cannot find name 'vi'.
scripts/tests/ux.test.ts(29,3): error TS2304: Cannot find name 'afterEach'.
scripts/tests/ux.test.ts(30,5): error TS2304: Cannot find name 'vi'.
scripts/tests/ux.test.ts(33,3): error TS2582: Cannot find name 'describe'. Do you need to install type definitions for a test runner? Try `npm i --save-dev @types/jest` or `npm i --save-dev @types/mocha`.
scripts/tests/ux.test.ts(34,5): error TS2582: Cannot find name 'it'. Do you need to install type definitions for a test runner? Try `npm i --save-dev @types/jest` or `npm i --save-dev @types/mocha`.
scripts/tests/ux.test.ts(46,7): error TS2304: Cannot find name 'expect'.
scripts/tests/ux.test.ts(52,5): error TS2582: Cannot find name 'it'. Do you need to install type definitions for a test runner? Try `npm i --save-dev @types/jest` or `npm i --save-dev @types/mocha`.
scripts/tests/ux.test.ts(64,7): error TS2304: Cannot find name 'expect'.
scripts/tests/ux.test.ts(70,5): error TS2582: Cannot find name 'it'. Do you need to install type definitions for a test runner? Try `npm i --save-dev @types/jest` or `npm i --save-dev @types/mocha`.
scripts/tests/ux.test.ts(78,7): error TS2304: Cannot find name 'expect'.
scripts/tests/ux.test.ts(84,5): error TS2582: Cannot find name 'it'. Do you need to install type definitions for a test runner? Try `npm i --save-dev @types/jest` or `npm i --save-dev @types/mocha`.
scripts/tests/ux.test.ts(92,7): error TS2304: Cannot find name 'expect'.
scripts/tests/ux.test.ts(98,5): error TS2582: Cannot find name 'it'. Do you need to install type definitions for a test runner? Try `npm i --save-dev @types/jest` or `npm i --save-dev @types/mocha`.
scripts/tests/ux.test.ts(105,7): error TS2304: Cannot find name 'vi'.
scripts/tests/ux.test.ts(109,13): error TS2304: Cannot find name 'expect'.
scripts/tests/ux.test.ts(115,3): error TS2582: Cannot find name 'describe'. Do you need to install type definitions for a test runner? Try `npm i --save-dev @types/jest` or `npm i --save-dev @types/mocha`.
scripts/tests/ux.test.ts(116,5): error TS2582: Cannot find name 'it'. Do you need to install type definitions for a test runner? Try `npm i --save-dev @types/jest` or `npm i --save-dev @types/mocha`.
scripts/tests/ux.test.ts(125,7): error TS2304: Cannot find name 'expect'.
scripts/tests/ux.test.ts(126,7): error TS2304: Cannot find name 'expect'.
scripts/tests/validate-graph.property.test.ts(11,45): error TS2307: Cannot find module '../validate-graph' or its corresponding type declarations.
scripts/tests/validate-graph.property.test.ts(90,47): error TS2345: Argument of type '(selectedArbitraries: Arbitrary<VisualEdge>[]) => Arbitrary<{ readonly nodes: { id: string; type: "worker" | "ux"; position: { x: number; y: number; }; data: { label: string; }; }[]; readonly edges: readonly []; }> | Arbitrary<...>' is not assignable to parameter of type '(t: Arbitrary<VisualEdge>[]) => Arbitrary<{ readonly nodes: { id: string; type: "worker" | "ux"; position: { x: number; y: number; }; data: { label: string; }; }[]; readonly edges: readonly []; }>'.
  Type 'Arbitrary<{ readonly nodes: { id: string; type: "worker" | "ux"; position: { x: number; y: number; }; data: { label: string; }; }[]; readonly edges: readonly []; }> | Arbitrary<{ nodes: { id: string; type: "worker" | "ux"; position: { ...; }; data: { ...; }; }[]; edges: VisualEdge[]; }>' is not assignable to type 'Arbitrary<{ readonly nodes: { id: string; type: "worker" | "ux"; position: { x: number; y: number; }; data: { label: string; }; }[]; readonly edges: readonly []; }>'.
    Type 'Arbitrary<{ nodes: { id: string; type: "worker" | "ux"; position: { x: number; y: number; }; data: { label: string; }; }[]; edges: VisualEdge[]; }>' is not assignable to type 'Arbitrary<{ readonly nodes: { id: string; type: "worker" | "ux"; position: { x: number; y: number; }; data: { label: string; }; }[]; readonly edges: readonly []; }>'.
      Type '{ nodes: { id: string; type: "worker" | "ux"; position: { x: number; y: number; }; data: { label: string; }; }[]; edges: VisualEdge[]; }' is not assignable to type '{ readonly nodes: { id: string; type: "worker" | "ux"; position: { x: number; y: number; }; data: { label: string; }; }[]; readonly edges: readonly []; }'.
        Types of property 'edges' are incompatible.
          Type 'VisualEdge[]' is not assignable to type 'readonly []'.
            Target allows only 0 element(s) but source may have more.
scripts/tests/validate-graph.property.test.ts(281,45): error TS7006: Parameter 'e' implicitly has an 'any' type.
scripts/tests/validate-graph.property.test.ts(296,45): error TS7006: Parameter 'e' implicitly has an 'any' type.
scripts/tests/validation.test.ts(16,8): error TS2307: Cannot find module '../validation' or its corresponding type declarations.
scripts/tests/version-manager.property.test.ts(16,8): error TS2307: Cannot find module '../version-manager' or its corresponding type declarations.
scripts/tests/version-manager.property.test.ts(18,36): error TS2307: Cannot find module '../../supabase/server' or its corresponding type declarations.
scripts/tests/version-manager.property.test.ts(27,1): error TS2304: Cannot find name 'beforeEach'.
scripts/tests/version-manager.property.test.ts(42,1): error TS2304: Cannot find name 'afterEach'.
scripts/tests/version-manager.property.test.ts(203,1): error TS2582: Cannot find name 'describe'. Do you need to install type definitions for a test runner? Try `npm i --save-dev @types/jest` or `npm i --save-dev @types/mocha`.
scripts/tests/version-manager.property.test.ts(212,3): error TS2582: Cannot find name 'describe'. Do you need to install type definitions for a test runner? Try `npm i --save-dev @types/jest` or `npm i --save-dev @types/mocha`.
scripts/tests/version-manager.property.test.ts(214,5): error TS2582: Cannot find name 'it'. Do you need to install type definitions for a test runner? Try `npm i --save-dev @types/jest` or `npm i --save-dev @types/mocha`.
scripts/tests/version-manager.property.test.ts(224,11): error TS2304: Cannot find name 'expect'.
scripts/tests/version-manager.property.test.ts(225,11): error TS2304: Cannot find name 'expect'.
scripts/tests/version-manager.property.test.ts(229,11): error TS2304: Cannot find name 'expect'.
scripts/tests/version-manager.property.test.ts(230,11): error TS2304: Cannot find name 'expect'.
scripts/tests/version-manager.property.test.ts(240,11): error TS2304: Cannot find name 'expect'.
scripts/tests/version-manager.property.test.ts(246,5): error TS2582: Cannot find name 'it'. Do you need to install type definitions for a test runner? Try `npm i --save-dev @types/jest` or `npm i --save-dev @types/mocha`.
scripts/tests/version-manager.property.test.ts(263,11): error TS2304: Cannot find name 'expect'.
scripts/tests/version-manager.property.test.ts(267,11): error TS2304: Cannot find name 'expect'.
scripts/tests/version-manager.property.test.ts(273,5): error TS2582: Cannot find name 'it'. Do you need to install type definitions for a test runner? Try `npm i --save-dev @types/jest` or `npm i --save-dev @types/mocha`.
scripts/tests/version-manager.property.test.ts(293,11): error TS2304: Cannot find name 'expect'.
scripts/tests/version-manager.property.test.ts(297,11): error TS2304: Cannot find name 'expect'.
scripts/tests/version-manager.property.test.ts(307,11): error TS2304: Cannot find name 'expect'.
scripts/tests/version-manager.property.test.ts(313,5): error TS2582: Cannot find name 'it'. Do you need to install type definitions for a test runner? Try `npm i --save-dev @types/jest` or `npm i --save-dev @types/mocha`.
scripts/tests/version-manager.property.test.ts(328,11): error TS2304: Cannot find name 'expect'.
scripts/tests/version-manager.property.test.ts(338,11): error TS2304: Cannot find name 'expect'.
scripts/tests/version-manager.property.test.ts(339,11): error TS2304: Cannot find name 'expect'.
scripts/tests/version-manager.property.test.ts(340,11): error TS2304: Cannot find name 'expect'.
scripts/tests/version-manager.property.test.ts(346,5): error TS2582: Cannot find name 'it'. Do you need to install type definitions for a test runner? Try `npm i --save-dev @types/jest` or `npm i --save-dev @types/mocha`.
scripts/tests/version-manager.property.test.ts(357,11): error TS2304: Cannot find name 'expect'.
scripts/tests/version-manager.property.test.ts(363,5): error TS2582: Cannot find name 'it'. Do you need to install type definitions for a test runner? Try `npm i --save-dev @types/jest` or `npm i --save-dev @types/mocha`.
scripts/tests/version-manager.property.test.ts(375,11): error TS2304: Cannot find name 'expect'.
scripts/tests/version-manager.property.test.ts(376,11): error TS2304: Cannot find name 'expect'.
scripts/tests/version-manager.property.test.ts(380,11): error TS2304: Cannot find name 'expect'.
scripts/tests/version-manager.property.test.ts(386,5): error TS2582: Cannot find name 'it'. Do you need to install type definitions for a test runner? Try `npm i --save-dev @types/jest` or `npm i --save-dev @types/mocha`.
scripts/tests/version-manager.property.test.ts(402,11): error TS2304: Cannot find name 'expect'.
scripts/tests/version-manager.property.test.ts(403,11): error TS2304: Cannot find name 'expect'.
scripts/tests/version-manager.property.test.ts(404,11): error TS2304: Cannot find name 'expect'.
scripts/tests/version-manager.property.test.ts(408,11): error TS2304: Cannot find name 'expect'.
scripts/tests/version-manager.property.test.ts(418,11): error TS2304: Cannot find name 'expect'.
scripts/tests/VersionHistory.test.tsx(23,7): error TS2739: Type '{ nodes: {}; adjacency: {}; edgeData: {}; entryNodes: never[]; terminalNodes: never[]; }' is missing the following properties from type 'ExecutionGraph': outboundEdges, inboundEdges
scripts/tests/VersionHistory.test.tsx(48,7): error TS2739: Type '{ nodes: {}; adjacency: {}; edgeData: {}; entryNodes: never[]; terminalNodes: never[]; }' is missing the following properties from type 'ExecutionGraph': outboundEdges, inboundEdges
scripts/tests/VersionHistory.test.tsx(76,9): error TS2739: Type '{ nodes: {}; adjacency: {}; edgeData: {}; entryNodes: never[]; terminalNodes: never[]; }' is missing the following properties from type 'ExecutionGraph': outboundEdges, inboundEdges
scripts/tests/VersionHistory.test.tsx(90,9): error TS2739: Type '{ nodes: {}; adjacency: {}; edgeData: {}; entryNodes: never[]; terminalNodes: never[]; }' is missing the following properties from type 'ExecutionGraph': outboundEdges, inboundEdges
scripts/tests/webhook-events.property.test.ts(14,8): error TS2307: Cannot find module '../webhook-events' or its corresponding type declarations.
scripts/tests/webhook-events.property.test.ts(214,17): error TS18046: 'updates' is of type 'unknown'.
scripts/tests/wireframe-generator.property.test.ts(9,42): error TS2307: Cannot find module '../wireframe-generator' or its corresponding type declarations.
scripts/tests/wireframe-generator.property.test.ts(13,1): error TS2304: Cannot find name 'vi'.
scripts/tests/wireframe-generator.property.test.ts(16,1): error TS2304: Cannot find name 'vi'.
scripts/tests/wireframe-generator.property.test.ts(28,1): error TS2582: Cannot find name 'describe'. Do you need to install type definitions for a test runner? Try `npm i --save-dev @types/jest` or `npm i --save-dev @types/mocha`.
scripts/tests/wireframe-generator.property.test.ts(31,3): error TS2304: Cannot find name 'beforeEach'.
scripts/tests/wireframe-generator.property.test.ts(44,5): error TS2304: Cannot find name 'vi'.
scripts/tests/wireframe-generator.property.test.ts(47,3): error TS2304: Cannot find name 'afterEach'.
scripts/tests/wireframe-generator.property.test.ts(57,3): error TS2582: Cannot find name 'it'. Do you need to install type definitions for a test runner? Try `npm i --save-dev @types/jest` or `npm i --save-dev @types/mocha`.
scripts/tests/wireframe-generator.property.test.ts(100,42): error TS2304: Cannot find name 'Mock'.
scripts/tests/wireframe-generator.property.test.ts(103,11): error TS2322: Type 'unknown' is not assignable to type '{ (input: URL | RequestInfo, init?: RequestInit | undefined): Promise<Response>; (input: string | URL | Request, init?: RequestInit | undefined): Promise<...>; }'.
scripts/tests/wireframe-generator.property.test.ts(103,26): error TS2304: Cannot find name 'vi'.
scripts/tests/wireframe-generator.property.test.ts(117,11): error TS2304: Cannot find name 'expect'.
scripts/tests/wireframe-generator.property.test.ts(118,61): error TS2304: Cannot find name 'Mock'.
scripts/tests/wireframe-generator.property.test.ts(121,11): error TS2304: Cannot find name 'expect'.
scripts/tests/wireframe-generator.property.test.ts(122,11): error TS2304: Cannot find name 'expect'.
scripts/tests/wireframe-generator.property.test.ts(123,11): error TS2304: Cannot find name 'expect'.
scripts/tests/wireframe-generator.property.test.ts(124,11): error TS2304: Cannot find name 'expect'.
scripts/tests/wireframe-generator.property.test.ts(125,11): error TS2304: Cannot find name 'expect'.
scripts/tests/wireframe-generator.property.test.ts(126,11): error TS2304: Cannot find name 'expect'.
scripts/tests/wireframe-generator.property.test.ts(127,11): error TS2304: Cannot find name 'expect'.
scripts/tests/wireframe-generator.property.test.ts(128,11): error TS2304: Cannot find name 'expect'.
scripts/tests/wireframe-generator.property.test.ts(129,11): error TS2304: Cannot find name 'expect'.
scripts/tests/wireframe-generator.property.test.ts(130,11): error TS2304: Cannot find name 'expect'.
scripts/tests/wireframe-generator.property.test.ts(131,11): error TS2304: Cannot find name 'expect'.
scripts/tests/wireframe-generator.property.test.ts(132,11): error TS2304: Cannot find name 'expect'.
scripts/tests/wireframe-generator.property.test.ts(135,11): error TS2304: Cannot find name 'expect'.
scripts/tests/wireframe-generator.property.test.ts(136,46): error TS2304: Cannot find name 'Mock'.
scripts/tests/wireframe-generator.property.test.ts(139,11): error TS2304: Cannot find name 'expect'.
scripts/tests/wireframe-generator.property.test.ts(140,11): error TS2304: Cannot find name 'expect'.
scripts/tests/wireframe-generator.property.test.ts(141,11): error TS2304: Cannot find name 'expect'.
scripts/tests/wireframe-generator.property.test.ts(142,11): error TS2304: Cannot find name 'expect'.
scripts/tests/wireframe-generator.property.test.ts(152,3): error TS2582: Cannot find name 'it'. Do you need to install type definitions for a test runner? Try `npm i --save-dev @types/jest` or `npm i --save-dev @types/mocha`.
scripts/tests/wireframe-generator.property.test.ts(169,11): error TS2322: Type 'unknown' is not assignable to type '{ (input: URL | RequestInfo, init?: RequestInit | undefined): Promise<Response>; (input: string | URL | Request, init?: RequestInit | undefined): Promise<...>; }'.
scripts/tests/wireframe-generator.property.test.ts(169,26): error TS2304: Cannot find name 'vi'.
scripts/tests/wireframe-generator.property.test.ts(178,11): error TS2304: Cannot find name 'expect'.
scripts/tests/wireframe-generator.property.test.ts(179,46): error TS2304: Cannot find name 'Mock'.
scripts/tests/wireframe-generator.property.test.ts(182,11): error TS2304: Cannot find name 'expect'.
scripts/tests/wireframe-generator.property.test.ts(183,11): error TS2304: Cannot find name 'expect'.
scripts/tests/wireframe-generator.property.test.ts(184,11): error TS2304: Cannot find name 'expect'.
scripts/tests/wireframe-generator.property.test.ts(194,3): error TS2582: Cannot find name 'it'. Do you need to install type definitions for a test runner? Try `npm i --save-dev @types/jest` or `npm i --save-dev @types/mocha`.
scripts/tests/wireframe-generator.property.test.ts(208,11): error TS2322: Type 'unknown' is not assignable to type '{ (input: URL | RequestInfo, init?: RequestInit | undefined): Promise<Response>; (input: string | URL | Request, init?: RequestInit | undefined): Promise<...>; }'.
scripts/tests/wireframe-generator.property.test.ts(208,26): error TS2304: Cannot find name 'vi'.
scripts/tests/wireframe-generator.property.test.ts(217,11): error TS2304: Cannot find name 'expect'.
scripts/tests/wireframe-generator.property.test.ts(218,46): error TS2304: Cannot find name 'Mock'.
scripts/tests/wireframe-generator.property.test.ts(221,11): error TS2304: Cannot find name 'expect'.
scripts/tests/wireframe-generator.property.test.ts(222,11): error TS2304: Cannot find name 'expect'.
scripts/tests/wireframe-generator.property.test.ts(223,11): error TS2304: Cannot find name 'expect'.
scripts/tests/wireframe-generator.property.test.ts(233,3): error TS2582: Cannot find name 'it'. Do you need to install type definitions for a test runner? Try `npm i --save-dev @types/jest` or `npm i --save-dev @types/mocha`.
scripts/tests/wireframe-generator.property.test.ts(243,42): error TS2304: Cannot find name 'Mock'.
scripts/tests/wireframe-generator.property.test.ts(248,11): error TS2322: Type 'unknown' is not assignable to type '{ (input: URL | RequestInfo, init?: RequestInit | undefined): Promise<Response>; (input: string | URL | Request, init?: RequestInit | undefined): Promise<...>; }'.
scripts/tests/wireframe-generator.property.test.ts(248,26): error TS2304: Cannot find name 'vi'.
scripts/tests/wireframe-generator.property.test.ts(262,11): error TS2304: Cannot find name 'expect'.
scripts/tests/wireframe-generator.property.test.ts(263,46): error TS2304: Cannot find name 'Mock'.
scripts/tests/wireframe-generator.property.test.ts(266,11): error TS2304: Cannot find name 'expect'.
scripts/tests/wireframe-generator.property.test.ts(267,11): error TS2304: Cannot find name 'expect'.
scripts/tests/wireframe-generator.property.test.ts(268,11): error TS2304: Cannot find name 'expect'.
scripts/tests/worker-definition.test.ts(9,53): error TS2307: Cannot find module '../worker-definition' or its corresponding type declarations.
scripts/tests/worker-entity-movement.test.ts(7,37): error TS2307: Cannot find module '../worker' or its corresponding type declarations.
scripts/tests/worker-entity-movement.test.ts(13,1): error TS2304: Cannot find name 'vi'.
scripts/tests/worker-entity-movement.test.ts(14,1): error TS2304: Cannot find name 'vi'.
scripts/tests/worker-entity-movement.test.ts(16,1): error TS2582: Cannot find name 'describe'. Do you need to install type definitions for a test runner? Try `npm i --save-dev @types/jest` or `npm i --save-dev @types/mocha`.
scripts/tests/worker-entity-movement.test.ts(21,3): error TS2304: Cannot find name 'beforeEach'.
scripts/tests/worker-entity-movement.test.ts(22,5): error TS2304: Cannot find name 'vi'.
scripts/tests/worker-entity-movement.test.ts(25,3): error TS2304: Cannot find name 'afterEach'.
scripts/tests/worker-entity-movement.test.ts(26,5): error TS2304: Cannot find name 'vi'.
scripts/tests/worker-entity-movement.test.ts(29,3): error TS2582: Cannot find name 'describe'. Do you need to install type definitions for a test runner? Try `npm i --save-dev @types/jest` or `npm i --save-dev @types/mocha`.
scripts/tests/worker-entity-movement.test.ts(30,5): error TS2582: Cannot find name 'it'. Do you need to install type definitions for a test runner? Try `npm i --save-dev @types/jest` or `npm i --save-dev @types/mocha`.
scripts/tests/worker-entity-movement.test.ts(41,7): error TS2304: Cannot find name 'vi'.
scripts/tests/worker-entity-movement.test.ts(51,7): error TS2304: Cannot find name 'vi'.
scripts/tests/worker-entity-movement.test.ts(68,7): error TS2304: Cannot find name 'expect'.
scripts/tests/worker-entity-movement.test.ts(72,9): error TS2304: Cannot find name 'expect'.
scripts/tests/worker-entity-movement.test.ts(81,5): error TS2582: Cannot find name 'it'. Do you need to install type definitions for a test runner? Try `npm i --save-dev @types/jest` or `npm i --save-dev @types/mocha`.
scripts/tests/worker-entity-movement.test.ts(92,7): error TS2304: Cannot find name 'vi'.
scripts/tests/worker-entity-movement.test.ts(102,7): error TS2304: Cannot find name 'vi'.
scripts/tests/worker-entity-movement.test.ts(119,7): error TS2304: Cannot find name 'expect'.
scripts/tests/worker-entity-movement.test.ts(123,9): error TS2304: Cannot find name 'expect'.
scripts/tests/worker-entity-movement.test.ts(132,5): error TS2582: Cannot find name 'it'. Do you need to install type definitions for a test runner? Try `npm i --save-dev @types/jest` or `npm i --save-dev @types/mocha`.
scripts/tests/worker-entity-movement.test.ts(139,7): error TS2304: Cannot find name 'expect'.
scripts/tests/worker-entity-movement.test.ts(140,7): error TS2304: Cannot find name 'expect'.
scripts/tests/worker-entity-movement.test.ts(143,5): error TS2582: Cannot find name 'it'. Do you need to install type definitions for a test runner? Try `npm i --save-dev @types/jest` or `npm i --save-dev @types/mocha`.
scripts/tests/worker-entity-movement.test.ts(154,7): error TS2304: Cannot find name 'vi'.
scripts/tests/worker-entity-movement.test.ts(166,7): error TS2304: Cannot find name 'expect'.
scripts/tests/worker-entity-movement.test.ts(169,5): error TS2582: Cannot find name 'it'. Do you need to install type definitions for a test runner? Try `npm i --save-dev @types/jest` or `npm i --save-dev @types/mocha`.
scripts/tests/worker-entity-movement.test.ts(181,7): error TS2304: Cannot find name 'vi'.
scripts/tests/worker-entity-movement.test.ts(193,7): error TS2304: Cannot find name 'expect'.
scripts/tests/worker-entity-movement.test.ts(196,5): error TS2582: Cannot find name 'it'. Do you need to install type definitions for a test runner? Try `npm i --save-dev @types/jest` or `npm i --save-dev @types/mocha`.
scripts/tests/worker-entity-movement.test.ts(207,7): error TS2304: Cannot find name 'vi'.
scripts/tests/worker-entity-movement.test.ts(217,7): error TS2304: Cannot find name 'vi'.
scripts/tests/worker-entity-movement.test.ts(220,13): error TS2304: Cannot find name 'expect'.
scripts/tests/worker-entity-movement.test.ts(223,5): error TS2582: Cannot find name 'it'. Do you need to install type definitions for a test runner? Try `npm i --save-dev @types/jest` or `npm i --save-dev @types/mocha`.
scripts/tests/worker-entity-movement.test.ts(234,7): error TS2304: Cannot find name 'vi'.
scripts/tests/worker-entity-movement.test.ts(244,7): error TS2304: Cannot find name 'vi'.
scripts/tests/worker-entity-movement.test.ts(261,7): error TS2304: Cannot find name 'expect'.
scripts/tests/worker-entity-movement.test.ts(265,9): error TS2304: Cannot find name 'expect'.
scripts/tests/worker-entity-movement.test.ts(270,5): error TS2582: Cannot find name 'it'. Do you need to install type definitions for a test runner? Try `npm i --save-dev @types/jest` or `npm i --save-dev @types/mocha`.
scripts/tests/worker-entity-movement.test.ts(282,7): error TS2304: Cannot find name 'vi'.
scripts/tests/worker-entity-movement.test.ts(292,7): error TS2304: Cannot find name 'vi'.
scripts/tests/worker-entity-movement.test.ts(310,7): error TS2304: Cannot find name 'expect'.
scripts/tests/worker-entity-movement.test.ts(314,9): error TS2304: Cannot find name 'expect'.
scripts/tests/worker-integration.test.ts(8,32): error TS2307: Cannot find module '../worker' or its corresponding type declarations.
scripts/tests/worker-integration.test.ts(15,1): error TS2304: Cannot find name 'vi'.
scripts/tests/worker-integration.test.ts(16,20): error TS2304: Cannot find name 'vi'.
scripts/tests/worker-integration.test.ts(20,16): error TS2304: Cannot find name 'vi'.
scripts/tests/worker-integration.test.ts(22,1): error TS2582: Cannot find name 'describe'. Do you need to install type definitions for a test runner? Try `npm i --save-dev @types/jest` or `npm i --save-dev @types/mocha`.
scripts/tests/worker-integration.test.ts(23,3): error TS2304: Cannot find name 'beforeEach'.
scripts/tests/worker-integration.test.ts(24,5): error TS2304: Cannot find name 'vi'.
scripts/tests/worker-integration.test.ts(27,3): error TS2582: Cannot find name 'it'. Do you need to install type definitions for a test runner? Try `npm i --save-dev @types/jest` or `npm i --save-dev @types/mocha`.
scripts/tests/worker-integration.test.ts(29,25): error TS2304: Cannot find name 'vi'.
scripts/tests/worker-integration.test.ts(47,5): error TS2304: Cannot find name 'expect'.
scripts/tests/worker-integration.test.ts(52,5): error TS2304: Cannot find name 'expect'.
scripts/tests/worker-integration.test.ts(55,5): error TS2304: Cannot find name 'expect'.
scripts/tests/worker-integration.test.ts(58,3): error TS2582: Cannot find name 'it'. Do you need to install type definitions for a test runner? Try `npm i --save-dev @types/jest` or `npm i --save-dev @types/mocha`.
scripts/tests/worker-integration.test.ts(59,23): error TS2304: Cannot find name 'vi'.
scripts/tests/worker-integration.test.ts(75,5): error TS2304: Cannot find name 'expect'.
scripts/tests/worker-integration.test.ts(80,5): error TS2304: Cannot find name 'expect'.
scripts/tests/worker-integration.test.ts(82,7): error TS2304: Cannot find name 'expect'.
scripts/tests/worker-integration.test.ts(91,3): error TS2582: Cannot find name 'it'. Do you need to install type definitions for a test runner? Try `npm i --save-dev @types/jest` or `npm i --save-dev @types/mocha`.
scripts/tests/worker-integration.test.ts(92,23): error TS2304: Cannot find name 'vi'.
scripts/tests/worker-integration.test.ts(109,5): error TS2304: Cannot find name 'expect'.
scripts/tests/worker-integration.test.ts(114,5): error TS2304: Cannot find name 'expect'.
scripts/tests/worker-integration.test.ts(116,7): error TS2304: Cannot find name 'expect'.
scripts/tests/worker-integration.test.ts(122,3): error TS2582: Cannot find name 'it'. Do you need to install type definitions for a test runner? Try `npm i --save-dev @types/jest` or `npm i --save-dev @types/mocha`.
scripts/tests/worker-integration.test.ts(142,5): error TS2304: Cannot find name 'expect'.
scripts/tests/worker-integration.test.ts(147,5): error TS2304: Cannot find name 'expect'.
scripts/tests/worker-integration.test.ts(153,3): error TS2582: Cannot find name 'it'. Do you need to install type definitions for a test runner? Try `npm i --save-dev @types/jest` or `npm i --save-dev @types/mocha`.
scripts/tests/worker-integration.test.ts(155,5): error TS2304: Cannot find name 'expect'.
scripts/tests/worker-integration.test.ts(156,5): error TS2304: Cannot find name 'expect'.
scripts/tests/worker-integration.test.ts(157,5): error TS2304: Cannot find name 'expect'.
scripts/tests/worker-integration.test.ts(158,5): error TS2304: Cannot find name 'expect'.
scripts/tests/worker-integration.test.ts(161,3): error TS2582: Cannot find name 'it'. Do you need to install type definitions for a test runner? Try `npm i --save-dev @types/jest` or `npm i --save-dev @types/mocha`.
scripts/tests/worker-integration.test.ts(168,7): error TS2304: Cannot find name 'expect'.
scripts/tests/worker-integration.test.ts(169,7): error TS2304: Cannot find name 'expect'.
scripts/tests/worker-integration.test.ts(172,7): error TS2304: Cannot find name 'expect'.
scripts/tests/worker-integration.test.ts(173,7): error TS2304: Cannot find name 'expect'.
scripts/tests/worker-integration.test.ts(179,7): error TS2304: Cannot find name 'expect'.
scripts/tests/worker-integration.test.ts(180,7): error TS2304: Cannot find name 'expect'.
scripts/tests/worker-integration.test.ts(183,7): error TS2304: Cannot find name 'expect'.
scripts/tests/worker-integration.test.ts(184,7): error TS2304: Cannot find name 'expect'.
scripts/tests/worker-integration.test.ts(190,7): error TS2304: Cannot find name 'expect'.
scripts/tests/worker-integration.test.ts(191,7): error TS2304: Cannot find name 'expect'.
scripts/tests/worker-integration.test.ts(193,7): error TS2304: Cannot find name 'expect'.
scripts/tests/worker-integration.test.ts(194,7): error TS2304: Cannot find name 'expect'.
scripts/tests/worker-integration.test.ts(200,7): error TS2304: Cannot find name 'expect'.
scripts/tests/worker-integration.test.ts(201,7): error TS2304: Cannot find name 'expect'.
scripts/tests/worker-integration.test.ts(203,7): error TS2304: Cannot find name 'expect'.
scripts/tests/worker-integration.test.ts(204,7): error TS2304: Cannot find name 'expect'.
scripts/tests/worker-validation.test.ts(9,31): error TS2307: Cannot find module '../validate-graph' or its corresponding type declarations.
scripts/tests/worker-validation.test.ts(45,40): error TS7006: Parameter 'e' implicitly has an 'any' type.
scripts/tests/worker-validation.test.ts(69,40): error TS7006: Parameter 'e' implicitly has an 'any' type.
scripts/tests/worker-validation.test.ts(95,40): error TS7006: Parameter 'e' implicitly has an 'any' type.
scripts/tests/worker-validation.test.ts(128,42): error TS7006: Parameter 'e' implicitly has an 'any' type.
scripts/tests/worker.test.ts(7,74): error TS2307: Cannot find module '../worker' or its corresponding type declarations.
scripts/tests/worker.test.ts(13,1): error TS2304: Cannot find name 'vi'.
scripts/tests/worker.test.ts(14,1): error TS2304: Cannot find name 'vi'.
scripts/tests/worker.test.ts(16,1): error TS2582: Cannot find name 'describe'. Do you need to install type definitions for a test runner? Try `npm i --save-dev @types/jest` or `npm i --save-dev @types/mocha`.
scripts/tests/worker.test.ts(17,3): error TS2304: Cannot find name 'beforeEach'.
scripts/tests/worker.test.ts(19,5): error TS2304: Cannot find name 'vi'.
scripts/tests/worker.test.ts(22,5): error TS2304: Cannot find name 'vi'.
scripts/tests/worker.test.ts(32,5): error TS2304: Cannot find name 'vi'.
scripts/tests/worker.test.ts(41,3): error TS2304: Cannot find name 'afterEach'.
scripts/tests/worker.test.ts(42,5): error TS2304: Cannot find name 'vi'.
scripts/tests/worker.test.ts(45,3): error TS2582: Cannot find name 'describe'. Do you need to install type definitions for a test runner? Try `npm i --save-dev @types/jest` or `npm i --save-dev @types/mocha`.
scripts/tests/worker.test.ts(46,5): error TS2582: Cannot find name 'it'. Do you need to install type definitions for a test runner? Try `npm i --save-dev @types/jest` or `npm i --save-dev @types/mocha`.
scripts/tests/worker.test.ts(52,7): error TS2304: Cannot find name 'expect'.
scripts/tests/worker.test.ts(55,5): error TS2582: Cannot find name 'it'. Do you need to install type definitions for a test runner? Try `npm i --save-dev @types/jest` or `npm i --save-dev @types/mocha`.
scripts/tests/worker.test.ts(61,7): error TS2304: Cannot find name 'expect'.
scripts/tests/worker.test.ts(62,7): error TS2304: Cannot find name 'expect'.
scripts/tests/worker.test.ts(66,3): error TS2582: Cannot find name 'describe'. Do you need to install type definitions for a test runner? Try `npm i --save-dev @types/jest` or `npm i --save-dev @types/mocha`.
scripts/tests/worker.test.ts(67,5): error TS2582: Cannot find name 'it'. Do you need to install type definitions for a test runner? Try `npm i --save-dev @types/jest` or `npm i --save-dev @types/mocha`.
scripts/tests/worker.test.ts(79,7): error TS2304: Cannot find name 'expect'.
scripts/tests/worker.test.ts(88,5): error TS2582: Cannot find name 'it'. Do you need to install type definitions for a test runner? Try `npm i --save-dev @types/jest` or `npm i --save-dev @types/mocha`.
scripts/tests/worker.test.ts(96,7): error TS2304: Cannot find name 'expect'.
scripts/tests/worker.test.ts(97,7): error TS2304: Cannot find name 'expect'.
scripts/tests/worker.test.ts(101,3): error TS2582: Cannot find name 'describe'. Do you need to install type definitions for a test runner? Try `npm i --save-dev @types/jest` or `npm i --save-dev @types/mocha`.
scripts/tests/worker.test.ts(102,38): error TS2304: Cannot find name 'vi'.
scripts/tests/worker.test.ts(104,5): error TS2304: Cannot find name 'beforeEach'.
scripts/tests/worker.test.ts(106,19): error TS2304: Cannot find name 'vi'.
scripts/tests/worker.test.ts(107,7): error TS2322: Type 'unknown' is not assignable to type '{ (input: URL | RequestInfo, init?: RequestInit | undefined): Promise<Response>; (input: string | URL | Request, init?: RequestInit | undefined): Promise<...>; }'.
scripts/tests/worker.test.ts(110,5): error TS2582: Cannot find name 'it'. Do you need to install type definitions for a test runner? Try `npm i --save-dev @types/jest` or `npm i --save-dev @types/mocha`.
scripts/tests/worker.test.ts(125,7): error TS2304: Cannot find name 'expect'.
scripts/tests/worker.test.ts(130,5): error TS2582: Cannot find name 'it'. Do you need to install type definitions for a test runner? Try `npm i --save-dev @types/jest` or `npm i --save-dev @types/mocha`.
scripts/tests/worker.test.ts(147,7): error TS2304: Cannot find name 'expect'.
scripts/tests/worker.test.ts(149,9): error TS2304: Cannot find name 'expect'.
scripts/tests/worker.test.ts(154,17): error TS2304: Cannot find name 'expect'.
scripts/tests/worker.test.ts(162,7): error TS2304: Cannot find name 'expect'.
scripts/tests/worker.test.ts(171,5): error TS2582: Cannot find name 'it'. Do you need to install type definitions for a test runner? Try `npm i --save-dev @types/jest` or `npm i --save-dev @types/mocha`.
scripts/tests/worker.test.ts(182,7): error TS2304: Cannot find name 'expect'.
scripts/tests/worker.test.ts(184,16): error TS2304: Cannot find name 'expect'.
scripts/tests/worker.test.ts(188,5): error TS2582: Cannot find name 'it'. Do you need to install type definitions for a test runner? Try `npm i --save-dev @types/jest` or `npm i --save-dev @types/mocha`.
scripts/tests/worker.test.ts(197,7): error TS2304: Cannot find name 'expect'.
scripts/tests/worker.test.ts(203,7): error TS2304: Cannot find name 'expect'.
scripts/tests/worker.test.ts(206,5): error TS2582: Cannot find name 'it'. Do you need to install type definitions for a test runner? Try `npm i --save-dev @types/jest` or `npm i --save-dev @types/mocha`.
scripts/tests/worker.test.ts(215,7): error TS2304: Cannot find name 'expect'.
scripts/tests/worker.test.ts(221,7): error TS2304: Cannot find name 'expect'.
scripts/tests/worker.test.ts(224,5): error TS2582: Cannot find name 'it'. Do you need to install type definitions for a test runner? Try `npm i --save-dev @types/jest` or `npm i --save-dev @types/mocha`.
scripts/tests/worker.test.ts(237,7): error TS2304: Cannot find name 'expect'.
scripts/tests/worker.test.ts(243,5): error TS2582: Cannot find name 'it'. Do you need to install type definitions for a test runner? Try `npm i --save-dev @types/jest` or `npm i --save-dev @types/mocha`.
scripts/tests/worker.test.ts(258,7): error TS2304: Cannot find name 'expect'.
scripts/tests/worker.test.ts(264,5): error TS2582: Cannot find name 'it'. Do you need to install type definitions for a test runner? Try `npm i --save-dev @types/jest` or `npm i --save-dev @types/mocha`.
scripts/tests/worker.test.ts(280,7): error TS2304: Cannot find name 'expect'.
scripts/tests/worker.test.ts(281,7): error TS2304: Cannot find name 'expect'.
scripts/tests/workflow-creation.test.ts(7,58): error TS2307: Cannot find module '../workflow-creation' or its corresponding type declarations.
scripts/tests/workflow-creation.test.ts(8,34): error TS2307: Cannot find module '../canvas-schema' or its corresponding type declarations.
scripts/tests/workflows.integration.test.ts(14,1): error TS2582: Cannot find name 'describe'. Do you need to install type definitions for a test runner? Try `npm i --save-dev @types/jest` or `npm i --save-dev @types/mocha`.
scripts/tests/workflows.integration.test.ts(19,3): error TS2304: Cannot find name 'beforeEach'.
scripts/tests/workflows.integration.test.ts(24,3): error TS2304: Cannot find name 'afterEach'.
scripts/tests/workflows.integration.test.ts(48,3): error TS2582: Cannot find name 'it'. Do you need to install type definitions for a test runner? Try `npm i --save-dev @types/jest` or `npm i --save-dev @types/mocha`.
scripts/tests/workflows.integration.test.ts(83,5): error TS2304: Cannot find name 'expect'.
scripts/tests/workflows.integration.test.ts(84,5): error TS2304: Cannot find name 'expect'.
scripts/tests/workflows.integration.test.ts(85,5): error TS2304: Cannot find name 'expect'.
scripts/tests/workflows.integration.test.ts(101,36): error TS2554: Expected 2 arguments, but got 3.
scripts/tests/workflows.integration.test.ts(105,5): error TS2304: Cannot find name 'expect'.
scripts/tests/workflows.integration.test.ts(107,5): error TS2304: Cannot find name 'expect'.
scripts/tests/workflows.integration.test.ts(109,5): error TS2304: Cannot find name 'expect'.
scripts/tests/workflows.integration.test.ts(124,38): error TS2554: Expected 2 arguments, but got 3.
scripts/tests/workflows.integration.test.ts(128,5): error TS2304: Cannot find name 'expect'.
scripts/tests/workflows.integration.test.ts(129,5): error TS2304: Cannot find name 'expect'.
scripts/tests/workflows.integration.test.ts(136,3): error TS2582: Cannot find name 'it'. Do you need to install type definitions for a test runner? Try `npm i --save-dev @types/jest` or `npm i --save-dev @types/mocha`.
scripts/tests/workflows.integration.test.ts(201,36): error TS2554: Expected 2 arguments, but got 3.
scripts/tests/workflows.integration.test.ts(205,5): error TS2304: Cannot find name 'expect'.
scripts/tests/workflows.integration.test.ts(206,5): error TS2304: Cannot find name 'expect'.
scripts/tests/workflows.integration.test.ts(209,5): error TS2304: Cannot find name 'expect'.
scripts/tests/workflows.integration.test.ts(210,5): error TS2304: Cannot find name 'expect'.
scripts/tests/workflows.integration.test.ts(211,5): error TS2304: Cannot find name 'expect'.
scripts/tests/workflows.integration.test.ts(214,5): error TS2304: Cannot find name 'expect'.
scripts/tests/workflows.integration.test.ts(215,5): error TS2304: Cannot find name 'expect'.
scripts/tests/workflows.integration.test.ts(216,5): error TS2304: Cannot find name 'expect'.
scripts/tests/workflows.integration.test.ts(219,39): error TS2554: Expected 2 arguments, but got 3.
scripts/tests/workflows.integration.test.ts(223,5): error TS2304: Cannot find name 'expect'.
scripts/tests/workflows.integration.test.ts(224,5): error TS2304: Cannot find name 'expect'.
scripts/tests/workflows.integration.test.ts(225,5): error TS2304: Cannot find name 'expect'.
scripts/tests/workflows.integration.test.ts(243,39): error TS2554: Expected 2 arguments, but got 3.
scripts/tests/workflows.integration.test.ts(248,5): error TS2304: Cannot find name 'expect'.
scripts/tests/workflows.integration.test.ts(249,5): error TS2304: Cannot find name 'expect'.
scripts/tests/workflows.integration.test.ts(250,5): error TS2304: Cannot find name 'expect'.
scripts/tests/workflows.integration.test.ts(257,40): error TS2554: Expected 2 arguments, but got 3.
scripts/tests/workflows.integration.test.ts(261,5): error TS2304: Cannot find name 'expect'.
scripts/tests/workflows.integration.test.ts(268,3): error TS2582: Cannot find name 'it'. Do you need to install type definitions for a test runner? Try `npm i --save-dev @types/jest` or `npm i --save-dev @types/mocha`.
scripts/tests/workflows.integration.test.ts(316,36): error TS2554: Expected 2 arguments, but got 3.
scripts/tests/workflows.integration.test.ts(320,5): error TS2304: Cannot find name 'expect'.
scripts/tests/workflows.integration.test.ts(321,5): error TS2304: Cannot find name 'expect'.
scripts/tests/workflows.integration.test.ts(323,5): error TS2304: Cannot find name 'expect'.
scripts/tests/workflows.integration.test.ts(341,38): error TS2554: Expected 2 arguments, but got 3.
scripts/tests/workflows.integration.test.ts(345,5): error TS2304: Cannot find name 'expect'.
scripts/tests/workflows.integration.test.ts(346,5): error TS2304: Cannot find name 'expect'.
scripts/tests/workflows.integration.test.ts(354,3): error TS2582: Cannot find name 'it'. Do you need to install type definitions for a test runner? Try `npm i --save-dev @types/jest` or `npm i --save-dev @types/mocha`.
scripts/tests/workflows.integration.test.ts(416,36): error TS2554: Expected 2 arguments, but got 3.
scripts/tests/workflows.integration.test.ts(420,5): error TS2304: Cannot find name 'expect'.
scripts/tests/workflows.integration.test.ts(438,33): error TS2554: Expected 2 arguments, but got 3.
scripts/tests/workflows.integration.test.ts(442,5): error TS2304: Cannot find name 'expect'.
scripts/tests/workflows.integration.test.ts(443,5): error TS2304: Cannot find name 'expect'.
scripts/tests/workflows.integration.test.ts(444,5): error TS2304: Cannot find name 'expect'.
scripts/tests/workflows.integration.test.ts(447,39): error TS2554: Expected 2 arguments, but got 3.
scripts/tests/workflows.integration.test.ts(451,5): error TS2304: Cannot find name 'expect'.
scripts/tests/workflows.integration.test.ts(452,5): error TS2304: Cannot find name 'expect'.
scripts/tests/workflows.integration.test.ts(469,39): error TS2554: Expected 2 arguments, but got 3.
scripts/tests/workflows.integration.test.ts(473,5): error TS2304: Cannot find name 'expect'.
scripts/tests/workflows.integration.test.ts(474,5): error TS2304: Cannot find name 'expect'.
scripts/tests/workflows.integration.test.ts(481,3): error TS2582: Cannot find name 'it'. Do you need to install type definitions for a test runner? Try `npm i --save-dev @types/jest` or `npm i --save-dev @types/mocha`.
scripts/tests/workflows.integration.test.ts(529,36): error TS2554: Expected 2 arguments, but got 3.
scripts/tests/workflows.integration.test.ts(533,5): error TS2304: Cannot find name 'expect'.
scripts/tests/workflows.integration.test.ts(534,5): error TS2304: Cannot find name 'expect'.
scripts/tests/workflows.integration.test.ts(535,5): error TS2304: Cannot find name 'expect'.
scripts/tests/workflows.integration.test.ts(537,5): error TS2304: Cannot find name 'expect'.
scripts/tests/workflows.integration.test.ts(552,5): error TS2304: Cannot find name 'expect'.
scripts/tests/workflows.integration.test.ts(556,36): error TS2554: Expected 2 arguments, but got 3.
scripts/tests/workflows.integration.test.ts(560,5): error TS2304: Cannot find name 'expect'.
scripts/tests/workflows.integration.test.ts(575,38): error TS2554: Expected 2 arguments, but got 3.
scripts/tests/workflows.integration.test.ts(579,5): error TS2304: Cannot find name 'expect'.
scripts/tests/workflows.integration.test.ts(586,3): error TS2582: Cannot find name 'it'. Do you need to install type definitions for a test runner? Try `npm i --save-dev @types/jest` or `npm i --save-dev @types/mocha`.
scripts/tests/workflows.integration.test.ts(643,5): error TS2304: Cannot find name 'expect'.
scripts/tests/workflows.integration.test.ts(646,5): error TS2304: Cannot find name 'expect'.
scripts/tests/workflows.integration.test.ts(647,5): error TS2304: Cannot find name 'expect'.
scripts/tests/workflows.integration.test.ts(648,5): error TS2304: Cannot find name 'expect'.
scripts/tests/workflows.integration.test.ts(649,5): error TS2304: Cannot find name 'expect'.
scripts/tests/workflows.integration.test.ts(664,38): error TS2554: Expected 2 arguments, but got 3.
scripts/tests/workflows.integration.test.ts(668,5): error TS2304: Cannot find name 'expect'.
scripts/tests/workflows.integration.test.ts(669,5): error TS2304: Cannot find name 'expect'.
scripts/tests/workflows.integration.test.ts(672,5): error TS2304: Cannot find name 'expect'.
scripts/tests/workflows.integration.test.ts(673,5): error TS2304: Cannot find name 'expect'.
scripts/tests/workflows.integration.test.ts(674,5): error TS2304: Cannot find name 'expect'.
scripts/tests/workflows.integration.test.ts(681,3): error TS2582: Cannot find name 'it'. Do you need to install type definitions for a test runner? Try `npm i --save-dev @types/jest` or `npm i --save-dev @types/mocha`.
scripts/tests/workflows.integration.test.ts(743,36): error TS2554: Expected 2 arguments, but got 3.
scripts/tests/workflows.integration.test.ts(747,5): error TS2304: Cannot find name 'expect'.
scripts/tests/workflows.integration.test.ts(748,5): error TS2304: Cannot find name 'expect'.
scripts/tests/workflows.integration.test.ts(751,5): error TS2304: Cannot find name 'expect'.
scripts/tests/workflows.integration.test.ts(754,39): error TS2554: Expected 2 arguments, but got 3.
scripts/tests/workflows.integration.test.ts(760,5): error TS2304: Cannot find name 'expect'.
scripts/tests/workflows.integration.test.ts(767,3): error TS2582: Cannot find name 'it'. Do you need to install type definitions for a test runner? Try `npm i --save-dev @types/jest` or `npm i --save-dev @types/mocha`.
scripts/tests/workflows.integration.test.ts(822,36): error TS2554: Expected 2 arguments, but got 3.
scripts/tests/workflows.integration.test.ts(828,39): error TS2554: Expected 2 arguments, but got 3.
scripts/tests/workflows.integration.test.ts(848,39): error TS2554: Expected 2 arguments, but got 3.
scripts/tests/workflows.integration.test.ts(852,5): error TS2304: Cannot find name 'expect'.
scripts/tests/workflows.integration.test.ts(853,5): error TS2304: Cannot find name 'expect'.
scripts/verify-all.ts(104,43): error TS2552: Cannot find name 'error'. Did you mean '_error'?
scripts/verify-all.ts(104,68): error TS2552: Cannot find name 'error'. Did you mean '_error'?
scripts/verify-all.ts(104,91): error TS2552: Cannot find name 'error'. Did you mean '_error'?
scripts/verify-all.ts(110,14): error TS2552: Cannot find name 'error'. Did you mean '_error'?
scripts/verify-all.ts(110,39): error TS2552: Cannot find name 'error'. Did you mean '_error'?
scripts/verify-all.ts(110,62): error TS2552: Cannot find name 'error'. Did you mean '_error'?
scripts/verify-all.ts(176,19): error TS2345: Argument of type 'unknown' is not assignable to parameter of type 'VerificationResult'.
scripts/verify-all.ts(182,43): error TS2345: Argument of type 'unknown[]' is not assignable to parameter of type 'VerificationResult[]'.
  Type 'unknown' is not assignable to type 'VerificationResult'.
scripts/verify-bmc-seed.ts(43,32): error TS2304: Cannot find name 'hasCurrency'.
scripts/verify-bmc-seed.ts(43,47): error TS2304: Cannot find name 'hasFormat'.
scripts/verify-bmc-seed.ts(56,18): error TS2538: Type '{}' cannot be used as an index type.
scripts/verify-bmc-seed.ts(56,42): error TS2538: Type '{}' cannot be used as an index type.
scripts/verify-bmc-seed.ts(80,42): error TS18046: 'n' is of type 'unknown'.
scripts/verify-bmc-seed.ts(94,31): error TS18046: 'n' is of type 'unknown'.
scripts/verify-checkpoint-14.ts(94,46): error TS2304: Cannot find name 'error'.
scripts/verify-checkpoint-14.ts(140,44): error TS2304: Cannot find name 'error'.
scripts/verify-complete-system.ts(183,14): error TS18046: 'error' is of type 'unknown'.
scripts/verify-complete-system.ts(222,14): error TS18046: 'error' is of type 'unknown'.
scripts/verify-complete-system.ts(273,14): error TS18046: 'error' is of type 'unknown'.
scripts/verify-complete-system.ts(332,14): error TS18046: 'error' is of type 'unknown'.
scripts/verify-complete-system.ts(389,14): error TS18046: 'error' is of type 'unknown'.
scripts/verify-complete-system.ts(449,14): error TS18046: 'error' is of type 'unknown'.
scripts/verify-complete-system.ts(477,14): error TS18046: 'error' is of type 'unknown'.
scripts/verify-demo-endpoints.ts(69,53): error TS2304: Cannot find name '_error'.
scripts/verify-demo-endpoints.ts(93,61): error TS2304: Cannot find name '_error'.
scripts/verify-demo-endpoints.ts(113,62): error TS2304: Cannot find name '_error'.
scripts/verify-demo-scheduling-workflow.ts(159,21): error TS2339: Property 'data' does not exist on type '{}'.
scripts/verify-demo-scheduling-workflow.ts(161,71): error TS2339: Property 'data' does not exist on type '{}'.
scripts/verify-demo-scheduling-workflow.ts(162,21): error TS2339: Property 'data' does not exist on type '{}'.
scripts/verify-demo-scheduling-workflow.ts(164,76): error TS2339: Property 'data' does not exist on type '{}'.
scripts/verify-demo-scheduling-workflow.ts(224,24): error TS2339: Property 'data' does not exist on type '{}'.
scripts/verify-demo-scheduling-workflow.ts(235,19): error TS2339: Property 'data' does not exist on type '{}'.
scripts/verify-demo-scheduling-workflow.ts(246,19): error TS2339: Property 'data' does not exist on type '{}'.
scripts/verify-demo-scheduling-workflow.ts(246,65): error TS2339: Property 'data' does not exist on type '{}'.
scripts/verify-demo-script.ts(12,3): error TS2305: Module '"../src/lib/demo/demo-script"' has no exported member 'validateDemoScript'.
scripts/verify-drill-down-indicator.ts(50,5): error TS2769: No overload matches this call.
  Overload 1 of 2, '(predicate: (value: unknown, index: number, array: unknown[]) => value is unknown, thisArg?: any): unknown[]', gave the following error.
    Argument of type '(node: StitchNode) => boolean' is not assignable to parameter of type '(value: unknown, index: number, array: unknown[]) => value is unknown'.
      Types of parameters 'node' and 'value' are incompatible.
        Type 'unknown' is not assignable to type 'StitchNode'.
  Overload 2 of 2, '(predicate: (value: unknown, index: number, array: unknown[]) => unknown, thisArg?: any): unknown[]', gave the following error.
    Argument of type '(node: StitchNode) => boolean' is not assignable to parameter of type '(value: unknown, index: number, array: unknown[]) => unknown'.
      Types of parameters 'node' and 'value' are incompatible.
        Type 'unknown' is not assignable to type 'StitchNode'.
scripts/verify-drill-down-indicator.ts(57,5): error TS2769: No overload matches this call.
  Overload 1 of 2, '(predicate: (value: unknown, index: number, array: unknown[]) => value is unknown, thisArg?: any): unknown[]', gave the following error.
    Argument of type '(node: StitchNode) => string | undefined' is not assignable to parameter of type '(value: unknown, index: number, array: unknown[]) => value is unknown'.
      Types of parameters 'node' and 'value' are incompatible.
        Type 'unknown' is not assignable to type 'StitchNode'.
  Overload 2 of 2, '(predicate: (value: unknown, index: number, array: unknown[]) => unknown, thisArg?: any): unknown[]', gave the following error.
    Argument of type '(node: StitchNode) => string | undefined' is not assignable to parameter of type '(value: unknown, index: number, array: unknown[]) => unknown'.
      Types of parameters 'node' and 'value' are incompatible.
        Type 'unknown' is not assignable to type 'StitchNode'.
scripts/verify-drill-down-indicator.ts(61,5): error TS2769: No overload matches this call.
  Overload 1 of 2, '(predicate: (value: unknown, index: number, array: unknown[]) => value is unknown, thisArg?: any): unknown[]', gave the following error.
    Argument of type '(node: StitchNode) => boolean' is not assignable to parameter of type '(value: unknown, index: number, array: unknown[]) => value is unknown'.
      Types of parameters 'node' and 'value' are incompatible.
        Type 'unknown' is not assignable to type 'StitchNode'.
  Overload 2 of 2, '(predicate: (value: unknown, index: number, array: unknown[]) => unknown, thisArg?: any): unknown[]', gave the following error.
    Argument of type '(node: StitchNode) => boolean' is not assignable to parameter of type '(value: unknown, index: number, array: unknown[]) => unknown'.
      Types of parameters 'node' and 'value' are incompatible.
        Type 'unknown' is not assignable to type 'StitchNode'.
scripts/verify-drill-down-indicator.ts(65,26): error TS2345: Argument of type '(node: StitchNode) => void' is not assignable to parameter of type '(value: unknown, index: number, array: unknown[]) => void'.
  Types of parameters 'node' and 'value' are incompatible.
    Type 'unknown' is not assignable to type 'StitchNode'.
scripts/verify-drill-down-indicator.ts(71,29): error TS2345: Argument of type '(node: StitchNode) => void' is not assignable to parameter of type '(value: unknown, index: number, array: unknown[]) => void'.
  Types of parameters 'node' and 'value' are incompatible.
    Type 'unknown' is not assignable to type 'StitchNode'.
scripts/verify-drill-down-navigation.ts(181,45): error TS2304: Cannot find name 'error'.
scripts/verify-entities.ts(62,23): error TS7053: Element implicitly has an 'any' type because expression of type 'any' can't be used to index type '{ lead: string; customer: string; churned: string; }'.
scripts/verify-entities.ts(66,7): error TS18046: 'entity' is of type 'unknown'.
scripts/verify-entities.ts(68,33): error TS18046: 'entity' is of type 'unknown'.
scripts/verify-entities.ts(69,29): error TS18046: 'entity' is of type 'unknown'.
scripts/verify-entities.ts(70,30): error TS18046: 'entity' is of type 'unknown'.
scripts/verify-entities.ts(71,37): error TS18046: 'entity' is of type 'unknown'.
scripts/verify-entities.ts(72,37): error TS18046: 'entity' is of type 'unknown'.
scripts/verify-entities.ts(73,9): error TS18046: 'entity' is of type 'unknown'.
scripts/verify-entities.ts(74,41): error TS18046: 'entity' is of type 'unknown'.
scripts/verify-entities.ts(76,39): error TS18046: 'entity' is of type 'unknown'.
scripts/verify-entities.ts(98,9): error TS18046: 'entity' is of type 'unknown'.
scripts/verify-entities.ts(98,48): error TS18046: 'entity' is of type 'unknown'.
scripts/verify-entities.ts(99,24): error TS18046: 'entity' is of type 'unknown'.
scripts/verify-entities.ts(99,57): error TS18046: 'entity' is of type 'unknown'.
scripts/verify-entities.ts(101,16): error TS18046: 'entity' is of type 'unknown'.
scripts/verify-entities.ts(102,24): error TS18046: 'entity' is of type 'unknown'.
scripts/verify-entities.ts(102,59): error TS18046: 'entity' is of type 'unknown'.
scripts/verify-entities.ts(103,16): error TS18046: 'entity' is of type 'unknown'.
scripts/verify-entities.ts(104,24): error TS18046: 'entity' is of type 'unknown'.
scripts/verify-entities.ts(104,59): error TS18046: 'entity' is of type 'unknown'.
scripts/verify-entities.ts(106,26): error TS18046: 'entity' is of type 'unknown'.
scripts/verify-entities.ts(123,43): error TS2304: Cannot find name '_error'.
scripts/verify-financial-display.ts(63,5): error TS2367: This comparison appears to be unintentional because the types 'NodeType' and '"financial-item"' have no overlap.
scripts/verify-financial-display.ts(80,22): error TS2304: Cannot find name 'data'.
scripts/verify-financial-display.ts(81,26): error TS2304: Cannot find name 'data'.
scripts/verify-financial-display.ts(82,24): error TS2304: Cannot find name 'data'.
scripts/verify-financial-display.ts(85,31): error TS2304: Cannot find name 'data'.
scripts/verify-financial-display.ts(90,41): error TS2304: Cannot find name 'data'.
scripts/verify-financial-display.ts(91,52): error TS2304: Cannot find name 'data'.
scripts/verify-financial-display.ts(91,65): error TS2304: Cannot find name 'data'.
scripts/verify-financial-display.ts(92,36): error TS2304: Cannot find name 'data'.
scripts/verify-financial-display.ts(93,34): error TS2304: Cannot find name 'data'.
scripts/verify-financial-display.ts(130,71): error TS2367: This comparison appears to be unintentional because the types 'NodeType' and '"financial-item"' have no overlap.
scripts/verify-financial-display.ts(131,63): error TS2367: This comparison appears to be unintentional because the types 'NodeType' and '"financial-item"' have no overlap.
scripts/verify-financial-display.ts(164,54): error TS2304: Cannot find name '_error'.
scripts/verify-lead-capture-workflow.ts(340,47): error TS2304: Cannot find name 'error'.
scripts/verify-mermaid-diagrams.ts(210,46): error TS2304: Cannot find name 'error'.
scripts/verify-mermaid-diagrams.ts(210,71): error TS2304: Cannot find name 'error'.
scripts/verify-mermaid-diagrams.ts(210,94): error TS2304: Cannot find name 'error'.
scripts/verify-parallel-edge-execution.ts(83,39): error TS2304: Cannot find name 'startTime'.
scripts/verify-parallel-edge-execution.ts(185,39): error TS2304: Cannot find name 'startTime'.
scripts/verify-parallel-edge-execution.ts(250,45): error TS2304: Cannot find name 'error'.
scripts/verify-production-workflows.ts(200,47): error TS2304: Cannot find name 'error'.
scripts/verify-support-handler-workflow.ts(240,45): error TS2304: Cannot find name 'error'.
scripts/verify-trial-activation-workflow.ts(138,18): error TS18046: 'graph' is of type 'unknown'.
scripts/verify-trial-activation-workflow.ts(184,18): error TS18046: 'graph' is of type 'unknown'.
scripts/verify-trial-activation-workflow.ts(212,25): error TS18046: 'graph' is of type 'unknown'.
scripts/verify-trial-activation-workflow.ts(230,26): error TS18046: 'graph' is of type 'unknown'.
scripts/verify-trial-activation-workflow.ts(247,23): error TS18046: 'graph' is of type 'unknown'.
scripts/verify-workflow-integration.ts(141,45): error TS2304: Cannot find name 'error'.
src/app/test-canvas/page.tsx(98,41): error TS2322: Type '{ flow: StitchFlow; run: StitchRun; }' is not assignable to type 'IntrinsicAttributes & WorkflowCanvasProps'.
  Property 'run' does not exist on type 'IntrinsicAttributes & WorkflowCanvasProps'.
src/lib/entities/__tests__/position-manual-test.ts(40,5): error TS2561: Object literal may only specify known properties, but 'parentNode' does not exist in type 'Node'. Did you mean to write 'parentId'?
src/lib/entities/__tests__/position-manual-test.ts(65,5): error TS2561: Object literal may only specify known properties, but 'parentNode' does not exist in type 'Node'. Did you mean to write 'parentId'?
src/lib/entities/__tests__/position-manual-test.ts(72,5): error TS2561: Object literal may only specify known properties, but 'parentNode' does not exist in type 'Node'. Did you mean to write 'parentId'?
src/lib/seeds/default-bmc.ts(202,25): error TS2571: Object is of type 'unknown'.
src/lib/seeds/default-bmc.ts(213,16): error TS2571: Object is of type 'unknown'.
src/lib/seeds/default-bmc.ts(214,19): error TS2571: Object is of type 'unknown'.
src/lib/seeds/default-bmc.ts(215,17): error TS2571: Object is of type 'unknown'.
src/lib/seeds/workflows/analytics-update.ts(74,16): error TS2571: Object is of type 'unknown'.
src/lib/seeds/workflows/analytics-update.ts(126,61): error TS18046: 'n' is of type 'unknown'.
src/lib/seeds/workflows/crm-sync.ts(112,16): error TS2571: Object is of type 'unknown'.
src/lib/seeds/workflows/crm-sync.ts(164,61): error TS18046: 'n' is of type 'unknown'.
src/lib/seeds/workflows/demo-scheduling.ts(118,16): error TS2571: Object is of type 'unknown'.
src/lib/seeds/workflows/demo-scheduling.ts(170,61): error TS18046: 'n' is of type 'unknown'.
src/lib/seeds/workflows/lead-capture.ts(129,16): error TS2571: Object is of type 'unknown'.
src/lib/seeds/workflows/lead-capture.ts(181,61): error TS18046: 'n' is of type 'unknown'.
src/lib/seeds/workflows/slack-notify.ts(105,16): error TS2571: Object is of type 'unknown'.
src/lib/seeds/workflows/slack-notify.ts(157,61): error TS18046: 'n' is of type 'unknown'.
src/lib/seeds/workflows/stripe-sync.ts(98,16): error TS2571: Object is of type 'unknown'.
src/lib/seeds/workflows/stripe-sync.ts(150,61): error TS18046: 'n' is of type 'unknown'.
src/lib/seeds/workflows/support-handler.ts(125,16): error TS2571: Object is of type 'unknown'.
src/lib/seeds/workflows/support-handler.ts(177,61): error TS18046: 'n' is of type 'unknown'.
src/lib/seeds/workflows/trial-activation.ts(132,16): error TS2571: Object is of type 'unknown'.
src/lib/seeds/workflows/trial-activation.ts(184,61): error TS18046: 'n' is of type 'unknown'.
src/lib/verification/checks.ts(199,38): error TS2345: Argument of type 'unknown' is not assignable to parameter of type '"bmc" | "workflow" | "detail"'.
src/lib/verification/checks.ts(321,38): error TS2551: Property 'parentNode' does not exist on type 'StitchNode'. Did you mean 'parentId'?
src/lib/verification/checks.ts(334,16): error TS2551: Property 'parentNode' does not exist on type 'StitchNode'. Did you mean 'parentId'?
src/lib/verification/checks.ts(334,48): error TS2551: Property 'parentNode' does not exist on type 'StitchNode'. Did you mean 'parentId'?
src/lib/verification/checks.ts(337,68): error TS2551: Property 'parentNode' does not exist on type 'StitchNode'. Did you mean 'parentId'?
src/lib/verification/checks.ts(341,30): error TS2551: Property 'parentNode' does not exist on type 'StitchNode'. Did you mean 'parentId'?
src/lib/verification/checks.ts(457,41): error TS2345: Argument of type 'unknown' is not assignable to parameter of type 'string'.
src/lib/verification/checks.ts(466,15): error TS2769: No overload matches this call.
  Overload 1 of 2, '(relation: string): PostgrestQueryBuilder<any, any, any, string, unknown>', gave the following error.
    Argument of type 'unknown' is not assignable to parameter of type 'string'.
  Overload 2 of 2, '(relation: string): PostgrestQueryBuilder<any, any, any, string, unknown>', gave the following error.
    Argument of type 'unknown' is not assignable to parameter of type 'string'.
src/lib/verification/checks.ts(678,17): error TS2769: No overload matches this call.
  Overload 1 of 2, '(relation: string): PostgrestQueryBuilder<any, any, any, string, unknown>', gave the following error.
    Argument of type 'unknown' is not assignable to parameter of type 'string'.
  Overload 2 of 2, '(relation: string): PostgrestQueryBuilder<any, any, any, string, unknown>', gave the following error.
    Argument of type 'unknown' is not assignable to parameter of type 'string'.
src/lib/verification/checks.ts(687,19): error TS2769: No overload matches this call.
  Overload 1 of 2, '(relation: string): PostgrestQueryBuilder<any, any, any, string, unknown>', gave the following error.
    Argument of type 'unknown' is not assignable to parameter of type 'string'.
  Overload 2 of 2, '(relation: string): PostgrestQueryBuilder<any, any, any, string, unknown>', gave the following error.
    Argument of type 'unknown' is not assignable to parameter of type 'string'.
src/lib/verification/checks.ts(706,19): error TS2769: No overload matches this call.
  Overload 1 of 2, '(relation: string): PostgrestQueryBuilder<any, any, any, string, unknown>', gave the following error.
    Argument of type 'unknown' is not assignable to parameter of type 'string'.
  Overload 2 of 2, '(relation: string): PostgrestQueryBuilder<any, any, any, string, unknown>', gave the following error.
    Argument of type 'unknown' is not assignable to parameter of type 'string'.
